Java HotSpot(TM) 64-Bit Server VM (25.111-b14) for windows-amd64 JRE (1.8.0_111-b14), built on Sep 22 2016 19:24:05 by "java_re" with MS VC++ 10.0 (VS2010)
Memory: 4k page, physical 16642228k(9220620k free), swap 20705460k(9769332k free)
CommandLine flags: -XX:InitialHeapSize=536870912 -XX:InitialTenuringThreshold=1 -XX:MaxHeapSize=536870912 -XX:MaxNewSize=1048576 -XX:MaxTenuringThreshold=1 -XX:NewSize=1048576 -XX:PretenureSizeThreshold=50 -XX:+PrintGC -XX:+PrintGCDetails -XX:+PrintGCTimeStamps -XX:+UseCompressedClassPointers -XX:+UseCompressedOops -XX:-UseLargePagesIndividualAllocation -XX:+UseSerialGC 
0.089: [GC (Allocation Failure) 0.089: [DefNew: 896K->63K(960K), 0.0011627 secs] 1199K->766K(524224K), 0.0012707 secs] [Times: user=0.02 sys=0.00, real=0.00 secs] 
0.110: [GC (Allocation Failure) 0.111: [DefNew: 959K->64K(960K), 0.0010532 secs] 1898K->1447K(524224K), 0.0010996 secs] [Times: user=0.00 sys=0.00, real=0.00 secs] 
0.115: [GC (Allocation Failure) 0.115: [DefNew: 960K->63K(960K), 0.0006419 secs] 2378K->1911K(524224K), 0.0006841 secs] [Times: user=0.00 sys=0.00, real=0.00 secs] 
0.118: [GC (Allocation Failure) 0.118: [DefNew: 959K->64K(960K), 0.0004406 secs] 2904K->2322K(524224K), 0.0004721 secs] [Times: user=0.00 sys=0.00, real=0.00 secs] 
0.122: [GC (Allocation Failure) 0.122: [DefNew: 960K->63K(960K), 0.0004730 secs] 3291K->2712K(524224K), 0.0005078 secs] [Times: user=0.00 sys=0.00, real=0.00 secs] 
0.127: [GC (Allocation Failure) 0.127: [DefNew: 959K->64K(960K), 0.0012128 secs] 3651K->3342K(524224K), 0.0012860 secs] [Times: user=0.00 sys=0.00, real=0.00 secs] 
0.130: [GC (Allocation Failure) 0.130: [DefNew: 960K->63K(960K), 0.0006511 secs] 4258K->3803K(524224K), 0.0006906 secs] [Times: user=0.00 sys=0.00, real=0.00 secs] 
0.134: [GC (Allocation Failure) 0.134: [DefNew: 959K->64K(960K), 0.0005347 secs] 4725K->4118K(524224K), 0.0005732 secs] [Times: user=0.00 sys=0.00, real=0.00 secs] 
0.138: [GC (Allocation Failure) 0.138: [DefNew: 960K->63K(960K), 0.0004406 secs] 5023K->4387K(524224K), 0.0004712 secs] [Times: user=0.00 sys=0.00, real=0.00 secs] 
0.140: [GC (Allocation Failure) 0.140: [DefNew: 959K->63K(960K), 0.0006363 secs] 5290K->4658K(524224K), 0.0006989 secs] [Times: user=0.00 sys=0.00, real=0.00 secs] 
0.145: [GC (Allocation Failure) 0.145: [DefNew: 959K->64K(960K), 0.0006530 secs] 5620K->4981K(524224K), 0.0006966 secs] [Times: user=0.00 sys=0.00, real=0.00 secs] 
0.147: [GC (Allocation Failure) 0.147: [DefNew: 960K->63K(960K), 0.0014103 secs] 5887K->5317K(524224K), 0.0015337 secs] [Times: user=0.00 sys=0.00, real=0.00 secs] 
0.152: [GC (Allocation Failure) 0.152: [DefNew: 959K->63K(960K), 0.0004990 secs] 6224K->5592K(524224K), 0.0005278 secs] [Times: user=0.00 sys=0.00, real=0.00 secs] 
0.156: [GC (Allocation Failure) 0.156: [DefNew: 959K->63K(960K), 0.0004907 secs] 6509K->5862K(524224K), 0.0005241 secs] [Times: user=0.00 sys=0.00, real=0.00 secs] 
0.158: [GC (Allocation Failure) 0.158: [DefNew: 959K->63K(960K), 0.0005588 secs] 6783K->6141K(524224K), 0.0005936 secs] [Times: user=0.00 sys=0.00, real=0.00 secs] 
0.162: [GC (Allocation Failure) 0.162: [DefNew: 959K->64K(960K), 0.0005514 secs] 7061K->6440K(524224K), 0.0005918 secs] [Times: user=0.00 sys=0.00, real=0.00 secs] 
0.164: [GC (Allocation Failure) 0.164: [DefNew: 960K->63K(960K), 0.0006813 secs] 7353K->6755K(524224K), 0.0007328 secs] [Times: user=0.00 sys=0.00, real=0.00 secs] 
0.168: [GC (Allocation Failure) 0.168: [DefNew: 959K->63K(960K), 0.0005936 secs] 7677K->7072K(524224K), 0.0006266 secs] [Times: user=0.00 sys=0.00, real=0.00 secs] 
0.172: [GC (Allocation Failure) 0.172: [DefNew: 959K->63K(960K), 0.0015666 secs] 7988K->7534K(524224K), 0.0016649 secs] [Times: user=0.00 sys=0.00, real=0.00 secs] 
0.176: [GC (Allocation Failure) 0.176: [DefNew: 959K->63K(960K), 0.0007406 secs] 8455K->7944K(524224K), 0.0007805 secs] [Times: user=0.00 sys=0.00, real=0.00 secs] 
0.181: [GC (Allocation Failure) 0.181: [DefNew: 959K->63K(960K), 0.0007912 secs] 8865K->8282K(524224K), 0.0008487 secs] [Times: user=0.00 sys=0.00, real=0.00 secs] 
0.185: [GC (Allocation Failure) 0.185: [DefNew: 959K->63K(960K), 0.0006933 secs] 9342K->8703K(524224K), 0.0007253 secs] [Times: user=0.00 sys=0.00, real=0.00 secs] 
0.190: [GC (Allocation Failure) 0.190: [DefNew: 959K->64K(960K), 0.0014919 secs] 9605K->9167K(524224K), 0.0015708 secs] [Times: user=0.00 sys=0.00, real=0.00 secs] 
0.195: [GC (Allocation Failure) 0.195: [DefNew: 960K->64K(960K), 0.0009874 secs] 10068K->9788K(524224K), 0.0010286 secs] [Times: user=0.00 sys=0.00, real=0.00 secs] 
0.198: [GC (Allocation Failure) 0.198: [DefNew: 960K->63K(960K), 0.0007991 secs] 10699K->10157K(524224K), 0.0008376 secs] [Times: user=0.00 sys=0.00, real=0.00 secs] 
0.203: [GC (Allocation Failure) 0.203: [DefNew: 959K->64K(960K), 0.0007170 secs] 11065K->10586K(524224K), 0.0007564 secs] [Times: user=0.00 sys=0.00, real=0.00 secs] 
0.205: [GC (Allocation Failure) 0.205: [DefNew: 960K->63K(960K), 0.0005969 secs] 11517K->10878K(524224K), 0.0006256 secs] [Times: user=0.00 sys=0.00, real=0.00 secs] 
0.209: [GC (Allocation Failure) 0.209: [DefNew: 959K->64K(960K), 0.0007045 secs] 11804K->11231K(524224K), 0.0007513 secs] [Times: user=0.00 sys=0.00, real=0.00 secs] 
0.214: [GC (Allocation Failure) 0.214: [DefNew: 960K->63K(960K), 0.0012415 secs] 12131K->11746K(524224K), 0.0013217 secs] [Times: user=0.01 sys=0.00, real=0.00 secs] 
0.217: [GC (Allocation Failure) 0.217: [DefNew: 959K->63K(960K), 0.0008051 secs] 12662K->12144K(524224K), 0.0008487 secs] [Times: user=0.00 sys=0.00, real=0.00 secs] 
0.222: [GC (Allocation Failure) 0.222: [DefNew: 959K->63K(960K), 0.0006906 secs] 13066K->12474K(524224K), 0.0007258 secs] [Times: user=0.00 sys=0.00, real=0.00 secs] 
0.225: [GC (Allocation Failure) 0.225: [DefNew: 959K->63K(960K), 0.0008524 secs] 13390K->12796K(524224K), 0.0009016 secs] [Times: user=0.00 sys=0.00, real=0.00 secs] 
0.229: [GC (Allocation Failure) 0.229: [DefNew: 959K->63K(960K), 0.0006817 secs] 13716K->13109K(524224K), 0.0007267 secs] [Times: user=0.00 sys=0.00, real=0.00 secs] 
0.234: [GC (Allocation Failure) 0.234: [DefNew: 959K->63K(960K), 0.0009053 secs] 14025K->13445K(524224K), 0.0009772 secs] [Times: user=0.00 sys=0.00, real=0.00 secs] 
0.237: [GC (Allocation Failure) 0.237: [DefNew: 959K->63K(960K), 0.0013088 secs] 14366K->13972K(524224K), 0.0013700 secs] [Times: user=0.00 sys=0.00, real=0.00 secs] 
0.242: [GC (Allocation Failure) 0.242: [DefNew: 959K->63K(960K), 0.0010759 secs] 14876K->14498K(524224K), 0.0011232 secs] [Times: user=0.00 sys=0.00, real=0.00 secs] 
0.244: [GC (Allocation Failure) 0.244: [DefNew: 959K->63K(960K), 0.0010551 secs] 15409K->14934K(524224K), 0.0011001 secs] [Times: user=0.00 sys=0.00, real=0.00 secs] 
0.248: [GC (Allocation Failure) 0.248: [DefNew: 959K->63K(960K), 0.0010323 secs] 15849K->15334K(524224K), 0.0010838 secs] [Times: user=0.00 sys=0.00, real=0.00 secs] 
0.254: [GC (Allocation Failure) 0.254: [DefNew: 959K->63K(960K), 0.0010119 secs] 16506K->15912K(524224K), 0.0010625 secs] [Times: user=0.00 sys=0.00, real=0.00 secs] 
0.257: [GC (Allocation Failure) 0.257: [DefNew: 959K->63K(960K), 0.0006938 secs] 16808K->16089K(524224K), 0.0007281 secs] [Times: user=0.00 sys=0.00, real=0.00 secs] 
0.261: [GC (Allocation Failure) 0.261: [DefNew: 959K->63K(960K), 0.0012211 secs] 16986K->16412K(524224K), 0.0012786 secs] [Times: user=0.02 sys=0.00, real=0.00 secs] 
0.263: [GC (Allocation Failure) 0.263: [DefNew: 959K->64K(960K), 0.0008144 secs] 17308K->16596K(524224K), 0.0008561 secs] [Times: user=0.00 sys=0.00, real=0.00 secs] 
0.268: [GC (Allocation Failure) 0.268: [DefNew: 960K->63K(960K), 0.0006933 secs] 17493K->16863K(524224K), 0.0007314 secs] [Times: user=0.00 sys=0.00, real=0.00 secs] 
0.271: [GC (Allocation Failure) 0.271: [DefNew: 959K->63K(960K), 0.0005584 secs] 17759K->17027K(524224K), 0.0005871 secs] [Times: user=0.00 sys=0.00, real=0.00 secs] 
0.275: [GC (Allocation Failure) 0.275: [DefNew: 959K->63K(960K), 0.0008264 secs] 17924K->17229K(524224K), 0.0008798 secs] [Times: user=0.00 sys=0.00, real=0.00 secs] 
0.280: [GC (Allocation Failure) 0.280: [DefNew: 959K->64K(960K), 0.0008826 secs] 18126K->17449K(524224K), 0.0009424 secs] [Times: user=0.00 sys=0.00, real=0.00 secs] 
0.283: [GC (Allocation Failure) 0.283: [DefNew: 960K->63K(960K), 0.0007573 secs] 18345K->17721K(524224K), 0.0008005 secs] [Times: user=0.00 sys=0.00, real=0.00 secs] 
0.287: [GC (Allocation Failure) 0.287: [DefNew: 959K->63K(960K), 0.0005718 secs] 18618K->17911K(524224K), 0.0006029 secs] [Times: user=0.00 sys=0.00, real=0.00 secs] 
0.289: [GC (Allocation Failure) 0.289: [DefNew: 959K->63K(960K), 0.0004471 secs] 18808K->18062K(524224K), 0.0004730 secs] [Times: user=0.00 sys=0.00, real=0.00 secs] 
0.292: [GC (Allocation Failure) 0.292: [DefNew: 959K->63K(960K), 0.0005723 secs] 18958K->18221K(524224K), 0.0006126 secs] [Times: user=0.00 sys=0.00, real=0.00 secs] 
0.294: [GC (Allocation Failure) 0.294: [DefNew: 959K->63K(960K), 0.0008677 secs] 19118K->18452K(524224K), 0.0009164 secs] [Times: user=0.00 sys=0.00, real=0.00 secs] 
0.298: [GC (Allocation Failure) 0.298: [DefNew: 959K->63K(960K), 0.0007253 secs] 19349K->18670K(524224K), 0.0007763 secs] [Times: user=0.00 sys=0.00, real=0.00 secs] 
0.301: [GC (Allocation Failure) 0.301: [DefNew: 959K->64K(960K), 0.0005876 secs] 19567K->18862K(524224K), 0.0006266 secs] [Times: user=0.00 sys=0.00, real=0.00 secs] 
0.305: [GC (Allocation Failure) 0.305: [DefNew: 960K->63K(960K), 0.0007810 secs] 19759K->19247K(524224K), 0.0008199 secs] [Times: user=0.00 sys=0.00, real=0.00 secs] 
0.309: [GC (Allocation Failure) 0.309: [DefNew: 959K->63K(960K), 0.0012638 secs] 20144K->19460K(524224K), 0.0013176 secs] [Times: user=0.00 sys=0.00, real=0.00 secs] 
0.312: [GC (Allocation Failure) 0.312: [DefNew: 959K->63K(960K), 0.0006646 secs] 20356K->19640K(524224K), 0.0007123 secs] [Times: user=0.00 sys=0.00, real=0.00 secs] 
0.315: [GC (Allocation Failure) 0.315: [DefNew: 959K->63K(960K), 0.0005955 secs] 20536K->19832K(524224K), 0.0006293 secs] [Times: user=0.00 sys=0.00, real=0.00 secs] 
0.317: [GC (Allocation Failure) 0.317: [DefNew: 959K->63K(960K), 0.0004879 secs] 20728K->19989K(524224K), 0.0005134 secs] [Times: user=0.00 sys=0.00, real=0.00 secs] 
0.321: [GC (Allocation Failure) 0.321: [DefNew: 959K->64K(960K), 0.0005361 secs] 20887K->20159K(524224K), 0.0005667 secs] [Times: user=0.00 sys=0.00, real=0.00 secs] 
0.323: [GC (Allocation Failure) 0.323: [DefNew: 960K->63K(960K), 0.0005083 secs] 21056K->20320K(524224K), 0.0005366 secs] [Times: user=0.00 sys=0.00, real=0.00 secs] 
0.327: [GC (Allocation Failure) 0.327: [DefNew: 959K->63K(960K), 0.0010968 secs] 21216K->20667K(524224K), 0.0011566 secs] [Times: user=0.00 sys=0.00, real=0.00 secs] 
0.331: [GC (Allocation Failure) 0.332: [DefNew: 959K->64K(960K), 0.0007156 secs] 21565K->20875K(524224K), 0.0007559 secs] [Times: user=0.00 sys=0.00, real=0.00 secs] 
0.334: [GC (Allocation Failure) 0.334: [DefNew: 960K->64K(960K), 0.0006446 secs] 21771K->21108K(524224K), 0.0006725 secs] [Times: user=0.00 sys=0.00, real=0.00 secs] 
0.337: [GC (Allocation Failure) 0.337: [DefNew: 960K->64K(960K), 0.0005941 secs] 22006K->21294K(524224K), 0.0006298 secs] [Times: user=0.00 sys=0.00, real=0.00 secs] 
0.339: [GC (Allocation Failure) 0.340: [DefNew: 960K->63K(960K), 0.0005667 secs] 22191K->21456K(524224K), 0.0005987 secs] [Times: user=0.00 sys=0.00, real=0.00 secs] 
0.343: [GC (Allocation Failure) 0.343: [DefNew: 959K->63K(960K), 0.0006001 secs] 22352K->21659K(524224K), 0.0006409 secs] [Times: user=0.00 sys=0.00, real=0.00 secs] 
0.346: [GC (Allocation Failure) 0.346: [DefNew: 959K->64K(960K), 0.0005973 secs] 22556K->21877K(524224K), 0.0006293 secs] [Times: user=0.00 sys=0.00, real=0.00 secs] 
0.349: [GC (Allocation Failure) 0.350: [DefNew: 960K->64K(960K), 0.0009210 secs] 22774K->22247K(524224K), 0.0009656 secs] [Times: user=0.00 sys=0.00, real=0.00 secs] 
0.352: [GC (Allocation Failure) 0.352: [DefNew: 960K->64K(960K), 0.0006697 secs] 23145K->22427K(524224K), 0.0007068 secs] [Times: user=0.00 sys=0.00, real=0.00 secs] 
0.355: [GC (Allocation Failure) 0.355: [DefNew: 960K->63K(960K), 0.0006275 secs] 23332K->22671K(524224K), 0.0006599 secs] [Times: user=0.00 sys=0.00, real=0.00 secs] 
0.358: [GC (Allocation Failure) 0.358: [DefNew: 959K->64K(960K), 0.0006586 secs] 23582K->22893K(524224K), 0.0006980 secs] [Times: user=0.00 sys=0.00, real=0.00 secs] 
0.360: [GC (Allocation Failure) 0.360: [DefNew: 960K->64K(960K), 0.0005978 secs] 23828K->23117K(524224K), 0.0006233 secs] [Times: user=0.00 sys=0.00, real=0.00 secs] 
0.363: [GC (Allocation Failure) 0.363: [DefNew: 960K->63K(960K), 0.0005486 secs] 24071K->23333K(524224K), 0.0005783 secs] [Times: user=0.00 sys=0.00, real=0.00 secs] 
0.367: [GC (Allocation Failure) 0.367: [DefNew: 959K->64K(960K), 0.0005227 secs] 24301K->23539K(524224K), 0.0005500 secs] [Times: user=0.00 sys=0.00, real=0.00 secs] 
0.368: [GC (Allocation Failure) 0.368: [DefNew: 960K->63K(960K), 0.0004939 secs] 24518K->23751K(524224K), 0.0005213 secs] [Times: user=0.00 sys=0.00, real=0.00 secs] 
0.373: [GC (Allocation Failure) 0.373: [DefNew: 959K->63K(960K), 0.0010926 secs] 24699K->24052K(524224K), 0.0011501 secs] [Times: user=0.00 sys=0.00, real=0.00 secs] 
0.377: [GC (Allocation Failure) 0.377: [DefNew: 959K->63K(960K), 0.0007188 secs] 25011K->24296K(524224K), 0.0007569 secs] [Times: user=0.00 sys=0.00, real=0.00 secs] 
0.382: [GC (Allocation Failure) 0.382: [DefNew: 959K->63K(960K), 0.0006126 secs] 25270K->24519K(524224K), 0.0006432 secs] [Times: user=0.00 sys=0.00, real=0.00 secs] 
0.384: [GC (Allocation Failure) 0.384: [DefNew: 959K->63K(960K), 0.0005338 secs] 25496K->24742K(524224K), 0.0005612 secs] [Times: user=0.00 sys=0.00, real=0.00 secs] 
0.388: [GC (Allocation Failure) 0.388: [DefNew: 959K->63K(960K), 0.0005584 secs] 25717K->24959K(524224K), 0.0005871 secs] [Times: user=0.00 sys=0.00, real=0.00 secs] 
0.392: [GC (Allocation Failure) 0.392: [DefNew: 959K->63K(960K), 0.0012044 secs] 25910K->25211K(524224K), 0.0012749 secs] [Times: user=0.00 sys=0.00, real=0.00 secs] 
0.395: [GC (Allocation Failure) 0.395: [DefNew: 959K->63K(960K), 0.0007114 secs] 26170K->25456K(524224K), 0.0007448 secs] [Times: user=0.00 sys=0.00, real=0.00 secs] 
0.400: [GC (Allocation Failure) 0.400: [DefNew: 959K->63K(960K), 0.0005964 secs] 26426K->25682K(524224K), 0.0006275 secs] [Times: user=0.00 sys=0.00, real=0.00 secs] 
0.404: [GC (Allocation Failure) 0.404: [DefNew: 959K->63K(960K), 0.0005106 secs] 26658K->25902K(524224K), 0.0005389 secs] [Times: user=0.00 sys=0.00, real=0.00 secs] 
0.406: [GC (Allocation Failure) 0.406: [DefNew: 959K->63K(960K), 0.0004837 secs] 26879K->26118K(524224K), 0.0005078 secs] [Times: user=0.00 sys=0.00, real=0.00 secs] 
0.410: [GC (Allocation Failure) 0.410: [DefNew: 959K->63K(960K), 0.0005946 secs] 27087K->26342K(524224K), 0.0006293 secs] [Times: user=0.00 sys=0.00, real=0.00 secs] 
0.415: [GC (Allocation Failure) 0.415: [DefNew: 959K->63K(960K), 0.0009498 secs] 27301K->26620K(524224K), 0.0010068 secs] [Times: user=0.00 sys=0.00, real=0.00 secs] 
0.418: [GC (Allocation Failure) 0.418: [DefNew: 959K->64K(960K), 0.0008524 secs] 27560K->26921K(524224K), 0.0008960 secs] [Times: user=0.00 sys=0.00, real=0.00 secs] 
0.421: [GC (Allocation Failure) 0.421: [DefNew: 960K->64K(960K), 0.0006854 secs] 27873K->27171K(524224K), 0.0007170 secs] [Times: user=0.00 sys=0.00, real=0.00 secs] 
0.425: [GC (Allocation Failure) 0.425: [DefNew: 960K->63K(960K), 0.0006516 secs] 28141K->27407K(524224K), 0.0006873 secs] [Times: user=0.00 sys=0.00, real=0.00 secs] 
0.429: [GC (Allocation Failure) 0.429: [DefNew: 959K->63K(960K), 0.0006298 secs] 28377K->27634K(524224K), 0.0006581 secs] [Times: user=0.00 sys=0.00, real=0.00 secs] 
0.431: [GC (Allocation Failure) 0.431: [DefNew: 959K->63K(960K), 0.0005542 secs] 28595K->27872K(524224K), 0.0005811 secs] [Times: user=0.00 sys=0.00, real=0.00 secs] 
0.435: [GC (Allocation Failure) 0.435: [DefNew: 959K->63K(960K), 0.0014363 secs] 28821K->28131K(524224K), 0.0015137 secs] [Times: user=0.00 sys=0.00, real=0.00 secs] 
0.440: [GC (Allocation Failure) 0.440: [DefNew: 959K->63K(960K), 0.0009683 secs] 29047K->28517K(524224K), 0.0010157 secs] [Times: user=0.00 sys=0.00, real=0.00 secs] 
0.442: [GC (Allocation Failure) 0.442: [DefNew: 959K->63K(960K), 0.0007388 secs] 29472K->28769K(524224K), 0.0008079 secs] [Times: user=0.00 sys=0.00, real=0.00 secs] 
0.446: [GC (Allocation Failure) 0.446: [DefNew: 959K->64K(960K), 0.0006660 secs] 29738K->28997K(524224K), 0.0006984 secs] [Times: user=0.00 sys=0.00, real=0.00 secs] 
0.449: [GC (Allocation Failure) 0.449: [DefNew: 960K->64K(960K), 0.0005468 secs] 29967K->29222K(524224K), 0.0005714 secs] [Times: user=0.00 sys=0.00, real=0.00 secs] 
0.451: [GC (Allocation Failure) 0.451: [DefNew: 960K->63K(960K), 0.0005672 secs] 30193K->29445K(524224K), 0.0005950 secs] [Times: user=0.00 sys=0.00, real=0.00 secs] 
0.455: [GC (Allocation Failure) 0.455: [DefNew: 959K->63K(960K), 0.0006511 secs] 30409K->29677K(524224K), 0.0006868 secs] [Times: user=0.00 sys=0.00, real=0.00 secs] 
0.458: [GC (Allocation Failure) 0.458: [DefNew: 959K->64K(960K), 0.0008830 secs] 30628K->29929K(524224K), 0.0009414 secs] [Times: user=0.00 sys=0.00, real=0.00 secs] 
0.460: [GC (Allocation Failure) 0.460: [DefNew: 960K->64K(960K), 0.0009461 secs] 30886K->30175K(524224K), 0.0010031 secs] [Times: user=0.00 sys=0.00, real=0.00 secs] 
0.465: [GC (Allocation Failure) 0.465: [DefNew: 960K->63K(960K), 0.0007360 secs] 31124K->30435K(524224K), 0.0007685 secs] [Times: user=0.00 sys=0.00, real=0.00 secs] 
0.470: [GC (Allocation Failure) 0.470: [DefNew: 959K->63K(960K), 0.0006739 secs] 31403K->30662K(524224K), 0.0007031 secs] [Times: user=0.00 sys=0.00, real=0.00 secs] 
0.475: [GC (Allocation Failure) 0.475: [DefNew: 959K->63K(960K), 0.0014358 secs] 32147K->31397K(524224K), 0.0014850 secs] [Times: user=0.00 sys=0.00, real=0.00 secs] 
0.477: [GC (Allocation Failure) 0.477: [DefNew: 959K->63K(960K), 0.0006122 secs] 32369K->31624K(524224K), 0.0006405 secs] [Times: user=0.00 sys=0.00, real=0.00 secs] 
0.480: [GC (Allocation Failure) 0.480: [DefNew: 959K->64K(960K), 0.0013333 secs] 32575K->31889K(524224K), 0.0013969 secs] [Times: user=0.01 sys=0.00, real=0.00 secs] 
0.484: [GC (Allocation Failure) 0.484: [DefNew: 960K->63K(960K), 0.0008371 secs] 32843K->32143K(524224K), 0.0008877 secs] [Times: user=0.00 sys=0.00, real=0.00 secs] 
0.486: [GC (Allocation Failure) 0.486: [DefNew: 959K->63K(960K), 0.0006525 secs] 33112K->32370K(524224K), 0.0006845 secs] [Times: user=0.00 sys=0.00, real=0.00 secs] 
0.490: [GC (Allocation Failure) 0.490: [DefNew: 959K->63K(960K), 0.0006803 secs] 33340K->32593K(524224K), 0.0007156 secs] [Times: user=0.00 sys=0.00, real=0.00 secs] 
0.493: [GC (Allocation Failure) 0.493: [DefNew: 959K->64K(960K), 0.0006191 secs] 33563K->32822K(524224K), 0.0006521 secs] [Times: user=0.00 sys=0.00, real=0.00 secs] 
0.495: [GC (Allocation Failure) 0.495: [DefNew: 960K->64K(960K), 0.0005491 secs] 33800K->33039K(524224K), 0.0005769 secs] [Times: user=0.00 sys=0.00, real=0.00 secs] 
0.499: [GC (Allocation Failure) 0.499: [DefNew: 960K->63K(960K), 0.0006488 secs] 34006K->33273K(524224K), 0.0006854 secs] [Times: user=0.00 sys=0.00, real=0.00 secs] 
0.503: [GC (Allocation Failure) 0.503: [DefNew: 959K->63K(960K), 0.0008093 secs] 34209K->33575K(524224K), 0.0008552 secs] [Times: user=0.00 sys=0.00, real=0.00 secs] 
0.506: [GC (Allocation Failure) 0.506: [DefNew: 959K->64K(960K), 0.0006688 secs] 34543K->33807K(524224K), 0.0006966 secs] [Times: user=0.00 sys=0.00, real=0.00 secs] 
0.510: [GC (Allocation Failure) 0.510: [DefNew: 960K->64K(960K), 0.0005950 secs] 34777K->34028K(524224K), 0.0006270 secs] [Times: user=0.00 sys=0.00, real=0.00 secs] 
0.514: [GC (Allocation Failure) 0.514: [DefNew: 960K->64K(960K), 0.0005728 secs] 35000K->34247K(524224K), 0.0006024 secs] [Times: user=0.00 sys=0.00, real=0.00 secs] 
0.516: [GC (Allocation Failure) 0.516: [DefNew: 960K->63K(960K), 0.0005774 secs] 35219K->34466K(524224K), 0.0006126 secs] [Times: user=0.00 sys=0.00, real=0.00 secs] 
0.517: [GC (Allocation Failure) 0.517: [DefNew: 959K->63K(960K), 0.0005853 secs] 35426K->34709K(524224K), 0.0006117 secs] [Times: user=0.00 sys=0.00, real=0.00 secs] 
0.521: [GC (Allocation Failure) 0.521: [DefNew: 959K->63K(960K), 0.0006562 secs] 35656K->34969K(524224K), 0.0006827 secs] [Times: user=0.00 sys=0.00, real=0.00 secs] 
0.525: [GC (Allocation Failure) 0.525: [DefNew: 959K->63K(960K), 0.0008682 secs] 35929K->35220K(524224K), 0.0009150 secs] [Times: user=0.00 sys=0.00, real=0.00 secs] 
0.528: [GC (Allocation Failure) 0.528: [DefNew: 959K->63K(960K), 0.0006678 secs] 36183K->35459K(524224K), 0.0006966 secs] [Times: user=0.00 sys=0.00, real=0.00 secs] 
0.533: [GC (Allocation Failure) 0.533: [DefNew: 959K->63K(960K), 0.0005946 secs] 36431K->35687K(524224K), 0.0006261 secs] [Times: user=0.00 sys=0.00, real=0.00 secs] 
0.537: [GC (Allocation Failure) 0.537: [DefNew: 959K->63K(960K), 0.0005324 secs] 36659K->35910K(524224K), 0.0005561 secs] [Times: user=0.00 sys=0.00, real=0.00 secs] 
0.539: [GC (Allocation Failure) 0.539: [DefNew: 959K->64K(960K), 0.0005092 secs] 36887K->36124K(524224K), 0.0005329 secs] [Times: user=0.00 sys=0.00, real=0.00 secs] 
0.543: [GC (Allocation Failure) 0.543: [DefNew: 960K->64K(960K), 0.0005551 secs] 37097K->36342K(524224K), 0.0005816 secs] [Times: user=0.00 sys=0.00, real=0.00 secs] 
0.547: [GC (Allocation Failure) 0.547: [DefNew: 960K->63K(960K), 0.0009368 secs] 37297K->36690K(524224K), 0.0010017 secs] [Times: user=0.00 sys=0.00, real=0.00 secs] 
0.551: [GC (Allocation Failure) 0.551: [DefNew: 959K->63K(960K), 0.0006576 secs] 37663K->36913K(524224K), 0.0006854 secs] [Times: user=0.00 sys=0.00, real=0.00 secs] 
0.554: [GC (Allocation Failure) 0.554: [DefNew: 959K->63K(960K), 0.0005398 secs] 37889K->37127K(524224K), 0.0005663 secs] [Times: user=0.00 sys=0.00, real=0.00 secs] 
0.558: [GC (Allocation Failure) 0.558: [DefNew: 959K->63K(960K), 0.0006252 secs] 38102K->37346K(524224K), 0.0006553 secs] [Times: user=0.00 sys=0.00, real=0.00 secs] 
0.562: [GC (Allocation Failure) 0.562: [DefNew: 959K->63K(960K), 0.0006752 secs] 38315K->37577K(524224K), 0.0007068 secs] [Times: user=0.00 sys=0.00, real=0.00 secs] 
0.565: [GC (Allocation Failure) 0.565: [DefNew: 959K->63K(960K), 0.0006502 secs] 38543K->37806K(524224K), 0.0006780 secs] [Times: user=0.00 sys=0.00, real=0.00 secs] 
0.569: [GC (Allocation Failure) 0.569: [DefNew: 959K->63K(960K), 0.0013751 secs] 38768K->38042K(524224K), 0.0014358 secs] [Times: user=0.00 sys=0.00, real=0.00 secs] 
0.573: [GC (Allocation Failure) 0.573: [DefNew: 959K->63K(960K), 0.0008529 secs] 39002K->38285K(524224K), 0.0013969 secs] [Times: user=0.00 sys=0.00, real=0.00 secs] 
0.576: [GC (Allocation Failure) 0.576: [DefNew: 959K->63K(960K), 0.0007072 secs] 39243K->38532K(524224K), 0.0007379 secs] [Times: user=0.00 sys=0.00, real=0.00 secs] 
0.580: [GC (Allocation Failure) 0.580: [DefNew: 959K->63K(960K), 0.0007193 secs] 39482K->38780K(524224K), 0.0007546 secs] [Times: user=0.00 sys=0.00, real=0.00 secs] 
0.584: [GC (Allocation Failure) 0.584: [DefNew: 959K->63K(960K), 0.0007462 secs] 39742K->39018K(524224K), 0.0007801 secs] [Times: user=0.00 sys=0.00, real=0.00 secs] 
0.589: [GC (Allocation Failure) 0.589: [DefNew: 959K->63K(960K), 0.0006261 secs] 39990K->39238K(524224K), 0.0006599 secs] [Times: user=0.00 sys=0.00, real=0.00 secs] 
0.591: [GC (Allocation Failure) 0.591: [DefNew: 959K->64K(960K), 0.0013839 secs] 40185K->39541K(524224K), 0.0014590 secs] [Times: user=0.00 sys=0.00, real=0.00 secs] 
0.597: [GC (Allocation Failure) 0.597: [DefNew: 960K->63K(960K), 0.0007532 secs] 40497K->39795K(524224K), 0.0007944 secs] [Times: user=0.00 sys=0.00, real=0.00 secs] 
0.602: [GC (Allocation Failure) 0.602: [DefNew: 959K->63K(960K), 0.0007420 secs] 40756K->40027K(524224K), 0.0007759 secs] [Times: user=0.00 sys=0.00, real=0.00 secs] 
0.605: [GC (Allocation Failure) 0.605: [DefNew: 959K->64K(960K), 0.0006419 secs] 40995K->40250K(524224K), 0.0006715 secs] [Times: user=0.00 sys=0.00, real=0.00 secs] 
0.609: [GC (Allocation Failure) 0.609: [DefNew: 960K->63K(960K), 0.0006943 secs] 41210K->40496K(524224K), 0.0007277 secs] [Times: user=0.00 sys=0.00, real=0.00 secs] 
0.613: [GC (Allocation Failure) 0.613: [DefNew: 959K->63K(960K), 0.0011835 secs] 41436K->40788K(524224K), 0.0012540 secs] [Times: user=0.00 sys=0.00, real=0.00 secs] 
0.615: [GC (Allocation Failure) 0.615: [DefNew: 959K->63K(960K), 0.0006711 secs] 41755K->41015K(524224K), 0.0007021 secs] [Times: user=0.00 sys=0.00, real=0.00 secs] 
0.620: [GC (Allocation Failure) 0.620: [DefNew: 959K->63K(960K), 0.0005792 secs] 41983K->41241K(524224K), 0.0006048 secs] [Times: user=0.00 sys=0.00, real=0.00 secs] 
0.623: [GC (Allocation Failure) 0.623: [DefNew: 959K->64K(960K), 0.0005765 secs] 42216K->41458K(524224K), 0.0006061 secs] [Times: user=0.00 sys=0.00, real=0.00 secs] 
0.625: [GC (Allocation Failure) 0.625: [DefNew: 960K->63K(960K), 0.0006836 secs] 42424K->41687K(524224K), 0.0007184 secs] [Times: user=0.00 sys=0.00, real=0.00 secs] 
0.630: [GC (Allocation Failure) 0.630: [DefNew: 959K->63K(960K), 0.0006618 secs] 42657K->41918K(524224K), 0.0006929 secs] [Times: user=0.00 sys=0.00, real=0.00 secs] 
0.635: [GC (Allocation Failure) 0.635: [DefNew: 959K->64K(960K), 0.0008311 secs] 42875K->42179K(524224K), 0.0008756 secs] [Times: user=0.00 sys=0.00, real=0.00 secs] 
0.637: [GC (Allocation Failure) 0.637: [DefNew: 960K->63K(960K), 0.0006785 secs] 43149K->42408K(524224K), 0.0007068 secs] [Times: user=0.00 sys=0.00, real=0.00 secs] 
0.640: [GC (Allocation Failure) 0.640: [DefNew: 959K->63K(960K), 0.0007035 secs] 43372K->42639K(524224K), 0.0007379 secs] [Times: user=0.00 sys=0.00, real=0.00 secs] 
0.644: [GC (Allocation Failure) 0.644: [DefNew: 959K->63K(960K), 0.0007086 secs] 43601K->42879K(524224K), 0.0007425 secs] [Times: user=0.00 sys=0.00, real=0.00 secs] 
0.649: [GC (Allocation Failure) 0.649: [DefNew: 959K->63K(960K), 0.0007235 secs] 43846K->43112K(524224K), 0.0007573 secs] [Times: user=0.00 sys=0.00, real=0.00 secs] 
0.652: [GC (Allocation Failure) 0.652: [DefNew: 959K->63K(960K), 0.0006613 secs] 44077K->43338K(524224K), 0.0006910 secs] [Times: user=0.00 sys=0.00, real=0.00 secs] 
0.657: [GC (Allocation Failure) 0.657: [DefNew: 959K->63K(960K), 0.0008134 secs] 44304K->43574K(524224K), 0.0008566 secs] [Times: user=0.00 sys=0.00, real=0.00 secs] 
0.662: [GC (Allocation Failure) 0.662: [DefNew: 959K->63K(960K), 0.0008659 secs] 44509K->43870K(524224K), 0.0009025 secs] [Times: user=0.00 sys=0.00, real=0.00 secs] 
0.664: [GC (Allocation Failure) 0.664: [DefNew: 959K->64K(960K), 0.0007332 secs] 44836K->44102K(524224K), 0.0007610 secs] [Times: user=0.00 sys=0.00, real=0.00 secs] 
0.670: [GC (Allocation Failure) 0.670: [DefNew: 960K->64K(960K), 0.0007077 secs] 45065K->44336K(524224K), 0.0007402 secs] [Times: user=0.00 sys=0.00, real=0.00 secs] 
0.674: [GC (Allocation Failure) 0.674: [DefNew: 960K->63K(960K), 0.0007629 secs] 45298K->44578K(524224K), 0.0007977 secs] [Times: user=0.00 sys=0.00, real=0.00 secs] 
0.677: [GC (Allocation Failure) 0.677: [DefNew: 959K->63K(960K), 0.0008909 secs] 45540K->44816K(524224K), 0.0009438 secs] [Times: user=0.00 sys=0.00, real=0.00 secs] 
0.681: [GC (Allocation Failure) 0.681: [DefNew: 959K->63K(960K), 0.0009762 secs] 45750K->45200K(524224K), 0.0010143 secs] [Times: user=0.00 sys=0.00, real=0.00 secs] 
0.686: [GC (Allocation Failure) 0.686: [DefNew: 959K->63K(960K), 0.0008765 secs] 46158K->45446K(524224K), 0.0009183 secs] [Times: user=0.00 sys=0.00, real=0.00 secs] 
0.689: [GC (Allocation Failure) 0.689: [DefNew: 959K->63K(960K), 0.0007430 secs] 46417K->45679K(524224K), 0.0007796 secs] [Times: user=0.00 sys=0.00, real=0.00 secs] 
0.694: [GC (Allocation Failure) 0.694: [DefNew: 959K->64K(960K), 0.0007597 secs] 46631K->45929K(524224K), 0.0007940 secs] [Times: user=0.00 sys=0.00, real=0.00 secs] 
0.698: [GC (Allocation Failure) 0.698: [DefNew: 960K->64K(960K), 0.0006854 secs] 46897K->46158K(524224K), 0.0007147 secs] [Times: user=0.00 sys=0.00, real=0.00 secs] 
0.700: [GC (Allocation Failure) 0.700: [DefNew: 960K->64K(960K), 0.0017489 secs] 47088K->46539K(524224K), 0.0018388 secs] [Times: user=0.00 sys=0.00, real=0.00 secs] 
0.705: [GC (Allocation Failure) 0.705: [DefNew: 960K->63K(960K), 0.0007555 secs] 47503K->46768K(524224K), 0.0007898 secs] [Times: user=0.00 sys=0.00, real=0.00 secs] 
0.709: [GC (Allocation Failure) 0.709: [DefNew: 959K->64K(960K), 0.0007072 secs] 47732K->47003K(524224K), 0.0007439 secs] [Times: user=0.00 sys=0.00, real=0.00 secs] 
0.714: [GC (Allocation Failure) 0.714: [DefNew: 960K->64K(960K), 0.0006660 secs] 47969K->47232K(524224K), 0.0006952 secs] [Times: user=0.00 sys=0.00, real=0.00 secs] 
0.718: [GC (Allocation Failure) 0.718: [DefNew: 960K->63K(960K), 0.0006562 secs] 48203K->47452K(524224K), 0.0006854 secs] [Times: user=0.00 sys=0.00, real=0.00 secs] 
0.723: [GC (Allocation Failure) 0.723: [DefNew: 959K->63K(960K), 0.0012512 secs] 48389K->47800K(524224K), 0.0013055 secs] [Times: user=0.00 sys=0.00, real=0.00 secs] 
0.727: [GC (Allocation Failure) 0.727: [DefNew: 959K->63K(960K), 0.0008083 secs] 48761K->48038K(524224K), 0.0008408 secs] [Times: user=0.00 sys=0.00, real=0.00 secs] 
0.730: [GC (Allocation Failure) 0.730: [DefNew: 959K->63K(960K), 0.0007128 secs] 48996K->48281K(524224K), 0.0007420 secs] [Times: user=0.00 sys=0.00, real=0.00 secs] 
0.734: [GC (Allocation Failure) 0.734: [DefNew: 959K->63K(960K), 0.0008283 secs] 49220K->48555K(524224K), 0.0008742 secs] [Times: user=0.00 sys=0.00, real=0.00 secs] 
0.739: [GC (Allocation Failure) 0.739: [DefNew: 959K->64K(960K), 0.0008181 secs] 49516K->48795K(524224K), 0.0008524 secs] [Times: user=0.00 sys=0.00, real=0.00 secs] 
0.741: [GC (Allocation Failure) 0.741: [DefNew: 960K->64K(960K), 0.0007031 secs] 49759K->49031K(524224K), 0.0007332 secs] [Times: user=0.00 sys=0.00, real=0.00 secs] 
0.746: [GC (Allocation Failure) 0.746: [DefNew: 960K->63K(960K), 0.0008005 secs] 49983K->49286K(524224K), 0.0008385 secs] [Times: user=0.00 sys=0.00, real=0.00 secs] 
0.751: [GC (Allocation Failure) 0.751: [DefNew: 959K->63K(960K), 0.0007726 secs] 50248K->49523K(524224K), 0.0008060 secs] [Times: user=0.00 sys=0.00, real=0.00 secs] 
0.754: [GC (Allocation Failure) 0.754: [DefNew: 959K->63K(960K), 0.0006984 secs] 50483K->49763K(524224K), 0.0007281 secs] [Times: user=0.00 sys=0.00, real=0.00 secs] 
0.759: [GC (Allocation Failure) 0.759: [DefNew: 959K->64K(960K), 0.0007578 secs] 50727K->49997K(524224K), 0.0007926 secs] [Times: user=0.00 sys=0.00, real=0.00 secs] 
0.764: [GC (Allocation Failure) 0.764: [DefNew: 960K->64K(960K), 0.0007416 secs] 50955K->50242K(524224K), 0.0007787 secs] [Times: user=0.00 sys=0.00, real=0.00 secs] 
0.767: [GC (Allocation Failure) 0.767: [DefNew: 960K->64K(960K), 0.0014284 secs] 51191K->50508K(524224K), 0.0014864 secs] [Times: user=0.00 sys=0.00, real=0.00 secs] 
0.772: [GC (Allocation Failure) 0.772: [DefNew: 960K->63K(960K), 0.0007893 secs] 51461K->50759K(524224K), 0.0008227 secs] [Times: user=0.00 sys=0.00, real=0.00 secs] 
0.776: [GC (Allocation Failure) 0.776: [DefNew: 959K->64K(960K), 0.0007425 secs] 51721K->51002K(524224K), 0.0007759 secs] [Times: user=0.00 sys=0.00, real=0.00 secs] 
0.779: [GC (Allocation Failure) 0.779: [DefNew: 960K->64K(960K), 0.0006706 secs] 51965K->51230K(524224K), 0.0006998 secs] [Times: user=0.00 sys=0.00, real=0.00 secs] 
0.782: [GC (Allocation Failure) 0.782: [DefNew: 960K->63K(960K), 0.0007008 secs] 52192K->51470K(524224K), 0.0007351 secs] [Times: user=0.00 sys=0.00, real=0.00 secs] 
0.786: [GC (Allocation Failure) 0.786: [DefNew: 959K->64K(960K), 0.0007610 secs] 52421K->51723K(524224K), 0.0007963 secs] [Times: user=0.00 sys=0.00, real=0.00 secs] 
0.788: [GC (Allocation Failure) 0.788: [DefNew: 960K->63K(960K), 0.0014108 secs] 52672K->51986K(524224K), 0.0014906 secs] [Times: user=0.00 sys=0.00, real=0.00 secs] 
0.791: [GC (Allocation Failure) 0.791: [DefNew: 959K->63K(960K), 0.0007610 secs] 52936K->52248K(524224K), 0.0008009 secs] [Times: user=0.00 sys=0.00, real=0.00 secs] 
0.795: [GC (Allocation Failure) 0.795: [DefNew: 959K->64K(960K), 0.0007573 secs] 53194K->52509K(524224K), 0.0007898 secs] [Times: user=0.00 sys=0.00, real=0.00 secs] 
0.798: [GC (Allocation Failure) 0.798: [DefNew: 960K->63K(960K), 0.0007866 secs] 53454K->52773K(524224K), 0.0008283 secs] [Times: user=0.00 sys=0.00, real=0.00 secs] 
0.803: [GC (Allocation Failure) 0.803: [DefNew: 959K->64K(960K), 0.0007745 secs] 53715K->53040K(524224K), 0.0008111 secs] [Times: user=0.00 sys=0.00, real=0.00 secs] 
0.808: [GC (Allocation Failure) 0.808: [DefNew: 960K->63K(960K), 0.0008557 secs] 53993K->53298K(524224K), 0.0008983 secs] [Times: user=0.02 sys=0.00, real=0.00 secs] 
0.812: [GC (Allocation Failure) 0.812: [DefNew: 959K->64K(960K), 0.0018013 secs] 54225K->53730K(524224K), 0.0018662 secs] [Times: user=0.00 sys=0.00, real=0.00 secs] 
0.816: [GC (Allocation Failure) 0.816: [DefNew: 960K->63K(960K), 0.0010231 secs] 54662K->54024K(524224K), 0.0010620 secs] [Times: user=0.00 sys=0.00, real=0.00 secs] 
0.821: [GC (Allocation Failure) 0.821: [DefNew: 959K->63K(960K), 0.0008802 secs] 54976K->54278K(524224K), 0.0009210 secs] [Times: user=0.00 sys=0.00, real=0.00 secs] 
0.824: [GC (Allocation Failure) 0.824: [DefNew: 959K->63K(960K), 0.0007935 secs] 55223K->54539K(524224K), 0.0008399 secs] [Times: user=0.00 sys=0.00, real=0.00 secs] 
0.829: [GC (Allocation Failure) 0.829: [DefNew: 959K->63K(960K), 0.0008292 secs] 55485K->54797K(524224K), 0.0008710 secs] [Times: user=0.00 sys=0.00, real=0.00 secs] 
0.833: [GC (Allocation Failure) 0.834: [DefNew: 959K->63K(960K), 0.0013468 secs] 55723K->55232K(524224K), 0.0014460 secs] [Times: user=0.00 sys=0.00, real=0.00 secs] 
0.837: [GC (Allocation Failure) 0.837: [DefNew: 959K->63K(960K), 0.0011079 secs] 56178K->55496K(524224K), 0.0011590 secs] [Times: user=0.00 sys=0.00, real=0.00 secs] 
0.842: [GC (Allocation Failure) 0.842: [DefNew: 959K->63K(960K), 0.0009498 secs] 56428K->55785K(524224K), 0.0009943 secs] [Times: user=0.00 sys=0.00, real=0.00 secs] 
0.847: [GC (Allocation Failure) 0.847: [DefNew: 959K->63K(960K), 0.0011242 secs] 56734K->56042K(524224K), 0.0011826 secs] [Times: user=0.00 sys=0.00, real=0.00 secs] 
0.850: [GC (Allocation Failure) 0.850: [DefNew: 959K->63K(960K), 0.0008983 secs] 56991K->56308K(524224K), 0.0009405 secs] [Times: user=0.00 sys=0.00, real=0.00 secs] 
0.855: [GC (Allocation Failure) 0.855: [DefNew: 959K->64K(960K), 0.0023277 secs] 57248K->56625K(524224K), 0.0024065 secs] [Times: user=0.02 sys=0.00, real=0.00 secs] 
0.861: [GC (Allocation Failure) 0.861: [DefNew: 960K->63K(960K), 0.0008696 secs] 57563K->56895K(524224K), 0.0009183 secs] [Times: user=0.00 sys=0.00, real=0.00 secs] 
0.864: [GC (Allocation Failure) 0.864: [DefNew: 959K->63K(960K), 0.0008923 secs] 57845K->57155K(524224K), 0.0009299 secs] [Times: user=0.00 sys=0.00, real=0.00 secs] 
0.869: [GC (Allocation Failure) 0.869: [DefNew: 959K->63K(960K), 0.0008042 secs] 58114K->57397K(524224K), 0.0008594 secs] [Times: user=0.00 sys=0.00, real=0.00 secs] 
0.874: [GC (Allocation Failure) 0.874: [DefNew: 959K->63K(960K), 0.0011970 secs] 58324K->57698K(524224K), 0.0012499 secs] [Times: user=0.00 sys=0.00, real=0.00 secs] 
0.878: [GC (Allocation Failure) 0.878: [DefNew: 959K->63K(960K), 0.0009850 secs] 58639K->57965K(524224K), 0.0010300 secs] [Times: user=0.00 sys=0.00, real=0.00 secs] 
0.883: [GC (Allocation Failure) 0.883: [DefNew: 959K->63K(960K), 0.0012735 secs] 58902K->58470K(524224K), 0.0013227 secs] [Times: user=0.00 sys=0.00, real=0.00 secs] 
0.886: [GC (Allocation Failure) 0.886: [DefNew: 959K->64K(960K), 0.0012512 secs] 59414K->58732K(524224K), 0.0013152 secs] [Times: user=0.02 sys=0.00, real=0.00 secs] 
0.891: [GC (Allocation Failure) 0.891: [DefNew: 960K->63K(960K), 0.0009526 secs] 59675K->59000K(524224K), 0.0010059 secs] [Times: user=0.00 sys=0.00, real=0.00 secs] 
0.896: [GC (Allocation Failure) 0.896: [DefNew: 959K->63K(960K), 0.0011325 secs] 59932K->59296K(524224K), 0.0011970 secs] [Times: user=0.00 sys=0.00, real=0.00 secs] 
0.900: [GC (Allocation Failure) 0.900: [DefNew: 959K->64K(960K), 0.0021459 secs] 60223K->59656K(524224K), 0.0023012 secs] [Times: user=0.00 sys=0.00, real=0.00 secs] 
0.906: [GC (Allocation Failure) 0.906: [DefNew: 960K->63K(960K), 0.0015346 secs] 60568K->59989K(524224K), 0.0015949 secs] [Times: user=0.00 sys=0.00, real=0.00 secs] 
0.911: [GC (Allocation Failure) 0.911: [DefNew: 959K->64K(960K), 0.0011103 secs] 60920K->60283K(524224K), 0.0011576 secs] [Times: user=0.00 sys=0.00, real=0.00 secs] 
0.914: [GC (Allocation Failure) 0.914: [DefNew: 960K->63K(960K), 0.0013037 secs] 61218K->60586K(524224K), 0.0013746 secs] [Times: user=0.00 sys=0.00, real=0.00 secs] 
0.919: [GC (Allocation Failure) 0.919: [DefNew: 959K->64K(960K), 0.0013213 secs] 61513K->60878K(524224K), 0.0013820 secs] [Times: user=0.00 sys=0.00, real=0.00 secs] 
0.924: [GC (Allocation Failure) 0.924: [DefNew: 960K->64K(960K), 0.0017906 secs] 61828K->61407K(524224K), 0.0018695 secs] [Times: user=0.00 sys=0.00, real=0.00 secs] 
0.928: [GC (Allocation Failure) 0.928: [DefNew: 960K->63K(960K), 0.0013454 secs] 62345K->61693K(524224K), 0.0013992 secs] [Times: user=0.00 sys=0.00, real=0.00 secs] 
0.938: [GC (Allocation Failure) 0.938: [DefNew: 959K->63K(960K), 0.0031402 secs] 63649K->63004K(524224K), 0.0031907 secs] [Times: user=0.00 sys=0.00, real=0.00 secs] 
0.942: [GC (Allocation Failure) 0.942: [DefNew: 959K->63K(960K), 0.0013088 secs] 63957K->63253K(524224K), 0.0013626 secs] [Times: user=0.00 sys=0.00, real=0.00 secs] 
0.947: [GC (Allocation Failure) 0.947: [DefNew: 959K->63K(960K), 0.0021213 secs] 64169K->63798K(524224K), 0.0021876 secs] [Times: user=0.00 sys=0.00, real=0.00 secs] 
0.953: [GC (Allocation Failure) 0.953: [DefNew: 959K->64K(960K), 0.0046701 secs] 64721K->64093K(524224K), 0.0047476 secs] [Times: user=0.00 sys=0.00, real=0.00 secs] 
0.960: [GC (Allocation Failure) 0.960: [DefNew: 960K->63K(960K), 0.0012420 secs] 65013K->64404K(524224K), 0.0012995 secs] [Times: user=0.00 sys=0.00, real=0.00 secs] 
0.965: [GC (Allocation Failure) 0.965: [DefNew: 959K->63K(960K), 0.0011427 secs] 65342K->64682K(524224K), 0.0011905 secs] [Times: user=0.00 sys=0.00, real=0.00 secs] 
0.969: [GC (Allocation Failure) 0.969: [DefNew: 959K->63K(960K), 0.0018463 secs] 65612K->65108K(524224K), 0.0019515 secs] [Times: user=0.00 sys=0.00, real=0.00 secs] 
0.973: [GC (Allocation Failure) 0.973: [DefNew: 959K->64K(960K), 0.0016770 secs] 66040K->65402K(524224K), 0.0017517 secs] [Times: user=0.00 sys=0.00, real=0.00 secs] 
0.979: [GC (Allocation Failure) 0.979: [DefNew: 960K->63K(960K), 0.0015490 secs] 66334K->65692K(524224K), 0.0016162 secs] [Times: user=0.00 sys=0.00, real=0.00 secs] 
0.983: [GC (Allocation Failure) 0.983: [DefNew: 959K->63K(960K), 0.0016023 secs] 66610K->66006K(524224K), 0.0016621 secs] [Times: user=0.00 sys=0.00, real=0.00 secs] 
0.990: [GC (Allocation Failure) 0.990: [DefNew: 959K->63K(960K), 0.0020077 secs] 66931K->66446K(524224K), 0.0021032 secs] [Times: user=0.00 sys=0.00, real=0.00 secs] 
0.996: [GC (Allocation Failure) 0.996: [DefNew: 959K->63K(960K), 0.0013500 secs] 67372K->66746K(524224K), 0.0014015 secs] [Times: user=0.01 sys=0.00, real=0.00 secs] 
0.999: [GC (Allocation Failure) 0.999: [DefNew: 959K->64K(960K), 0.0011594 secs] 67690K->67016K(524224K), 0.0012063 secs] [Times: user=0.00 sys=0.00, real=0.00 secs] 
1.004: [GC (Allocation Failure) 1.004: [DefNew: 960K->63K(960K), 0.0010115 secs] 67967K->67276K(524224K), 0.0010625 secs] [Times: user=0.00 sys=0.00, real=0.00 secs] 
1.009: [GC (Allocation Failure) 1.009: [DefNew: 959K->63K(960K), 0.0012299 secs] 68226K->67535K(524224K), 0.0012925 secs] [Times: user=0.00 sys=0.00, real=0.00 secs] 
1.012: [GC (Allocation Failure) 1.012: [DefNew: 959K->64K(960K), 0.0015930 secs] 68470K->67939K(524224K), 0.0016547 secs] [Times: user=0.00 sys=0.00, real=0.00 secs] 
1.018: [GC (Allocation Failure) 1.018: [DefNew: 960K->63K(960K), 0.0013139 secs] 68864K->68240K(524224K), 0.0013630 secs] [Times: user=0.00 sys=0.00, real=0.00 secs] 
1.023: [GC (Allocation Failure) 1.023: [DefNew: 959K->63K(960K), 0.0013486 secs] 69174K->68527K(524224K), 0.0014122 secs] [Times: user=0.00 sys=0.00, real=0.00 secs] 
1.026: [GC (Allocation Failure) 1.026: [DefNew: 959K->63K(960K), 0.0011372 secs] 69471K->68794K(524224K), 0.0011886 secs] [Times: user=0.00 sys=0.00, real=0.00 secs] 
1.031: [GC (Allocation Failure) 1.031: [DefNew: 959K->64K(960K), 0.0015351 secs] 69736K->69065K(524224K), 0.0016093 secs] [Times: user=0.00 sys=0.00, real=0.00 secs] 
1.035: [GC (Allocation Failure) 1.035: [DefNew: 960K->63K(960K), 0.0021366 secs] 69984K->69585K(524224K), 0.0022140 secs] [Times: user=0.00 sys=0.00, real=0.00 secs] 
1.042: [GC (Allocation Failure) 1.042: [DefNew: 959K->63K(960K), 0.0014117 secs] 70521K->69873K(524224K), 0.0014627 secs] [Times: user=0.00 sys=0.00, real=0.00 secs] 
1.047: [GC (Allocation Failure) 1.047: [DefNew: 959K->63K(960K), 0.0011692 secs] 70803K->70167K(524224K), 0.0012225 secs] [Times: user=0.00 sys=0.00, real=0.00 secs] 
1.050: [GC (Allocation Failure) 1.050: [DefNew: 959K->63K(960K), 0.0010152 secs] 71112K->70438K(524224K), 0.0010597 secs] [Times: user=0.00 sys=0.00, real=0.00 secs] 
1.055: [GC (Allocation Failure) 1.055: [DefNew: 959K->63K(960K), 0.0023017 secs] 71373K->70711K(524224K), 0.0023926 secs] [Times: user=0.00 sys=0.00, real=0.00 secs] 
1.061: [GC (Allocation Failure) 1.061: [DefNew: 959K->63K(960K), 0.0014103 secs] 71641K->71051K(524224K), 0.0014739 secs] [Times: user=0.00 sys=0.00, real=0.00 secs] 
1.064: [GC (Allocation Failure) 1.064: [DefNew: 959K->63K(960K), 0.0010217 secs] 71996K->71317K(524224K), 0.0010639 secs] [Times: user=0.00 sys=0.00, real=0.00 secs] 
1.069: [GC (Allocation Failure) 1.069: [DefNew: 959K->63K(960K), 0.0014177 secs] 72254K->71596K(524224K), 0.0014864 secs] [Times: user=0.00 sys=0.00, real=0.00 secs] 
1.073: [GC (Allocation Failure) 1.074: [DefNew: 959K->63K(960K), 0.0014692 secs] 72524K->71893K(524224K), 0.0015355 secs] [Times: user=0.02 sys=0.00, real=0.00 secs] 
1.076: [GC (Allocation Failure) 1.076: [DefNew: 959K->64K(960K), 0.0012457 secs] 72816K->72199K(524224K), 0.0012953 secs] [Times: user=0.00 sys=0.00, real=0.00 secs] 
1.080: [GC (Allocation Failure) 1.080: [DefNew: 960K->63K(960K), 0.0022108 secs] 73106K->72725K(524224K), 0.0022882 secs] [Times: user=0.00 sys=0.00, real=0.00 secs] 
1.085: [GC (Allocation Failure) 1.085: [DefNew: 959K->64K(960K), 0.0012670 secs] 73671K->72993K(524224K), 0.0013194 secs] [Times: user=0.00 sys=0.00, real=0.00 secs] 
1.090: [GC (Allocation Failure) 1.090: [DefNew: 960K->64K(960K), 0.0010880 secs] 73924K->73275K(524224K), 0.0011390 secs] [Times: user=0.00 sys=0.00, real=0.00 secs] 
1.095: [GC (Allocation Failure) 1.095: [DefNew: 960K->63K(960K), 0.0009943 secs] 74228K->73522K(524224K), 0.0010435 secs] [Times: user=0.00 sys=0.00, real=0.00 secs] 
1.098: [GC (Allocation Failure) 1.098: [DefNew: 959K->63K(960K), 0.0008468 secs] 74484K->73763K(524224K), 0.0008923 secs] [Times: user=0.00 sys=0.00, real=0.00 secs] 
1.101: [GC (Allocation Failure) 1.101: [DefNew: 959K->64K(960K), 0.0013602 secs] 74676K->74217K(524224K), 0.0014252 secs] [Times: user=0.00 sys=0.00, real=0.00 secs] 
1.107: [GC (Allocation Failure) 1.107: [DefNew: 960K->64K(960K), 0.0012206 secs] 75162K->74482K(524224K), 0.0012791 secs] [Times: user=0.00 sys=0.00, real=0.00 secs] 
1.110: [GC (Allocation Failure) 1.110: [DefNew: 960K->64K(960K), 0.0009883 secs] 75429K->74747K(524224K), 0.0010356 secs] [Times: user=0.00 sys=0.00, real=0.00 secs] 
1.115: [GC (Allocation Failure) 1.115: [DefNew: 960K->63K(960K), 0.0010843 secs] 75681K->75031K(524224K), 0.0011381 secs] [Times: user=0.00 sys=0.00, real=0.00 secs] 
1.120: [GC (Allocation Failure) 1.120: [DefNew: 959K->63K(960K), 0.0011061 secs] 75975K->75302K(524224K), 0.0011594 secs] [Times: user=0.00 sys=0.00, real=0.00 secs] 
1.123: [GC (Allocation Failure) 1.123: [DefNew: 959K->64K(960K), 0.0019655 secs] 76226K->75712K(524224K), 0.0020434 secs] [Times: user=0.00 sys=0.00, real=0.00 secs] 
1.129: [GC (Allocation Failure) 1.129: [DefNew: 960K->64K(960K), 0.0014604 secs] 76658K->75982K(524224K), 0.0015267 secs] [Times: user=0.00 sys=0.00, real=0.00 secs] 
1.134: [GC (Allocation Failure) 1.134: [DefNew: 960K->63K(960K), 0.0009656 secs] 76930K->76237K(524224K), 0.0010161 secs] [Times: user=0.00 sys=0.00, real=0.00 secs] 
1.137: [GC (Allocation Failure) 1.137: [DefNew: 959K->63K(960K), 0.0008997 secs] 77195K->76479K(524224K), 0.0009544 secs] [Times: user=0.00 sys=0.00, real=0.00 secs] 
1.142: [GC (Allocation Failure) 1.142: [DefNew: 959K->63K(960K), 0.0010356 secs] 77424K->76740K(524224K), 0.0010866 secs] [Times: user=0.00 sys=0.00, real=0.00 secs] 
1.146: [GC (Allocation Failure) 1.146: [DefNew: 959K->63K(960K), 0.0015216 secs] 77669K->77178K(524224K), 0.0016148 secs] [Times: user=0.00 sys=0.00, real=0.00 secs] 
1.150: [GC (Allocation Failure) 1.150: [DefNew: 959K->64K(960K), 0.0011501 secs] 78129K->77438K(524224K), 0.0012026 secs] [Times: user=0.00 sys=0.00, real=0.00 secs] 
1.155: [GC (Allocation Failure) 1.155: [DefNew: 960K->64K(960K), 0.0010829 secs] 78370K->77723K(524224K), 0.0011372 secs] [Times: user=0.00 sys=0.00, real=0.00 secs] 
1.160: [GC (Allocation Failure) 1.160: [DefNew: 960K->64K(960K), 0.0013653 secs] 78671K->77981K(524224K), 0.0014340 secs] [Times: user=0.00 sys=0.00, real=0.00 secs] 
1.163: [GC (Allocation Failure) 1.163: [DefNew: 960K->63K(960K), 0.0011427 secs] 78911K->78269K(524224K), 0.0011979 secs] [Times: user=0.00 sys=0.00, real=0.00 secs] 
1.168: [GC (Allocation Failure) 1.168: [DefNew: 959K->63K(960K), 0.0016032 secs] 79198K->78555K(524224K), 0.0016844 secs] [Times: user=0.02 sys=0.00, real=0.00 secs] 
1.172: [GC (Allocation Failure) 1.172: [DefNew: 959K->64K(960K), 0.0012870 secs] 79481K->78941K(524224K), 0.0013412 secs] [Times: user=0.00 sys=0.00, real=0.00 secs] 
1.176: [GC (Allocation Failure) 1.176: [DefNew: 960K->63K(960K), 0.0011882 secs] 79887K->79210K(524224K), 0.0012448 secs] [Times: user=0.00 sys=0.00, real=0.00 secs] 
1.181: [GC (Allocation Failure) 1.181: [DefNew: 959K->63K(960K), 0.0013139 secs] 80154K->79473K(524224K), 0.0013802 secs] [Times: user=0.00 sys=0.00, real=0.00 secs] 
1.184: [GC (Allocation Failure) 1.184: [DefNew: 959K->63K(960K), 0.0011469 secs] 80409K->79763K(524224K), 0.0012016 secs] [Times: user=0.00 sys=0.00, real=0.00 secs] 
1.190: [GC (Allocation Failure) 1.190: [DefNew: 959K->64K(960K), 0.0021537 secs] 80684K->80221K(524224K), 0.0022483 secs] [Times: user=0.00 sys=0.00, real=0.00 secs] 
1.196: [GC (Allocation Failure) 1.196: [DefNew: 960K->63K(960K), 0.0013278 secs] 81145K->80522K(524224K), 0.0013922 secs] [Times: user=0.00 sys=0.00, real=0.00 secs] 
1.199: [GC (Allocation Failure) 1.199: [DefNew: 959K->63K(960K), 0.0011590 secs] 81459K->80795K(524224K), 0.0012165 secs] [Times: user=0.00 sys=0.00, real=0.00 secs] 
1.204: [GC (Allocation Failure) 1.204: [DefNew: 959K->63K(960K), 0.0013853 secs] 81726K->81078K(524224K), 0.0014456 secs] [Times: user=0.00 sys=0.00, real=0.00 secs] 
1.207: [GC (Allocation Failure) 1.207: [DefNew: 959K->63K(960K), 0.0010555 secs] 82016K->81359K(524224K), 0.0011019 secs] [Times: user=0.00 sys=0.00, real=0.00 secs] 
1.212: [GC (Allocation Failure) 1.212: [DefNew: 959K->64K(960K), 0.0014210 secs] 82271K->81744K(524224K), 0.0014980 secs] [Times: user=0.00 sys=0.00, real=0.00 secs] 
1.218: [GC (Allocation Failure) 1.218: [DefNew: 960K->64K(960K), 0.0011603 secs] 82678K->82028K(524224K), 0.0012095 secs] [Times: user=0.00 sys=0.00, real=0.00 secs] 
1.221: [GC (Allocation Failure) 1.221: [DefNew: 960K->63K(960K), 0.0012781 secs] 82976K->82288K(524224K), 0.0013306 secs] [Times: user=0.00 sys=0.00, real=0.00 secs] 
1.226: [GC (Allocation Failure) 1.226: [DefNew: 959K->64K(960K), 0.0010579 secs] 83206K->82600K(524224K), 0.0011033 secs] [Times: user=0.00 sys=0.00, real=0.00 secs] 
1.231: [GC (Allocation Failure) 1.231: [DefNew: 960K->64K(960K), 0.0014507 secs] 83540K->82871K(524224K), 0.0015142 secs] [Times: user=0.00 sys=0.00, real=0.00 secs] 
1.234: [GC (Allocation Failure) 1.234: [DefNew: 960K->63K(960K), 0.0022242 secs] 83806K->83256K(524224K), 0.0023151 secs] [Times: user=0.00 sys=0.00, real=0.00 secs] 
1.240: [GC (Allocation Failure) 1.240: [DefNew: 959K->63K(960K), 0.0010718 secs] 84211K->83506K(524224K), 0.0011177 secs] [Times: user=0.00 sys=0.00, real=0.00 secs] 
1.245: [GC (Allocation Failure) 1.245: [DefNew: 959K->64K(960K), 0.0009498 secs] 84451K->83776K(524224K), 0.0009911 secs] [Times: user=0.00 sys=0.02, real=0.00 secs] 
1.248: [GC (Allocation Failure) 1.248: [DefNew: 960K->63K(960K), 0.0010402 secs] 84723K->84041K(524224K), 0.0010903 secs] [Times: user=0.00 sys=0.00, real=0.00 secs] 
1.253: [GC (Allocation Failure) 1.253: [DefNew: 959K->64K(960K), 0.0009976 secs] 84979K->84315K(524224K), 0.0010439 secs] [Times: user=0.00 sys=0.00, real=0.00 secs] 
1.258: [GC (Allocation Failure) 1.258: [DefNew: 960K->63K(960K), 0.0015490 secs] 85252K->84611K(524224K), 0.0016218 secs] [Times: user=0.00 sys=0.00, real=0.00 secs] 
1.262: [GC (Allocation Failure) 1.262: [DefNew: 959K->63K(960K), 0.0010003 secs] 85559K->84870K(524224K), 0.0010412 secs] [Times: user=0.00 sys=0.00, real=0.00 secs] 
1.267: [GC (Allocation Failure) 1.267: [DefNew: 959K->64K(960K), 0.0009795 secs] 85804K->85154K(524224K), 0.0010194 secs] [Times: user=0.00 sys=0.00, real=0.00 secs] 
1.272: [GC (Allocation Failure) 1.272: [DefNew: 960K->63K(960K), 0.0008886 secs] 86111K->85404K(524224K), 0.0009354 secs] [Times: user=0.00 sys=0.00, real=0.00 secs] 
1.275: [GC (Allocation Failure) 1.275: [DefNew: 959K->64K(960K), 0.0008570 secs] 86358K->85653K(524224K), 0.0008946 secs] [Times: user=0.00 sys=0.00, real=0.00 secs] 
1.280: [GC (Allocation Failure) 1.280: [DefNew: 960K->64K(960K), 0.0011144 secs] 86597K->85923K(524224K), 0.0011826 secs] [Times: user=0.00 sys=0.00, real=0.00 secs] 
1.282: [GC (Allocation Failure) 1.282: [DefNew: 960K->63K(960K), 0.0014247 secs] 86842K->86431K(524224K), 0.0014743 secs] [Times: user=0.00 sys=0.00, real=0.00 secs] 
1.288: [GC (Allocation Failure) 1.288: [DefNew: 959K->63K(960K), 0.0010852 secs] 87384K->86687K(524224K), 0.0011237 secs] [Times: user=0.00 sys=0.00, real=0.00 secs] 
1.293: [GC (Allocation Failure) 1.293: [DefNew: 959K->63K(960K), 0.0008065 secs] 87648K->86928K(524224K), 0.0008441 secs] [Times: user=0.00 sys=0.00, real=0.00 secs] 
1.298: [GC (Allocation Failure) 1.298: [DefNew: 959K->63K(960K), 0.0008770 secs] 87880K->87183K(524224K), 0.0009248 secs] [Times: user=0.00 sys=0.00, real=0.00 secs] 
1.301: [GC (Allocation Failure) 1.301: [DefNew: 959K->64K(960K), 0.0010936 secs] 88124K->87477K(524224K), 0.0011469 secs] [Times: user=0.00 sys=0.00, real=0.00 secs] 
1.305: [GC (Allocation Failure) 1.305: [DefNew: 960K->63K(960K), 0.0011599 secs] 88407K->87824K(524224K), 0.0012067 secs] [Times: user=0.00 sys=0.00, real=0.00 secs] 
1.308: [GC (Allocation Failure) 1.308: [DefNew: 959K->63K(960K), 0.0009350 secs] 88783K->88069K(524224K), 0.0009725 secs] [Times: user=0.02 sys=0.00, real=0.00 secs] 
1.313: [GC (Allocation Failure) 1.313: [DefNew: 959K->63K(960K), 0.0008227 secs] 89025K->88318K(524224K), 0.0008640 secs] [Times: user=0.00 sys=0.00, real=0.00 secs] 
1.318: [GC (Allocation Failure) 1.318: [DefNew: 959K->64K(960K), 0.0007606 secs] 89272K->88565K(524224K), 0.0007921 secs] [Times: user=0.00 sys=0.00, real=0.00 secs] 
1.323: [GC (Allocation Failure) 1.323: [DefNew: 960K->64K(960K), 0.0016037 secs] 89523K->88815K(524224K), 0.0016775 secs] [Times: user=0.00 sys=0.00, real=0.00 secs] 
1.327: [GC (Allocation Failure) 1.327: [DefNew: 960K->63K(960K), 0.0008473 secs] 89759K->89093K(524224K), 0.0008821 secs] [Times: user=0.00 sys=0.00, real=0.00 secs] 
1.332: [GC (Allocation Failure) 1.332: [DefNew: 959K->63K(960K), 0.0008371 secs] 90053K->89330K(524224K), 0.0008751 secs] [Times: user=0.00 sys=0.00, real=0.00 secs] 
1.337: [GC (Allocation Failure) 1.337: [DefNew: 959K->63K(960K), 0.0007787 secs] 90297K->89566K(524224K), 0.0008139 secs] [Times: user=0.00 sys=0.00, real=0.00 secs] 
1.340: [GC (Allocation Failure) 1.340: [DefNew: 959K->64K(960K), 0.0007991 secs] 90522K->89813K(524224K), 0.0008301 secs] [Times: user=0.00 sys=0.00, real=0.00 secs] 
1.345: [GC (Allocation Failure) 1.345: [DefNew: 960K->63K(960K), 0.0010041 secs] 90777K->90048K(524224K), 0.0010518 secs] [Times: user=0.00 sys=0.00, real=0.00 secs] 
1.349: [GC (Allocation Failure) 1.349: [DefNew: 959K->63K(960K), 0.0012313 secs] 90960K->90490K(524224K), 0.0012879 secs] [Times: user=0.00 sys=0.00, real=0.00 secs] 
1.352: [GC (Allocation Failure) 1.352: [DefNew: 959K->63K(960K), 0.0010643 secs] 91448K->90737K(524224K), 0.0011056 secs] [Times: user=0.00 sys=0.00, real=0.00 secs] 
1.357: [GC (Allocation Failure) 1.357: [DefNew: 959K->63K(960K), 0.0009326 secs] 91697K->90980K(524224K), 0.0009776 secs] [Times: user=0.00 sys=0.00, real=0.00 secs] 
1.362: [GC (Allocation Failure) 1.362: [DefNew: 959K->63K(960K), 0.0012610 secs] 91905K->91305K(524224K), 0.0013783 secs] [Times: user=0.00 sys=0.00, real=0.00 secs] 
1.365: [GC (Allocation Failure) 1.365: [DefNew: 959K->63K(960K), 0.0010388 secs] 92260K->91554K(524224K), 0.0010861 secs] [Times: user=0.00 sys=0.00, real=0.00 secs] 
1.370: [GC (Allocation Failure) 1.370: [DefNew: 959K->64K(960K), 0.0017526 secs] 92498K->91855K(524224K), 0.0018528 secs] [Times: user=0.02 sys=0.00, real=0.00 secs] 
1.373: [GC (Allocation Failure) 1.373: [DefNew: 960K->63K(960K), 0.0011566 secs] 92790K->92142K(524224K), 0.0012039 secs] [Times: user=0.00 sys=0.00, real=0.00 secs] 
1.377: [GC (Allocation Failure) 1.377: [DefNew: 959K->63K(960K), 0.0012995 secs] 93068K->92563K(524224K), 0.0013486 secs] [Times: user=0.00 sys=0.00, real=0.00 secs] 
1.380: [GC (Allocation Failure) 1.380: [DefNew: 959K->63K(960K), 0.0011191 secs] 93521K->92805K(524224K), 0.0011580 secs] [Times: user=0.00 sys=0.00, real=0.00 secs] 
1.383: [GC (Allocation Failure) 1.383: [DefNew: 959K->63K(960K), 0.0008408 secs] 93767K->93041K(524224K), 0.0008719 secs] [Times: user=0.00 sys=0.00, real=0.00 secs] 
1.388: [GC (Allocation Failure) 1.388: [DefNew: 959K->63K(960K), 0.0010467 secs] 93974K->93338K(524224K), 0.0010945 secs] [Times: user=0.00 sys=0.00, real=0.00 secs] 
1.392: [GC (Allocation Failure) 1.392: [DefNew: 959K->63K(960K), 0.0014534 secs] 94252K->93781K(524224K), 0.0015341 secs] [Times: user=0.00 sys=0.00, real=0.00 secs] 
1.396: [GC (Allocation Failure) 1.396: [DefNew: 959K->63K(960K), 0.0011974 secs] 94735K->94031K(524224K), 0.0012499 secs] [Times: user=0.00 sys=0.00, real=0.00 secs] 
1.401: [GC (Allocation Failure) 1.401: [DefNew: 959K->64K(960K), 0.0009535 secs] 94985K->94284K(524224K), 0.0010027 secs] [Times: user=0.00 sys=0.00, real=0.00 secs] 
1.404: [GC (Allocation Failure) 1.405: [DefNew: 960K->63K(960K), 0.0011474 secs] 95229K->94551K(524224K), 0.0011993 secs] [Times: user=0.00 sys=0.00, real=0.00 secs] 
1.408: [GC (Allocation Failure) 1.408: [DefNew: 959K->63K(960K), 0.0011214 secs] 95494K->94822K(524224K), 0.0011752 secs] [Times: user=0.00 sys=0.00, real=0.00 secs] 
1.412: [GC (Allocation Failure) 1.412: [DefNew: 959K->63K(960K), 0.0011293 secs] 95768K->95080K(524224K), 0.0011970 secs] [Times: user=0.00 sys=0.00, real=0.00 secs] 
1.416: [GC (Allocation Failure) 1.416: [DefNew: 959K->64K(960K), 0.0010481 secs] 96010K->95376K(524224K), 0.0010940 secs] [Times: user=0.00 sys=0.00, real=0.00 secs] 
1.418: [GC (Allocation Failure) 1.418: [DefNew: 960K->63K(960K), 0.0008496 secs] 96343K->95607K(524224K), 0.0008788 secs] [Times: user=0.01 sys=0.00, real=0.00 secs] 
1.421: [GC (Allocation Failure) 1.422: [DefNew: 959K->63K(960K), 0.0007675 secs] 96572K->95840K(524224K), 0.0008056 secs] [Times: user=0.00 sys=0.00, real=0.00 secs] 
1.425: [GC (Allocation Failure) 1.426: [DefNew: 959K->64K(960K), 0.0011237 secs] 96787K->96101K(524224K), 0.0011835 secs] [Times: user=0.00 sys=0.00, real=0.00 secs] 
1.428: [GC (Allocation Failure) 1.428: [DefNew: 960K->63K(960K), 0.0009030 secs] 97050K->96367K(524224K), 0.0009479 secs] [Times: user=0.00 sys=0.00, real=0.00 secs] 
1.433: [GC (Allocation Failure) 1.433: [DefNew: 959K->63K(960K), 0.0009322 secs] 97322K->96615K(524224K), 0.0009781 secs] [Times: user=0.02 sys=0.00, real=0.00 secs] 
1.436: [GC (Allocation Failure) 1.437: [DefNew: 959K->63K(960K), 0.0010824 secs] 97536K->96966K(524224K), 0.0011367 secs] [Times: user=0.00 sys=0.00, real=0.00 secs] 
1.439: [GC (Allocation Failure) 1.440: [DefNew: 959K->64K(960K), 0.0009572 secs] 97920K->97211K(524224K), 0.0009906 secs] [Times: user=0.00 sys=0.00, real=0.00 secs] 
1.443: [GC (Allocation Failure) 1.443: [DefNew: 960K->63K(960K), 0.0009702 secs] 98158K->97471K(524224K), 0.0010245 secs] [Times: user=0.00 sys=0.00, real=0.00 secs] 
1.448: [GC (Allocation Failure) 1.448: [DefNew: 959K->63K(960K), 0.0010073 secs] 98421K->97732K(524224K), 0.0010662 secs] [Times: user=0.01 sys=0.00, real=0.00 secs] 
1.450: [GC (Allocation Failure) 1.450: [DefNew: 959K->63K(960K), 0.0007035 secs] 98700K->97961K(524224K), 0.0007374 secs] [Times: user=0.00 sys=0.00, real=0.00 secs] 
1.454: [GC (Allocation Failure) 1.454: [DefNew: 959K->64K(960K), 0.0006701 secs] 98930K->98187K(524224K), 0.0007008 secs] [Times: user=0.00 sys=0.00, real=0.00 secs] 
1.458: [GC (Allocation Failure) 1.458: [DefNew: 960K->64K(960K), 0.0014163 secs] 99105K->98560K(524224K), 0.0015031 secs] [Times: user=0.00 sys=0.00, real=0.00 secs] 
1.461: [GC (Allocation Failure) 1.461: [DefNew: 960K->63K(960K), 0.0011353 secs] 99511K->98822K(524224K), 0.0011910 secs] [Times: user=0.00 sys=0.00, real=0.00 secs] 
1.466: [GC (Allocation Failure) 1.466: [DefNew: 959K->63K(960K), 0.0007935 secs] 99784K->99064K(524224K), 0.0008339 secs] [Times: user=0.00 sys=0.00, real=0.00 secs] 
1.471: [GC (Allocation Failure) 1.471: [DefNew: 959K->64K(960K), 0.0007564 secs] 100022K->99301K(524224K), 0.0007898 secs] [Times: user=0.00 sys=0.00, real=0.00 secs] 
1.473: [GC (Allocation Failure) 1.473: [DefNew: 960K->63K(960K), 0.0008153 secs] 100269K->99531K(524224K), 0.0008552 secs] [Times: user=0.00 sys=0.00, real=0.00 secs] 
1.478: [GC (Allocation Failure) 1.478: [DefNew: 959K->63K(960K), 0.0008019 secs] 100489K->99783K(524224K), 0.0008454 secs] [Times: user=0.00 sys=0.00, real=0.00 secs] 
1.482: [GC (Allocation Failure) 1.482: [DefNew: 959K->63K(960K), 0.0016482 secs] 100740K->100030K(524224K), 0.0017999 secs] [Times: user=0.00 sys=0.00, real=0.00 secs] 
1.488: [GC (Allocation Failure) 1.488: [DefNew: 959K->63K(960K), 0.0007513 secs] 100993K->100263K(524224K), 0.0007870 secs] [Times: user=0.00 sys=0.00, real=0.00 secs] 
1.492: [GC (Allocation Failure) 1.492: [DefNew: 959K->63K(960K), 0.0011743 secs] 101204K->100632K(524224K), 0.0012452 secs] [Times: user=0.00 sys=0.00, real=0.00 secs] 
1.495: [GC (Allocation Failure) 1.495: [DefNew: 959K->64K(960K), 0.0009697 secs] 101597K->100869K(524224K), 0.0010119 secs] [Times: user=0.02 sys=0.00, real=0.00 secs] 
1.499: [GC (Allocation Failure) 1.499: [DefNew: 960K->63K(960K), 0.0007689 secs] 101832K->101113K(524224K), 0.0008162 secs] [Times: user=0.00 sys=0.00, real=0.00 secs] 
1.502: [GC (Allocation Failure) 1.502: [DefNew: 959K->63K(960K), 0.0009053 secs] 102063K->101397K(524224K), 0.0009554 secs] [Times: user=0.00 sys=0.00, real=0.00 secs] 
1.505: [GC (Allocation Failure) 1.505: [DefNew: 959K->63K(960K), 0.0007977 secs] 102355K->101639K(524224K), 0.0008250 secs] [Times: user=0.00 sys=0.00, real=0.00 secs] 
1.510: [GC (Allocation Failure) 1.510: [DefNew: 959K->63K(960K), 0.0009238 secs] 102600K->101890K(524224K), 0.0009841 secs] [Times: user=0.00 sys=0.00, real=0.00 secs] 
1.512: [GC (Allocation Failure) 1.512: [DefNew: 959K->64K(960K), 0.0008260 secs] 102847K->102132K(524224K), 0.0008552 secs] [Times: user=0.00 sys=0.00, real=0.00 secs] 
1.517: [GC (Allocation Failure) 1.517: [DefNew: 960K->63K(960K), 0.0007559 secs] 103092K->102376K(524224K), 0.0007972 secs] [Times: user=0.00 sys=0.00, real=0.00 secs] 
1.521: [GC (Allocation Failure) 1.521: [DefNew: 959K->63K(960K), 0.0007768 secs] 103343K->102614K(524224K), 0.0008083 secs] [Times: user=0.00 sys=0.00, real=0.00 secs] 
1.524: [GC (Allocation Failure) 1.524: [DefNew: 959K->63K(960K), 0.0020633 secs] 103528K->103062K(524224K), 0.0022187 secs] [Times: user=0.00 sys=0.00, real=0.00 secs] 
1.528: [GC (Allocation Failure) 1.528: [DefNew: 959K->63K(960K), 0.0012749 secs] 104001K->103346K(524224K), 0.0013282 secs] [Times: user=0.00 sys=0.00, real=0.00 secs] 
1.533: [GC (Allocation Failure) 1.533: [DefNew: 959K->63K(960K), 0.0009113 secs] 104306K->103591K(524224K), 0.0009632 secs] [Times: user=0.00 sys=0.00, real=0.00 secs] 
1.536: [GC (Allocation Failure) 1.536: [DefNew: 959K->63K(960K), 0.0007532 secs] 104545K->103840K(524224K), 0.0007866 secs] [Times: user=0.00 sys=0.00, real=0.00 secs] 
1.540: [GC (Allocation Failure) 1.540: [DefNew: 959K->63K(960K), 0.0007898 secs] 104806K->104080K(524224K), 0.0008218 secs] [Times: user=0.00 sys=0.00, real=0.00 secs] 
1.544: [GC (Allocation Failure) 1.544: [DefNew: 959K->63K(960K), 0.0009067 secs] 105040K->104325K(524224K), 0.0009646 secs] [Times: user=0.00 sys=0.00, real=0.00 secs] 
1.546: [GC (Allocation Failure) 1.546: [DefNew: 959K->63K(960K), 0.0010741 secs] 105283K->104568K(524224K), 0.0011297 secs] [Times: user=0.00 sys=0.00, real=0.00 secs] 
1.551: [GC (Allocation Failure) 1.551: [DefNew: 959K->63K(960K), 0.0011534 secs] 105493K->105022K(524224K), 0.0011998 secs] [Times: user=0.00 sys=0.00, real=0.00 secs] 
1.555: [GC (Allocation Failure) 1.555: [DefNew: 959K->63K(960K), 0.0009173 secs] 105980K->105260K(524224K), 0.0009466 secs] [Times: user=0.00 sys=0.00, real=0.00 secs] 
1.558: [GC (Allocation Failure) 1.558: [DefNew: 959K->63K(960K), 0.0009326 secs] 106208K->105517K(524224K), 0.0009795 secs] [Times: user=0.02 sys=0.00, real=0.00 secs] 
1.562: [GC (Allocation Failure) 1.562: [DefNew: 959K->63K(960K), 0.0009396 secs] 106454K->105803K(524224K), 0.0009925 secs] [Times: user=0.00 sys=0.00, real=0.00 secs] 
1.567: [GC (Allocation Failure) 1.567: [DefNew: 959K->64K(960K), 0.0008329 secs] 106757K->106057K(524224K), 0.0008774 secs] [Times: user=0.00 sys=0.00, real=0.00 secs] 
1.569: [GC (Allocation Failure) 1.569: [DefNew: 960K->64K(960K), 0.0008079 secs] 107013K->106303K(524224K), 0.0008422 secs] [Times: user=0.00 sys=0.00, real=0.00 secs] 
1.573: [GC (Allocation Failure) 1.573: [DefNew: 960K->63K(960K), 0.0011168 secs] 107239K->106592K(524224K), 0.0011747 secs] [Times: user=0.02 sys=0.00, real=0.00 secs] 
1.577: [GC (Allocation Failure) 1.577: [DefNew: 959K->63K(960K), 0.0011863 secs] 107533K->106879K(524224K), 0.0012666 secs] [Times: user=0.00 sys=0.00, real=0.00 secs] 
1.580: [GC (Allocation Failure) 1.580: [DefNew: 959K->63K(960K), 0.0010050 secs] 107827K->107137K(524224K), 0.0010486 secs] [Times: user=0.00 sys=0.00, real=0.00 secs] 
1.585: [GC (Allocation Failure) 1.585: [DefNew: 959K->63K(960K), 0.0009289 secs] 108077K->107411K(524224K), 0.0009730 secs] [Times: user=0.00 sys=0.00, real=0.00 secs] 
1.589: [GC (Allocation Failure) 1.589: [DefNew: 959K->63K(960K), 0.0008904 secs] 108366K->107659K(524224K), 0.0009238 secs] [Times: user=0.00 sys=0.01, real=0.00 secs] 
1.593: [GC (Allocation Failure) 1.593: [DefNew: 959K->63K(960K), 0.0018829 secs] 108596K->108094K(524224K), 0.0019975 secs] [Times: user=0.00 sys=0.00, real=0.00 secs] 
1.598: [GC (Allocation Failure) 1.598: [DefNew: 959K->63K(960K), 0.0011743 secs] 109033K->108369K(524224K), 0.0012234 secs] [Times: user=0.00 sys=0.00, real=0.00 secs] 
1.603: [GC (Allocation Failure) 1.603: [DefNew: 959K->64K(960K), 0.0008737 secs] 109328K->108615K(524224K), 0.0009164 secs] [Times: user=0.00 sys=0.00, real=0.00 secs] 
1.606: [GC (Allocation Failure) 1.606: [DefNew: 960K->63K(960K), 0.0008037 secs] 109575K->108851K(524224K), 0.0008311 secs] [Times: user=0.00 sys=0.00, real=0.00 secs] 
1.610: [GC (Allocation Failure) 1.610: [DefNew: 959K->64K(960K), 0.0009688 secs] 109805K->109102K(524224K), 0.0010180 secs] [Times: user=0.00 sys=0.00, real=0.00 secs] 
1.615: [GC (Allocation Failure) 1.615: [DefNew: 960K->64K(960K), 0.0011821 secs] 110016K->109508K(524224K), 0.0012392 secs] [Times: user=0.00 sys=0.00, real=0.00 secs] 
1.618: [GC (Allocation Failure) 1.618: [DefNew: 960K->63K(960K), 0.0010245 secs] 110469K->109745K(524224K), 0.0010639 secs] [Times: user=0.00 sys=0.00, real=0.00 secs] 
1.623: [GC (Allocation Failure) 1.623: [DefNew: 959K->63K(960K), 0.0008519 secs] 110704K->109986K(524224K), 0.0009025 secs] [Times: user=0.00 sys=0.00, real=0.00 secs] 
1.628: [GC (Allocation Failure) 1.628: [DefNew: 959K->63K(960K), 0.0008714 secs] 110937K->110240K(524224K), 0.0009210 secs] [Times: user=0.00 sys=0.00, real=0.00 secs] 
1.631: [GC (Allocation Failure) 1.631: [DefNew: 959K->63K(960K), 0.0009758 secs] 111190K->110498K(524224K), 0.0010245 secs] [Times: user=0.00 sys=0.00, real=0.00 secs] 
1.635: [GC (Allocation Failure) 1.635: [DefNew: 959K->63K(960K), 0.0012475 secs] 111455K->110741K(524224K), 0.0013101 secs] [Times: user=0.00 sys=0.00, real=0.00 secs] 
1.640: [GC (Allocation Failure) 1.640: [DefNew: 959K->63K(960K), 0.0010184 secs] 111678K->111043K(524224K), 0.0010727 secs] [Times: user=0.00 sys=0.00, real=0.00 secs] 
1.642: [GC (Allocation Failure) 1.642: [DefNew: 959K->63K(960K), 0.0008914 secs] 112000K->111295K(524224K), 0.0009229 secs] [Times: user=0.00 sys=0.00, real=0.00 secs] 
1.646: [GC (Allocation Failure) 1.646: [DefNew: 959K->64K(960K), 0.0011562 secs] 112217K->111642K(524224K), 0.0012100 secs] [Times: user=0.00 sys=0.00, real=0.00 secs] 
1.650: [GC (Allocation Failure) 1.650: [DefNew: 960K->63K(960K), 0.0010170 secs] 112595K->111892K(524224K), 0.0010643 secs] [Times: user=0.00 sys=0.00, real=0.00 secs] 
1.652: [GC (Allocation Failure) 1.652: [DefNew: 959K->63K(960K), 0.0007842 secs] 112857K->112127K(524224K), 0.0008116 secs] [Times: user=0.02 sys=0.00, real=0.00 secs] 
1.656: [GC (Allocation Failure) 1.656: [DefNew: 959K->63K(960K), 0.0007615 secs] 113091K->112363K(524224K), 0.0007912 secs] [Times: user=0.00 sys=0.00, real=0.00 secs] 
1.661: [GC (Allocation Failure) 1.661: [DefNew: 959K->64K(960K), 0.0012063 secs] 113300K->112803K(524224K), 0.0012786 secs] [Times: user=0.00 sys=0.00, real=0.00 secs] 
1.663: [GC (Allocation Failure) 1.663: [DefNew: 960K->63K(960K), 0.0009730 secs] 113770K->113036K(524224K), 0.0010013 secs] [Times: user=0.00 sys=0.00, real=0.00 secs] 
1.668: [GC (Allocation Failure) 1.668: [DefNew: 959K->64K(960K), 0.0008046 secs] 113995K->113273K(524224K), 0.0008524 secs] [Times: user=0.00 sys=0.00, real=0.00 secs] 
1.672: [GC (Allocation Failure) 1.672: [DefNew: 960K->63K(960K), 0.0007666 secs] 114232K->113517K(524224K), 0.0008056 secs] [Times: user=0.00 sys=0.00, real=0.00 secs] 
1.675: [GC (Allocation Failure) 1.675: [DefNew: 959K->63K(960K), 0.0010194 secs] 114460K->113785K(524224K), 0.0010648 secs] [Times: user=0.00 sys=0.00, real=0.00 secs] 
1.679: [GC (Allocation Failure) 1.679: [DefNew: 959K->63K(960K), 0.0009577 secs] 114734K->114046K(524224K), 0.0010022 secs] [Times: user=0.00 sys=0.00, real=0.00 secs] 
1.683: [GC (Allocation Failure) 1.683: [DefNew: 959K->63K(960K), 0.0012976 secs] 114999K->114299K(524224K), 0.0013765 secs] [Times: user=0.02 sys=0.00, real=0.00 secs] 
1.685: [GC (Allocation Failure) 1.685: [DefNew: 959K->63K(960K), 0.0008218 secs] 115234K->114581K(524224K), 0.0008510 secs] [Times: user=0.00 sys=0.00, real=0.00 secs] 
1.690: [GC (Allocation Failure) 1.690: [DefNew: 959K->63K(960K), 0.0009132 secs] 115540K->114822K(524224K), 0.0009609 secs] [Times: user=0.00 sys=0.00, real=0.00 secs] 
1.694: [GC (Allocation Failure) 1.694: [DefNew: 959K->64K(960K), 0.0010374 secs] 115774K->115091K(524224K), 0.0010968 secs] [Times: user=0.00 sys=0.00, real=0.00 secs] 
1.697: [GC (Allocation Failure) 1.697: [DefNew: 960K->63K(960K), 0.0009721 secs] 116052K->115331K(524224K), 0.0010198 secs] [Times: user=0.00 sys=0.00, real=0.00 secs] 
1.702: [GC (Allocation Failure) 1.702: [DefNew: 959K->63K(960K), 0.0015082 secs] 116276K->115692K(524224K), 0.0015903 secs] [Times: user=0.00 sys=0.00, real=0.00 secs] 
1.707: [GC (Allocation Failure) 1.707: [DefNew: 959K->63K(960K), 0.0009215 secs] 116647K->115934K(524224K), 0.0009554 secs] [Times: user=0.00 sys=0.00, real=0.00 secs] 
1.709: [GC (Allocation Failure) 1.709: [DefNew: 959K->64K(960K), 0.0007930 secs] 116891K->116184K(524224K), 0.0008274 secs] [Times: user=0.00 sys=0.00, real=0.00 secs] 
1.714: [GC (Allocation Failure) 1.714: [DefNew: 960K->63K(960K), 0.0009544 secs] 117137K->116436K(524224K), 0.0010124 secs] [Times: user=0.01 sys=0.00, real=0.00 secs] 
1.719: [GC (Allocation Failure) 1.719: [DefNew: 959K->64K(960K), 0.0007944 secs] 117390K->116686K(524224K), 0.0008362 secs] [Times: user=0.00 sys=0.00, real=0.00 secs] 
1.722: [GC (Allocation Failure) 1.722: [DefNew: 960K->63K(960K), 0.0008900 secs] 117631K->116952K(524224K), 0.0009294 secs] [Times: user=0.00 sys=0.00, real=0.00 secs] 
1.726: [GC (Allocation Failure) 1.726: [DefNew: 959K->64K(960K), 0.0012248 secs] 117887K->117242K(524224K), 0.0012837 secs] [Times: user=0.00 sys=0.00, real=0.00 secs] 
1.731: [GC (Allocation Failure) 1.731: [DefNew: 960K->63K(960K), 0.0010500 secs] 118179K->117530K(524224K), 0.0011042 secs] [Times: user=0.00 sys=0.00, real=0.00 secs] 
1.734: [GC (Allocation Failure) 1.734: [DefNew: 959K->63K(960K), 0.0007699 secs] 118496K->117768K(524224K), 0.0008014 secs] [Times: user=0.00 sys=0.00, real=0.00 secs] 
1.738: [GC (Allocation Failure) 1.738: [DefNew: 959K->64K(960K), 0.0036341 secs] 118691K->118353K(524224K), 0.0037445 secs] [Times: user=0.00 sys=0.00, real=0.00 secs] 
1.744: [GC (Allocation Failure) 1.744: [DefNew: 960K->63K(960K), 0.0031652 secs] 119252K->118811K(524224K), 0.0032700 secs] [Times: user=0.02 sys=0.00, real=0.00 secs] 
1.750: [GC (Allocation Failure) 1.750: [DefNew: 959K->63K(960K), 0.0025206 secs] 119719K->119324K(524224K), 0.0025901 secs] [Times: user=0.00 sys=0.00, real=0.00 secs] 
1.757: [GC (Allocation Failure) 1.757: [DefNew: 959K->63K(960K), 0.0018838 secs] 120238K->119627K(524224K), 0.0019529 secs] [Times: user=0.00 sys=0.00, real=0.00 secs] 
1.760: [GC (Allocation Failure) 1.760: [DefNew: 959K->63K(960K), 0.0015889 secs] 120546K->119935K(524224K), 0.0016436 secs] [Times: user=0.00 sys=0.00, real=0.00 secs] 
1.765: [GC (Allocation Failure) 1.765: [DefNew: 959K->63K(960K), 0.0012921 secs] 120865K->120218K(524224K), 0.0013431 secs] [Times: user=0.00 sys=0.00, real=0.00 secs] 
1.770: [GC (Allocation Failure) 1.770: [DefNew: 959K->63K(960K), 0.0011821 secs] 121173K->120486K(524224K), 0.0012341 secs] [Times: user=0.00 sys=0.00, real=0.00 secs] 
1.773: [GC (Allocation Failure) 1.773: [DefNew: 959K->63K(960K), 0.0009257 secs] 121436K->120738K(524224K), 0.0009688 secs] [Times: user=0.00 sys=0.00, real=0.00 secs] 
1.778: [GC (Allocation Failure) 1.778: [DefNew: 959K->63K(960K), 0.0009660 secs] 121684K->121011K(524224K), 0.0010129 secs] [Times: user=0.00 sys=0.00, real=0.00 secs] 
1.783: [GC (Allocation Failure) 1.783: [DefNew: 959K->64K(960K), 0.0009215 secs] 121956K->121287K(524224K), 0.0009605 secs] [Times: user=0.00 sys=0.00, real=0.00 secs] 
1.785: [GC (Allocation Failure) 1.785: [DefNew: 960K->63K(960K), 0.0007226 secs] 122256K->121515K(524224K), 0.0007490 secs] [Times: user=0.00 sys=0.00, real=0.00 secs] 
1.788: [GC (Allocation Failure) 1.788: [DefNew: 959K->63K(960K), 0.0006048 secs] 122482K->121747K(524224K), 0.0006312 secs] [Times: user=0.00 sys=0.00, real=0.00 secs] 
1.793: [GC (Allocation Failure) 1.793: [DefNew: 959K->64K(960K), 0.0013556 secs] 122712K->121990K(524224K), 0.0014525 secs] [Times: user=0.01 sys=0.00, real=0.00 secs] 
1.802: [GC (Allocation Failure) 1.802: [DefNew: 960K->64K(960K), 0.0042087 secs] 125009K->124292K(524224K), 0.0042532 secs] [Times: user=0.00 sys=0.00, real=0.00 secs] 
1.808: [GC (Allocation Failure) 1.809: [DefNew: 960K->63K(960K), 0.0007903 secs] 125257K->124525K(524224K), 0.0008380 secs] [Times: user=0.00 sys=0.00, real=0.00 secs] 
1.813: [GC (Allocation Failure) 1.813: [DefNew: 959K->64K(960K), 0.0010931 secs] 125486K->124774K(524224K), 0.0011845 secs] [Times: user=0.00 sys=0.00, real=0.00 secs] 
1.816: [GC (Allocation Failure) 1.816: [DefNew: 960K->63K(960K), 0.0013338 secs] 125700K->125200K(524224K), 0.0013964 secs] [Times: user=0.00 sys=0.00, real=0.00 secs] 
1.821: [GC (Allocation Failure) 1.821: [DefNew: 959K->63K(960K), 0.0009892 secs] 126167K->125433K(524224K), 0.0010254 secs] [Times: user=0.00 sys=0.00, real=0.00 secs] 
1.826: [GC (Allocation Failure) 1.826: [DefNew: 959K->64K(960K), 0.0008705 secs] 126403K->125664K(524224K), 0.0009178 secs] [Times: user=0.00 sys=0.00, real=0.00 secs] 
1.829: [GC (Allocation Failure) 1.829: [DefNew: 960K->63K(960K), 0.0007968 secs] 126614K->125930K(524224K), 0.0008366 secs] [Times: user=0.00 sys=0.00, real=0.00 secs] 
1.834: [GC (Allocation Failure) 1.834: [DefNew: 959K->63K(960K), 0.0007847 secs] 126887K->126176K(524224K), 0.0008176 secs] [Times: user=0.00 sys=0.00, real=0.00 secs] 
1.838: [GC (Allocation Failure) 1.839: [DefNew: 959K->64K(960K), 0.0009540 secs] 127113K->126474K(524224K), 0.0009980 secs] [Times: user=0.00 sys=0.00, real=0.00 secs] 
1.841: [GC (Allocation Failure) 1.841: [DefNew: 960K->64K(960K), 0.0008997 secs] 127444K->126694K(524224K), 0.0009530 secs] [Times: user=0.00 sys=0.00, real=0.00 secs] 
1.844: [GC (Allocation Failure) 1.844: [DefNew: 960K->64K(960K), 0.0007893 secs] 127659K->126935K(524224K), 0.0008362 secs] [Times: user=0.00 sys=0.00, real=0.00 secs] 
1.849: [GC (Allocation Failure) 1.849: [DefNew: 960K->63K(960K), 0.0007777 secs] 127902K->127167K(524224K), 0.0008186 secs] [Times: user=0.00 sys=0.00, real=0.00 secs] 
1.854: [GC (Allocation Failure) 1.854: [DefNew: 959K->63K(960K), 0.0006502 secs] 128139K->127390K(524224K), 0.0006766 secs] [Times: user=0.00 sys=0.00, real=0.00 secs] 
1.857: [GC (Allocation Failure) 1.857: [DefNew: 959K->64K(960K), 0.0007592 secs] 128358K->127621K(524224K), 0.0008186 secs] [Times: user=0.00 sys=0.00, real=0.00 secs] 
1.862: [GC (Allocation Failure) 1.862: [DefNew: 960K->64K(960K), 0.0009697 secs] 128564K->127945K(524224K), 0.0010291 secs] [Times: user=0.00 sys=0.00, real=0.00 secs] 
1.865: [GC (Allocation Failure) 1.865: [DefNew: 960K->63K(960K), 0.0009178 secs] 128899K->128191K(524224K), 0.0009581 secs] [Times: user=0.00 sys=0.00, real=0.00 secs] 
1.869: [GC (Allocation Failure) 1.869: [DefNew: 959K->64K(960K), 0.0006882 secs] 129159K->128418K(524224K), 0.0007179 secs] [Times: user=0.00 sys=0.00, real=0.00 secs] 
1.872: [GC (Allocation Failure) 1.872: [DefNew: 960K->63K(960K), 0.0006794 secs] 129388K->128647K(524224K), 0.0007059 secs] [Times: user=0.00 sys=0.00, real=0.00 secs] 
1.877: [GC (Allocation Failure) 1.877: [DefNew: 959K->64K(960K), 0.0008413 secs] 129608K->128902K(524224K), 0.0008914 secs] [Times: user=0.00 sys=0.00, real=0.00 secs] 
1.879: [GC (Allocation Failure) 1.879: [DefNew: 960K->63K(960K), 0.0006980 secs] 129873K->129129K(524224K), 0.0007235 secs] [Times: user=0.00 sys=0.00, real=0.00 secs] 
1.884: [GC (Allocation Failure) 1.884: [DefNew: 959K->64K(960K), 0.0008965 secs] 130081K->129388K(524224K), 0.0009456 secs] [Times: user=0.00 sys=0.00, real=0.00 secs] 
1.888: [GC (Allocation Failure) 1.888: [DefNew: 960K->63K(960K), 0.0007499 secs] 130352K->129619K(524224K), 0.0007759 secs] [Times: user=0.00 sys=0.00, real=0.00 secs] 
1.893: [GC (Allocation Failure) 1.893: [DefNew: 959K->63K(960K), 0.0008422 secs] 130587K->129846K(524224K), 0.0008904 secs] [Times: user=0.00 sys=0.00, real=0.00 secs] 
1.895: [GC (Allocation Failure) 1.895: [DefNew: 959K->63K(960K), 0.0008584 secs] 130798K->130102K(524224K), 0.0008918 secs] [Times: user=0.00 sys=0.00, real=0.00 secs] 
1.899: [GC (Allocation Failure) 1.899: [DefNew: 959K->63K(960K), 0.0007879 secs] 131059K->130340K(524224K), 0.0008250 secs] [Times: user=0.00 sys=0.00, real=0.00 secs] 
1.903: [GC (Allocation Failure) 1.903: [DefNew: 959K->63K(960K), 0.0012591 secs] 131311K->130563K(524224K), 0.0013408 secs] [Times: user=0.00 sys=0.00, real=0.00 secs] 
1.906: [GC (Allocation Failure) 1.906: [DefNew: 959K->64K(960K), 0.0008227 secs] 131512K->130822K(524224K), 0.0008594 secs] [Times: user=0.00 sys=0.00, real=0.00 secs] 
1.910: [GC (Allocation Failure) 1.910: [DefNew: 960K->63K(960K), 0.0009637 secs] 131777K->131070K(524224K), 0.0010106 secs] [Times: user=0.00 sys=0.00, real=0.00 secs] 
1.913: [GC (Allocation Failure) 1.913: [DefNew: 959K->64K(960K), 0.0009377 secs] 132030K->131304K(524224K), 0.0009781 secs] [Times: user=0.00 sys=0.00, real=0.00 secs] 
1.916: [GC (Allocation Failure) 1.916: [DefNew: 960K->64K(960K), 0.0007230 secs] 132273K->131536K(524224K), 0.0007615 secs] [Times: user=0.00 sys=0.00, real=0.00 secs] 
1.920: [GC (Allocation Failure) 1.920: [DefNew: 960K->64K(960K), 0.0006896 secs] 132505K->131763K(524224K), 0.0007184 secs] [Times: user=0.00 sys=0.00, real=0.00 secs] 
1.924: [GC (Allocation Failure) 1.924: [DefNew: 960K->63K(960K), 0.0007977 secs] 132725K->131998K(524224K), 0.0008459 secs] [Times: user=0.00 sys=0.00, real=0.00 secs] 
1.926: [GC (Allocation Failure) 1.926: [DefNew: 959K->64K(960K), 0.0015318 secs] 132937K->132361K(524224K), 0.0015954 secs] [Times: user=0.00 sys=0.00, real=0.00 secs] 
1.931: [GC (Allocation Failure) 1.931: [DefNew: 960K->63K(960K), 0.0010115 secs] 133326K->132593K(524224K), 0.0010611 secs] [Times: user=0.00 sys=0.00, real=0.00 secs] 
1.936: [GC (Allocation Failure) 1.936: [DefNew: 959K->63K(960K), 0.0008060 secs] 133551K->132841K(524224K), 0.0008394 secs] [Times: user=0.00 sys=0.00, real=0.00 secs] 
1.939: [GC (Allocation Failure) 1.939: [DefNew: 959K->63K(960K), 0.0006493 secs] 133809K->133064K(524224K), 0.0006762 secs] [Times: user=0.00 sys=0.00, real=0.00 secs] 
1.943: [GC (Allocation Failure) 1.943: [DefNew: 959K->64K(960K), 0.0009730 secs] 133994K->133412K(524224K), 0.0010101 secs] [Times: user=0.00 sys=0.00, real=0.00 secs] 
1.948: [GC (Allocation Failure) 1.948: [DefNew: 960K->63K(960K), 0.0012420 secs] 134372K->133650K(524224K), 0.0013078 secs] [Times: user=0.02 sys=0.00, real=0.00 secs] 
1.951: [GC (Allocation Failure) 1.951: [DefNew: 959K->64K(960K), 0.0008733 secs] 134586K->133937K(524224K), 0.0009094 secs] [Times: user=0.00 sys=0.00, real=0.00 secs] 
1.956: [GC (Allocation Failure) 1.956: [DefNew: 960K->64K(960K), 0.0007485 secs] 134906K->134193K(524224K), 0.0007777 secs] [Times: user=0.00 sys=0.00, real=0.00 secs] 
1.960: [GC (Allocation Failure) 1.960: [DefNew: 960K->63K(960K), 0.0009354 secs] 135144K->134445K(524224K), 0.0009846 secs] [Times: user=0.00 sys=0.00, real=0.00 secs] 
1.963: [GC (Allocation Failure) 1.963: [DefNew: 959K->64K(960K), 0.0009308 secs] 135410K->134678K(524224K), 0.0009837 secs] [Times: user=0.00 sys=0.00, real=0.00 secs] 
1.967: [GC (Allocation Failure) 1.967: [DefNew: 960K->63K(960K), 0.0007323 secs] 135645K->134901K(524224K), 0.0007717 secs] [Times: user=0.00 sys=0.00, real=0.00 secs] 
1.971: [GC (Allocation Failure) 1.971: [DefNew: 959K->64K(960K), 0.0011752 secs] 135862K->135141K(524224K), 0.0012735 secs] [Times: user=0.00 sys=0.00, real=0.00 secs] 
1.976: [GC (Allocation Failure) 1.976: [DefNew: 960K->63K(960K), 0.0008654 secs] 136101K->135389K(524224K), 0.0009081 secs] [Times: user=0.00 sys=0.00, real=0.00 secs] 
1.979: [GC (Allocation Failure) 1.979: [DefNew: 959K->63K(960K), 0.0008399 secs] 136358K->135619K(524224K), 0.0008802 secs] [Times: user=0.00 sys=0.00, real=0.00 secs] 
1.984: [GC (Allocation Failure) 1.984: [DefNew: 959K->63K(960K), 0.0007179 secs] 136586K->135845K(524224K), 0.0007601 secs] [Times: user=0.00 sys=0.00, real=0.00 secs] 
1.988: [GC (Allocation Failure) 1.989: [DefNew: 959K->63K(960K), 0.0027821 secs] 136813K->136110K(524224K), 0.0029370 secs] [Times: user=0.00 sys=0.00, real=0.00 secs] 
1.994: [GC (Allocation Failure) 1.994: [DefNew: 959K->63K(960K), 0.0055369 secs] 137026K->136911K(524224K), 0.0057030 secs] [Times: user=0.02 sys=0.00, real=0.01 secs] 
2.002: [GC (Allocation Failure) 2.002: [DefNew: 959K->63K(960K), 0.0013644 secs] 137857K->137215K(524224K), 0.0013987 secs] [Times: user=0.00 sys=0.00, real=0.00 secs] 
2.006: [GC (Allocation Failure) 2.006: [DefNew: 959K->63K(960K), 0.0009224 secs] 138171K->137465K(524224K), 0.0009628 secs] [Times: user=0.00 sys=0.00, real=0.00 secs] 
2.009: [GC (Allocation Failure) 2.009: [DefNew: 959K->64K(960K), 0.0008482 secs] 138428K->137699K(524224K), 0.0008830 secs] [Times: user=0.00 sys=0.00, real=0.00 secs] 
2.013: [GC (Allocation Failure) 2.013: [DefNew: 960K->63K(960K), 0.0016297 secs] 138644K->137986K(524224K), 0.0017396 secs] [Times: user=0.00 sys=0.00, real=0.00 secs] 
2.019: [GC (Allocation Failure) 2.019: [DefNew: 959K->63K(960K), 0.0008589 secs] 138940K->138234K(524224K), 0.0008974 secs] [Times: user=0.00 sys=0.00, real=0.00 secs] 
2.021: [GC (Allocation Failure) 2.021: [DefNew: 959K->64K(960K), 0.0006757 secs] 139205K->138454K(524224K), 0.0007045 secs] [Times: user=0.00 sys=0.00, real=0.00 secs] 
2.025: [GC (Allocation Failure) 2.025: [DefNew: 960K->63K(960K), 0.0007457 secs] 139422K->138684K(524224K), 0.0007801 secs] [Times: user=0.00 sys=0.00, real=0.00 secs] 
2.029: [GC (Allocation Failure) 2.029: [DefNew: 959K->63K(960K), 0.0007842 secs] 139651K->138914K(524224K), 0.0008250 secs] [Times: user=0.00 sys=0.00, real=0.00 secs] 
2.032: [GC (Allocation Failure) 2.032: [DefNew: 959K->63K(960K), 0.0007253 secs] 139878K->139150K(524224K), 0.0007648 secs] [Times: user=0.00 sys=0.00, real=0.00 secs] 
2.036: [GC (Allocation Failure) 2.036: [DefNew: 959K->63K(960K), 0.0007796 secs] 140119K->139407K(524224K), 0.0008148 secs] [Times: user=0.00 sys=0.00, real=0.00 secs] 
2.040: [GC (Allocation Failure) 2.040: [DefNew: 959K->64K(960K), 0.0008983 secs] 140346K->139687K(524224K), 0.0009414 secs] [Times: user=0.00 sys=0.00, real=0.00 secs] 
2.043: [GC (Allocation Failure) 2.043: [DefNew: 960K->64K(960K), 0.0009039 secs] 140658K->139912K(524224K), 0.0009359 secs] [Times: user=0.00 sys=0.00, real=0.00 secs] 
2.048: [GC (Allocation Failure) 2.048: [DefNew: 960K->63K(960K), 0.0008107 secs] 140866K->140167K(524224K), 0.0008561 secs] [Times: user=0.00 sys=0.00, real=0.00 secs] 
2.052: [GC (Allocation Failure) 2.052: [DefNew: 959K->63K(960K), 0.0006901 secs] 141133K->140397K(524224K), 0.0007202 secs] [Times: user=0.00 sys=0.00, real=0.00 secs] 
2.056: [GC (Allocation Failure) 2.056: [DefNew: 959K->63K(960K), 0.0010973 secs] 141368K->140619K(524224K), 0.0011613 secs] [Times: user=0.00 sys=0.00, real=0.00 secs] 
2.059: [GC (Allocation Failure) 2.059: [DefNew: 959K->64K(960K), 0.0012350 secs] 141538K->141026K(524224K), 0.0013078 secs] [Times: user=0.00 sys=0.00, real=0.00 secs] 
2.064: [GC (Allocation Failure) 2.064: [DefNew: 960K->64K(960K), 0.0011103 secs] 141991K->141257K(524224K), 0.0011650 secs] [Times: user=0.00 sys=0.00, real=0.00 secs] 
2.068: [GC (Allocation Failure) 2.068: [DefNew: 960K->63K(960K), 0.0007689 secs] 142229K->141483K(524224K), 0.0008037 secs] [Times: user=0.00 sys=0.00, real=0.00 secs] 
2.070: [GC (Allocation Failure) 2.070: [DefNew: 959K->63K(960K), 0.0005936 secs] 142456K->141702K(524224K), 0.0006191 secs] [Times: user=0.00 sys=0.00, real=0.00 secs] 
2.074: [GC (Allocation Failure) 2.074: [DefNew: 959K->63K(960K), 0.0007212 secs] 142673K->141927K(524224K), 0.0007541 secs] [Times: user=0.02 sys=0.00, real=0.00 secs] 
2.078: [GC (Allocation Failure) 2.078: [DefNew: 959K->63K(960K), 0.0008283 secs] 142887K->142172K(524224K), 0.0008770 secs] [Times: user=0.00 sys=0.00, real=0.00 secs] 
2.081: [GC (Allocation Failure) 2.081: [DefNew: 959K->63K(960K), 0.0008209 secs] 143136K->142412K(524224K), 0.0008645 secs] [Times: user=0.00 sys=0.00, real=0.00 secs] 
2.086: [GC (Allocation Failure) 2.086: [DefNew: 959K->63K(960K), 0.0010045 secs] 143349K->142765K(524224K), 0.0010477 secs] [Times: user=0.00 sys=0.00, real=0.00 secs] 
2.090: [GC (Allocation Failure) 2.090: [DefNew: 959K->64K(960K), 0.0007740 secs] 143738K->142988K(524224K), 0.0008005 secs] [Times: user=0.00 sys=0.00, real=0.00 secs] 
2.093: [GC (Allocation Failure) 2.093: [DefNew: 960K->64K(960K), 0.0008227 secs] 143947K->143234K(524224K), 0.0008835 secs] [Times: user=0.00 sys=0.00, real=0.00 secs] 
2.098: [GC (Allocation Failure) 2.098: [DefNew: 960K->63K(960K), 0.0008209 secs] 144191K->143479K(524224K), 0.0008677 secs] [Times: user=0.00 sys=0.00, real=0.00 secs] 
2.102: [GC (Allocation Failure) 2.102: [DefNew: 959K->63K(960K), 0.0011181 secs] 144429K->143740K(524224K), 0.0012049 secs] [Times: user=0.00 sys=0.00, real=0.00 secs] 
2.105: [GC (Allocation Failure) 2.105: [DefNew: 959K->64K(960K), 0.0007448 secs] 144710K->143967K(524224K), 0.0007717 secs] [Times: user=0.02 sys=0.00, real=0.00 secs] 
2.109: [GC (Allocation Failure) 2.109: [DefNew: 960K->63K(960K), 0.0007573 secs] 144934K->144198K(524224K), 0.0008005 secs] [Times: user=0.00 sys=0.00, real=0.00 secs] 
2.113: [GC (Allocation Failure) 2.113: [DefNew: 959K->63K(960K), 0.0007879 secs] 145160K->144445K(524224K), 0.0008320 secs] [Times: user=0.00 sys=0.00, real=0.00 secs] 
2.117: [GC (Allocation Failure) 2.117: [DefNew: 959K->63K(960K), 0.0007703 secs] 145412K->144676K(524224K), 0.0008088 secs] [Times: user=0.00 sys=0.00, real=0.00 secs] 
2.119: [GC (Allocation Failure) 2.119: [DefNew: 959K->63K(960K), 0.0006085 secs] 145647K->144900K(524224K), 0.0006349 secs] [Times: user=0.00 sys=0.00, real=0.00 secs] 
2.123: [GC (Allocation Failure) 2.123: [DefNew: 959K->63K(960K), 0.0006122 secs] 145870K->145124K(524224K), 0.0006381 secs] [Times: user=0.00 sys=0.00, real=0.00 secs] 
2.126: [GC (Allocation Failure) 2.126: [DefNew: 959K->63K(960K), 0.0019840 secs] 146066K->145660K(524224K), 0.0021083 secs] [Times: user=0.00 sys=0.00, real=0.00 secs] 
2.130: [GC (Allocation Failure) 2.130: [DefNew: 959K->63K(960K), 0.0011395 secs] 146622K->145900K(524224K), 0.0011701 secs] [Times: user=0.00 sys=0.00, real=0.00 secs] 
2.134: [GC (Allocation Failure) 2.134: [DefNew: 959K->64K(960K), 0.0007685 secs] 146868K->146132K(524224K), 0.0008070 secs] [Times: user=0.00 sys=0.00, real=0.00 secs] 
2.138: [GC (Allocation Failure) 2.138: [DefNew: 960K->63K(960K), 0.0007949 secs] 147101K->146361K(524224K), 0.0008454 secs] [Times: user=0.00 sys=0.00, real=0.00 secs] 
2.141: [GC (Allocation Failure) 2.141: [DefNew: 959K->63K(960K), 0.0007917 secs] 147332K->146590K(524224K), 0.0008255 secs] [Times: user=0.00 sys=0.00, real=0.00 secs] 
2.145: [GC (Allocation Failure) 2.145: [DefNew: 959K->64K(960K), 0.0013802 secs] 147545K->146842K(524224K), 0.0014980 secs] [Times: user=0.00 sys=0.00, real=0.00 secs] 
2.149: [GC (Allocation Failure) 2.149: [DefNew: 960K->63K(960K), 0.0008566 secs] 147794K->147114K(524224K), 0.0008858 secs] [Times: user=0.00 sys=0.00, real=0.00 secs] 
2.151: [GC (Allocation Failure) 2.151: [DefNew: 959K->63K(960K), 0.0007068 secs] 148086K->147340K(524224K), 0.0007328 secs] [Times: user=0.00 sys=0.00, real=0.00 secs] 
2.155: [GC (Allocation Failure) 2.155: [DefNew: 959K->63K(960K), 0.0005983 secs] 148312K->147558K(524224K), 0.0006242 secs] [Times: user=0.00 sys=0.00, real=0.00 secs] 
2.159: [GC (Allocation Failure) 2.159: [DefNew: 959K->64K(960K), 0.0006817 secs] 148528K->147776K(524224K), 0.0007128 secs] [Times: user=0.00 sys=0.00, real=0.00 secs] 
2.164: [GC (Allocation Failure) 2.164: [DefNew: 960K->63K(960K), 0.0006558 secs] 148748K->147999K(524224K), 0.0006822 secs] [Times: user=0.00 sys=0.00, real=0.00 secs] 
2.165: [GC (Allocation Failure) 2.166: [DefNew: 959K->64K(960K), 0.0006131 secs] 148968K->148226K(524224K), 0.0006409 secs] [Times: user=0.00 sys=0.00, real=0.00 secs] 
2.170: [GC (Allocation Failure) 2.170: [DefNew: 960K->63K(960K), 0.0007035 secs] 149202K->148449K(524224K), 0.0007341 secs] [Times: user=0.00 sys=0.00, real=0.00 secs] 
2.174: [GC (Allocation Failure) 2.174: [DefNew: 959K->63K(960K), 0.0009628 secs] 149383K->148740K(524224K), 0.0010031 secs] [Times: user=0.00 sys=0.00, real=0.00 secs] 
2.177: [GC (Allocation Failure) 2.177: [DefNew: 959K->63K(960K), 0.0008376 secs] 149708K->148998K(524224K), 0.0008663 secs] [Times: user=0.00 sys=0.00, real=0.00 secs] 
2.181: [GC (Allocation Failure) 2.181: [DefNew: 959K->63K(960K), 0.0006507 secs] 149971K->149219K(524224K), 0.0006757 secs] [Times: user=0.00 sys=0.00, real=0.00 secs] 
2.184: [GC (Allocation Failure) 2.185: [DefNew: 959K->64K(960K), 0.0007680 secs] 150188K->149445K(524224K), 0.0008181 secs] [Times: user=0.00 sys=0.00, real=0.00 secs] 
2.187: [GC (Allocation Failure) 2.187: [DefNew: 960K->63K(960K), 0.0006627 secs] 150416K->149668K(524224K), 0.0006906 secs] [Times: user=0.00 sys=0.00, real=0.00 secs] 
2.192: [GC (Allocation Failure) 2.192: [DefNew: 959K->63K(960K), 0.0008631 secs] 150622K->149924K(524224K), 0.0009057 secs] [Times: user=0.00 sys=0.00, real=0.00 secs] 
2.195: [GC (Allocation Failure) 2.195: [DefNew: 959K->63K(960K), 0.0007685 secs] 150894K->150153K(524224K), 0.0008037 secs] [Times: user=0.00 sys=0.00, real=0.00 secs] 
2.201: [GC (Allocation Failure) 2.201: [DefNew: 959K->63K(960K), 0.0008213 secs] 151119K->150379K(524224K), 0.0008705 secs] [Times: user=0.00 sys=0.00, real=0.00 secs] 
2.203: [GC (Allocation Failure) 2.203: [DefNew: 959K->64K(960K), 0.0006637 secs] 151353K->150603K(524224K), 0.0006915 secs] [Times: user=0.00 sys=0.00, real=0.00 secs] 
2.207: [GC (Allocation Failure) 2.207: [DefNew: 960K->63K(960K), 0.0006456 secs] 151574K->150830K(524224K), 0.0006739 secs] [Times: user=0.00 sys=0.00, real=0.00 secs] 
2.211: [GC (Allocation Failure) 2.211: [DefNew: 959K->63K(960K), 0.0008380 secs] 151800K->151056K(524224K), 0.0008835 secs] [Times: user=0.00 sys=0.00, real=0.00 secs] 
2.213: [GC (Allocation Failure) 2.213: [DefNew: 959K->63K(960K), 0.0012814 secs] 151991K->151393K(524224K), 0.0013496 secs] [Times: user=0.00 sys=0.00, real=0.00 secs] 
2.217: [GC (Allocation Failure) 2.217: [DefNew: 959K->64K(960K), 0.0009224 secs] 152362K->151617K(524224K), 0.0009674 secs] [Times: user=0.00 sys=0.00, real=0.00 secs] 
2.221: [GC (Allocation Failure) 2.221: [DefNew: 960K->63K(960K), 0.0006479 secs] 152587K->151841K(524224K), 0.0006743 secs] [Times: user=0.00 sys=0.00, real=0.00 secs] 
2.224: [GC (Allocation Failure) 2.224: [DefNew: 959K->63K(960K), 0.0006117 secs] 152812K->152063K(524224K), 0.0006381 secs] [Times: user=0.00 sys=0.00, real=0.00 secs] 
2.227: [GC (Allocation Failure) 2.227: [DefNew: 959K->64K(960K), 0.0006038 secs] 153038K->152285K(524224K), 0.0006293 secs] [Times: user=0.00 sys=0.00, real=0.00 secs] 
2.232: [GC (Allocation Failure) 2.232: [DefNew: 960K->63K(960K), 0.0007814 secs] 153254K->152510K(524224K), 0.0008246 secs] [Times: user=0.00 sys=0.00, real=0.00 secs] 
2.236: [GC (Allocation Failure) 2.236: [DefNew: 959K->63K(960K), 0.0009711 secs] 153460K->152827K(524224K), 0.0010249 secs] [Times: user=0.00 sys=0.00, real=0.00 secs] 
2.239: [GC (Allocation Failure) 2.239: [DefNew: 959K->64K(960K), 0.0008339 secs] 153793K->153058K(524224K), 0.0008672 secs] [Times: user=0.00 sys=0.00, real=0.00 secs] 
2.244: [GC (Allocation Failure) 2.244: [DefNew: 960K->64K(960K), 0.0007847 secs] 154026K->153286K(524224K), 0.0008311 secs] [Times: user=0.00 sys=0.00, real=0.00 secs] 
2.247: [GC (Allocation Failure) 2.247: [DefNew: 960K->64K(960K), 0.0007819 secs] 154258K->153507K(524224K), 0.0008288 secs] [Times: user=0.00 sys=0.00, real=0.00 secs] 
2.249: [GC (Allocation Failure) 2.249: [DefNew: 960K->63K(960K), 0.0008028 secs] 154471K->153735K(524224K), 0.0008519 secs] [Times: user=0.00 sys=0.00, real=0.00 secs] 
2.252: [GC (Allocation Failure) 2.252: [DefNew: 959K->63K(960K), 0.0006015 secs] 154705K->153960K(524224K), 0.0006275 secs] [Times: user=0.00 sys=0.00, real=0.00 secs] 
2.256: [GC (Allocation Failure) 2.256: [DefNew: 959K->63K(960K), 0.0008436 secs] 154928K->154201K(524224K), 0.0009039 secs] [Times: user=0.00 sys=0.00, real=0.00 secs] 
2.258: [GC (Allocation Failure) 2.258: [DefNew: 959K->63K(960K), 0.0007198 secs] 155168K->154429K(524224K), 0.0007467 secs] [Times: user=0.00 sys=0.00, real=0.00 secs] 
2.263: [GC (Allocation Failure) 2.263: [DefNew: 959K->63K(960K), 0.0032635 secs] 155389K->154830K(524224K), 0.0033674 secs] [Times: user=0.00 sys=0.00, real=0.00 secs] 
2.270: [GC (Allocation Failure) 2.271: [DefNew: 959K->63K(960K), 0.0054363 secs] 155769K->155573K(524224K), 0.0055508 secs] [Times: user=0.00 sys=0.00, real=0.01 secs] 
2.278: [GC (Allocation Failure) 2.278: [DefNew: 959K->64K(960K), 0.0065725 secs] 156524K->156259K(524224K), 0.0067246 secs] [Times: user=0.00 sys=0.00, real=0.01 secs] 
2.288: [GC (Allocation Failure) 2.288: [DefNew: 960K->63K(960K), 0.0062419 secs] 157203K->156976K(524224K), 0.0063740 secs] [Times: user=0.01 sys=0.00, real=0.01 secs] 
2.298: [GC (Allocation Failure) 2.298: [DefNew: 959K->63K(960K), 0.0059056 secs] 157915K->157650K(524224K), 0.0060248 secs] [Times: user=0.00 sys=0.00, real=0.01 secs] 
2.307: [GC (Allocation Failure) 2.307: [DefNew: 959K->64K(960K), 0.0033122 secs] 158552K->158125K(524224K), 0.0034073 secs] [Times: user=0.02 sys=0.00, real=0.00 secs] 
2.314: [GC (Allocation Failure) 2.314: [DefNew: 960K->64K(960K), 0.0011066 secs] 159050K->158411K(524224K), 0.0011381 secs] [Times: user=0.00 sys=0.00, real=0.00 secs] 
2.316: [GC (Allocation Failure) 2.316: [DefNew: 960K->63K(960K), 0.0006836 secs] 159384K->158627K(524224K), 0.0007096 secs] [Times: user=0.00 sys=0.00, real=0.00 secs] 
2.320: [GC (Allocation Failure) 2.320: [DefNew: 959K->63K(960K), 0.0007309 secs] 159595K->158879K(524224K), 0.0007610 secs] [Times: user=0.00 sys=0.00, real=0.00 secs] 
2.324: [GC (Allocation Failure) 2.324: [DefNew: 959K->63K(960K), 0.0008802 secs] 159831K->159137K(524224K), 0.0009234 secs] [Times: user=0.00 sys=0.00, real=0.00 secs] 
2.328: [GC (Allocation Failure) 2.328: [DefNew: 959K->64K(960K), 0.0007054 secs] 160106K->159360K(524224K), 0.0007341 secs] [Times: user=0.00 sys=0.00, real=0.00 secs] 
2.330: [GC (Allocation Failure) 2.330: [DefNew: 960K->63K(960K), 0.0006136 secs] 160332K->159579K(524224K), 0.0006391 secs] [Times: user=0.00 sys=0.00, real=0.00 secs] 
2.333: [GC (Allocation Failure) 2.333: [DefNew: 959K->63K(960K), 0.0005890 secs] 160549K->159800K(524224K), 0.0006140 secs] [Times: user=0.00 sys=0.00, real=0.00 secs] 
2.337: [GC (Allocation Failure) 2.337: [DefNew: 959K->63K(960K), 0.0005899 secs] 160766K->160039K(524224K), 0.0006163 secs] [Times: user=0.00 sys=0.00, real=0.00 secs] 
2.339: [GC (Allocation Failure) 2.339: [DefNew: 959K->64K(960K), 0.0005751 secs] 161014K->160265K(524224K), 0.0006006 secs] [Times: user=0.00 sys=0.00, real=0.00 secs] 
2.342: [GC (Allocation Failure) 2.342: [DefNew: 960K->63K(960K), 0.0005639 secs] 161239K->160483K(524224K), 0.0005899 secs] [Times: user=0.00 sys=0.00, real=0.00 secs] 
2.346: [GC (Allocation Failure) 2.346: [DefNew: 959K->63K(960K), 0.0012717 secs] 161442K->160759K(524224K), 0.0014275 secs] [Times: user=0.00 sys=0.00, real=0.00 secs] 
2.349: [GC (Allocation Failure) 2.349: [DefNew: 959K->64K(960K), 0.0007411 secs] 161727K->160989K(524224K), 0.0007689 secs] [Times: user=0.00 sys=0.00, real=0.00 secs] 
2.354: [GC (Allocation Failure) 2.354: [DefNew: 960K->64K(960K), 0.0044415 secs] 161944K->161416K(524224K), 0.0046094 secs] [Times: user=0.01 sys=0.00, real=0.00 secs] 
2.361: [GC (Allocation Failure) 2.361: [DefNew: 960K->64K(960K), 0.0077250 secs] 162351K->162139K(524224K), 0.0078919 secs] [Times: user=0.00 sys=0.00, real=0.01 secs] 
2.372: [GC (Allocation Failure) 2.372: [DefNew: 960K->63K(960K), 0.0082569 secs] 163068K->162899K(524224K), 0.0084049 secs] [Times: user=0.00 sys=0.00, real=0.01 secs] 
2.383: [GC (Allocation Failure) 2.384: [DefNew: 959K->63K(960K), 0.0045997 secs] 163804K->163402K(524224K), 0.0047049 secs] [Times: user=0.02 sys=0.00, real=0.01 secs] 
2.391: [GC (Allocation Failure) 2.391: [DefNew: 959K->63K(960K), 0.0041804 secs] 164308K->163893K(524224K), 0.0043293 secs] [Times: user=0.00 sys=0.00, real=0.01 secs] 
2.398: [GC (Allocation Failure) 2.398: [DefNew: 959K->63K(960K), 0.0038289 secs] 164796K->164405K(524224K), 0.0039360 secs] [Times: user=0.00 sys=0.00, real=0.00 secs] 
2.406: [GC (Allocation Failure) 2.406: [DefNew: 959K->63K(960K), 0.0024598 secs] 165309K->164797K(524224K), 0.0025210 secs] [Times: user=0.00 sys=0.00, real=0.00 secs] 
2.410: [GC (Allocation Failure) 2.410: [DefNew: 959K->64K(960K), 0.0023249 secs] 165707K->165110K(524224K), 0.0024209 secs] [Times: user=0.00 sys=0.00, real=0.00 secs] 
2.415: [GC (Allocation Failure) 2.415: [DefNew: 960K->63K(960K), 0.0015142 secs] 166025K->165448K(524224K), 0.0015763 secs] [Times: user=0.00 sys=0.00, real=0.00 secs] 
2.418: [GC (Allocation Failure) 2.418: [DefNew: 959K->64K(960K), 0.0012986 secs] 166392K->165707K(524224K), 0.0013551 secs] [Times: user=0.00 sys=0.00, real=0.00 secs] 
2.423: [GC (Allocation Failure) 2.423: [DefNew: 960K->63K(960K), 0.0008626 secs] 166671K->165939K(524224K), 0.0008965 secs] [Times: user=0.00 sys=0.00, real=0.00 secs] 
2.426: [GC (Allocation Failure) 2.426: [DefNew: 959K->64K(960K), 0.0007810 secs] 166888K->166203K(524224K), 0.0008093 secs] [Times: user=0.00 sys=0.00, real=0.00 secs] 
2.430: [GC (Allocation Failure) 2.430: [DefNew: 960K->64K(960K), 0.0033980 secs] 167150K->166651K(524224K), 0.0035358 secs] [Times: user=0.00 sys=0.00, real=0.00 secs] 
2.436: [GC (Allocation Failure) 2.436: [DefNew: 960K->64K(960K), 0.0049628 secs] 167577K->167354K(524224K), 0.0050810 secs] [Times: user=0.00 sys=0.00, real=0.01 secs] 
2.445: [GC (Allocation Failure) 2.445: [DefNew: 960K->64K(960K), 0.0050282 secs] 168263K->167919K(524224K), 0.0051242 secs] [Times: user=0.00 sys=0.01, real=0.01 secs] 
2.451: [GC (Allocation Failure) 2.451: [DefNew: 960K->63K(960K), 0.0045751 secs] 168829K->168468K(524224K), 0.0046414 secs] [Times: user=0.00 sys=0.00, real=0.01 secs] 
2.460: [GC (Allocation Failure) 2.460: [DefNew: 959K->63K(960K), 0.0013069 secs] 169402K->168786K(524224K), 0.0013593 secs] [Times: user=0.00 sys=0.00, real=0.00 secs] 
2.465: [GC (Allocation Failure) 2.465: [DefNew: 959K->64K(960K), 0.0032557 secs] 169723K->169218K(524224K), 0.0033660 secs] [Times: user=0.00 sys=0.00, real=0.00 secs] 
2.470: [GC (Allocation Failure) 2.470: [DefNew: 960K->64K(960K), 0.0026504 secs] 170119K->169605K(524224K), 0.0027191 secs] [Times: user=0.00 sys=0.00, real=0.00 secs] 
2.476: [GC (Allocation Failure) 2.476: [DefNew: 960K->63K(960K), 0.0028137 secs] 170503K->170031K(524224K), 0.0029528 secs] [Times: user=0.00 sys=0.00, real=0.00 secs] 
2.481: [GC (Allocation Failure) 2.481: [DefNew: 959K->63K(960K), 0.0026528 secs] 170932K->170459K(524224K), 0.0027348 secs] [Times: user=0.00 sys=0.00, real=0.00 secs] 
2.487: [GC (Allocation Failure) 2.487: [DefNew: 959K->63K(960K), 0.0010268 secs] 171390K->170717K(524224K), 0.0010532 secs] [Times: user=0.00 sys=0.00, real=0.00 secs] 
2.491: [GC (Allocation Failure) 2.491: [DefNew: 959K->63K(960K), 0.0007763 secs] 171679K->170928K(524224K), 0.0008088 secs] [Times: user=0.00 sys=0.00, real=0.00 secs] 
2.493: [GC (Allocation Failure) 2.493: [DefNew: 959K->63K(960K), 0.0008357 secs] 171877K->171178K(524224K), 0.0008821 secs] [Times: user=0.00 sys=0.00, real=0.00 secs] 
2.497: [GC (Allocation Failure) 2.497: [DefNew: 959K->63K(960K), 0.0008339 secs] 172144K->171402K(524224K), 0.0008812 secs] [Times: user=0.00 sys=0.00, real=0.00 secs] 
2.501: [GC (Allocation Failure) 2.501: [DefNew: 959K->63K(960K), 0.0011506 secs] 172368K->171628K(524224K), 0.0012165 secs] [Times: user=0.00 sys=0.00, real=0.00 secs] 
2.504: [GC (Allocation Failure) 2.504: [DefNew: 959K->63K(960K), 0.0008812 secs] 172586K->171917K(524224K), 0.0009132 secs] [Times: user=0.00 sys=0.00, real=0.00 secs] 
2.508: [GC (Allocation Failure) 2.508: [DefNew: 959K->64K(960K), 0.0009414 secs] 172875K->172177K(524224K), 0.0009707 secs] [Times: user=0.00 sys=0.00, real=0.00 secs] 
2.512: [GC (Allocation Failure) 2.512: [DefNew: 960K->64K(960K), 0.0008802 secs] 173149K->172401K(524224K), 0.0009280 secs] [Times: user=0.00 sys=0.00, real=0.00 secs] 
2.515: [GC (Allocation Failure) 2.515: [DefNew: 960K->63K(960K), 0.0006525 secs] 173372K->172623K(524224K), 0.0006785 secs] [Times: user=0.00 sys=0.00, real=0.00 secs] 
2.518: [GC (Allocation Failure) 2.518: [DefNew: 959K->63K(960K), 0.0005848 secs] 173597K->172843K(524224K), 0.0006108 secs] [Times: user=0.00 sys=0.00, real=0.00 secs] 
2.522: [GC (Allocation Failure) 2.522: [DefNew: 959K->64K(960K), 0.0011168 secs] 173792K->173117K(524224K), 0.0012192 secs] [Times: user=0.00 sys=0.00, real=0.00 secs] 
2.527: [GC (Allocation Failure) 2.527: [DefNew: 960K->64K(960K), 0.0007601 secs] 174088K->173340K(524224K), 0.0007879 secs] [Times: user=0.02 sys=0.00, real=0.00 secs] 
2.529: [GC (Allocation Failure) 2.529: [DefNew: 960K->64K(960K), 0.0006187 secs] 174310K->173566K(524224K), 0.0006446 secs] [Times: user=0.00 sys=0.00, real=0.00 secs] 
2.533: [GC (Allocation Failure) 2.533: [DefNew: 960K->63K(960K), 0.0005783 secs] 174538K->173786K(524224K), 0.0006057 secs] [Times: user=0.00 sys=0.00, real=0.00 secs] 
2.537: [GC (Allocation Failure) 2.537: [DefNew: 959K->63K(960K), 0.0005621 secs] 174758K->174009K(524224K), 0.0005876 secs] [Times: user=0.00 sys=0.00, real=0.00 secs] 
2.539: [GC (Allocation Failure) 2.539: [DefNew: 959K->63K(960K), 0.0005811 secs] 174984K->174226K(524224K), 0.0006061 secs] [Times: user=0.00 sys=0.00, real=0.00 secs] 
2.543: [GC (Allocation Failure) 2.543: [DefNew: 959K->63K(960K), 0.0006210 secs] 175200K->174451K(524224K), 0.0006474 secs] [Times: user=0.00 sys=0.00, real=0.00 secs] 
2.547: [GC (Allocation Failure) 2.547: [DefNew: 959K->64K(960K), 0.0008278 secs] 175415K->174694K(524224K), 0.0008719 secs] [Times: user=0.00 sys=0.00, real=0.00 secs] 
2.549: [GC (Allocation Failure) 2.549: [DefNew: 960K->63K(960K), 0.0006442 secs] 175667K->174919K(524224K), 0.0006697 secs] [Times: user=0.00 sys=0.00, real=0.00 secs] 
2.553: [GC (Allocation Failure) 2.553: [DefNew: 959K->63K(960K), 0.0005899 secs] 175889K->175144K(524224K), 0.0006187 secs] [Times: user=0.00 sys=0.00, real=0.00 secs] 
2.557: [GC (Allocation Failure) 2.557: [DefNew: 959K->63K(960K), 0.0006034 secs] 176116K->175363K(524224K), 0.0006312 secs] [Times: user=0.00 sys=0.00, real=0.00 secs] 
2.561: [GC (Allocation Failure) 2.561: [DefNew: 959K->64K(960K), 0.0006502 secs] 176332K->175589K(524224K), 0.0006785 secs] [Times: user=0.00 sys=0.00, real=0.00 secs] 
2.563: [GC (Allocation Failure) 2.563: [DefNew: 960K->63K(960K), 0.0006892 secs] 176554K->175817K(524224K), 0.0007188 secs] [Times: user=0.00 sys=0.00, real=0.00 secs] 
2.567: [GC (Allocation Failure) 2.567: [DefNew: 959K->63K(960K), 0.0012786 secs] 176786K->176070K(524224K), 0.0013505 secs] [Times: user=0.00 sys=0.00, real=0.00 secs] 
2.571: [GC (Allocation Failure) 2.571: [DefNew: 959K->64K(960K), 0.0008060 secs] 177036K->176298K(524224K), 0.0008557 secs] [Times: user=0.00 sys=0.00, real=0.00 secs] 
2.573: [GC (Allocation Failure) 2.573: [DefNew: 960K->64K(960K), 0.0008037 secs] 177263K->176531K(524224K), 0.0008473 secs] [Times: user=0.00 sys=0.00, real=0.00 secs] 
2.577: [GC (Allocation Failure) 2.577: [DefNew: 960K->64K(960K), 0.0008032 secs] 177497K->176769K(524224K), 0.0008529 secs] [Times: user=0.00 sys=0.00, real=0.00 secs] 
2.582: [GC (Allocation Failure) 2.582: [DefNew: 960K->63K(960K), 0.0007369 secs] 177737K->177017K(524224K), 0.0007648 secs] [Times: user=0.00 sys=0.00, real=0.00 secs] 
2.584: [GC (Allocation Failure) 2.584: [DefNew: 959K->63K(960K), 0.0006038 secs] 177994K->177234K(524224K), 0.0006298 secs] [Times: user=0.00 sys=0.00, real=0.00 secs] 
2.588: [GC (Allocation Failure) 2.588: [DefNew: 959K->63K(960K), 0.0006330 secs] 178204K->177459K(524224K), 0.0006609 secs] [Times: user=0.00 sys=0.00, real=0.00 secs] 
2.592: [GC (Allocation Failure) 2.592: [DefNew: 959K->64K(960K), 0.0013918 secs] 178421K->177700K(524224K), 0.0014901 secs] [Times: user=0.00 sys=0.00, real=0.00 secs] 
2.596: [GC (Allocation Failure) 2.596: [DefNew: 960K->63K(960K), 0.0008306 secs] 178661K->177944K(524224K), 0.0008756 secs] [Times: user=0.00 sys=0.00, real=0.00 secs] 
2.600: [GC (Allocation Failure) 2.600: [DefNew: 959K->64K(960K), 0.0008162 secs] 178912K->178168K(524224K), 0.0008621 secs] [Times: user=0.00 sys=0.00, real=0.00 secs] 
2.604: [GC (Allocation Failure) 2.604: [DefNew: 960K->63K(960K), 0.0008297 secs] 179133K->178410K(524224K), 0.0008788 secs] [Times: user=0.00 sys=0.00, real=0.00 secs] 
2.607: [GC (Allocation Failure) 2.607: [DefNew: 959K->64K(960K), 0.0007634 secs] 179377K->178643K(524224K), 0.0008051 secs] [Times: user=0.00 sys=0.00, real=0.00 secs] 
2.610: [GC (Allocation Failure) 2.610: [DefNew: 960K->63K(960K), 0.0008937 secs] 179615K->178866K(524224K), 0.0009373 secs] [Times: user=0.00 sys=0.00, real=0.00 secs] 
2.614: [GC (Allocation Failure) 2.614: [DefNew: 959K->64K(960K), 0.0008895 secs] 179812K->179129K(524224K), 0.0009331 secs] [Times: user=0.00 sys=0.00, real=0.00 secs] 
2.618: [GC (Allocation Failure) 2.618: [DefNew: 960K->63K(960K), 0.0008506 secs] 180092K->179362K(524224K), 0.0008974 secs] [Times: user=0.00 sys=0.00, real=0.00 secs] 
2.620: [GC (Allocation Failure) 2.620: [DefNew: 959K->63K(960K), 0.0007949 secs] 180328K->179592K(524224K), 0.0008399 secs] [Times: user=0.00 sys=0.00, real=0.00 secs] 
2.623: [GC (Allocation Failure) 2.623: [DefNew: 959K->64K(960K), 0.0008199 secs] 180558K->179818K(524224K), 0.0008663 secs] [Times: user=0.00 sys=0.00, real=0.00 secs] 
2.627: [GC (Allocation Failure) 2.627: [DefNew: 960K->63K(960K), 0.0006785 secs] 180788K->180046K(524224K), 0.0007068 secs] [Times: user=0.00 sys=0.00, real=0.00 secs] 
2.631: [GC (Allocation Failure) 2.631: [DefNew: 959K->63K(960K), 0.0006094 secs] 181018K->180265K(524224K), 0.0006354 secs] [Times: user=0.00 sys=0.00, real=0.00 secs] 
2.634: [GC (Allocation Failure) 2.634: [DefNew: 959K->63K(960K), 0.0005950 secs] 181237K->180487K(524224K), 0.0006224 secs] [Times: user=0.00 sys=0.00, real=0.00 secs] 
2.639: [GC (Allocation Failure) 2.639: [DefNew: 959K->63K(960K), 0.0008111 secs] 181440K->180744K(524224K), 0.0008570 secs] [Times: user=0.00 sys=0.00, real=0.00 secs] 
2.643: [GC (Allocation Failure) 2.643: [DefNew: 959K->63K(960K), 0.0007281 secs] 181716K->180967K(524224K), 0.0007569 secs] [Times: user=0.00 sys=0.00, real=0.00 secs] 
2.646: [GC (Allocation Failure) 2.646: [DefNew: 959K->64K(960K), 0.0008028 secs] 181932K->181200K(524224K), 0.0008487 secs] [Times: user=0.00 sys=0.00, real=0.00 secs] 
2.649: [GC (Allocation Failure) 2.649: [DefNew: 960K->64K(960K), 0.0008301 secs] 182169K->181425K(524224K), 0.0008793 secs] [Times: user=0.00 sys=0.00, real=0.00 secs] 
2.652: [GC (Allocation Failure) 2.652: [DefNew: 960K->63K(960K), 0.0007995 secs] 182393K->181652K(524224K), 0.0008468 secs] [Times: user=0.02 sys=0.00, real=0.00 secs] 
2.654: [GC (Allocation Failure) 2.654: [DefNew: 959K->63K(960K), 0.0007661 secs] 182621K->181878K(524224K), 0.0008121 secs] [Times: user=0.00 sys=0.00, real=0.00 secs] 
2.658: [GC (Allocation Failure) 2.658: [DefNew: 959K->63K(960K), 0.0011914 secs] 182819K->182166K(524224K), 0.0012754 secs] [Times: user=0.00 sys=0.00, real=0.00 secs] 
2.661: [GC (Allocation Failure) 2.661: [DefNew: 959K->63K(960K), 0.0008116 secs] 183129K->182403K(524224K), 0.0008482 secs] [Times: user=0.00 sys=0.00, real=0.00 secs] 
2.665: [GC (Allocation Failure) 2.665: [DefNew: 959K->64K(960K), 0.0006576 secs] 183376K->182655K(524224K), 0.0006850 secs] [Times: user=0.00 sys=0.00, real=0.00 secs] 
2.667: [GC (Allocation Failure) 2.667: [DefNew: 960K->63K(960K), 0.0008148 secs] 183625K->182881K(524224K), 0.0008603 secs] [Times: user=0.02 sys=0.00, real=0.00 secs] 
2.672: [GC (Allocation Failure) 2.672: [DefNew: 959K->63K(960K), 0.0008227 secs] 183846K->183111K(524224K), 0.0008719 secs] [Times: user=0.00 sys=0.00, real=0.00 secs] 
2.676: [GC (Allocation Failure) 2.676: [DefNew: 959K->64K(960K), 0.0007151 secs] 184079K->183341K(524224K), 0.0007485 secs] [Times: user=0.00 sys=0.00, real=0.00 secs] 
2.678: [GC (Allocation Failure) 2.678: [DefNew: 960K->63K(960K), 0.0007411 secs] 184308K->183570K(524224K), 0.0007685 secs] [Times: user=0.00 sys=0.00, real=0.00 secs] 
2.683: [GC (Allocation Failure) 2.684: [DefNew: 959K->63K(960K), 0.0008487 secs] 184523K->183829K(524224K), 0.0008895 secs] [Times: user=0.00 sys=0.00, real=0.00 secs] 
2.688: [GC (Allocation Failure) 2.688: [DefNew: 959K->64K(960K), 0.0007059 secs] 184798K->184048K(524224K), 0.0007318 secs] [Times: user=0.00 sys=0.00, real=0.00 secs] 
2.690: [GC (Allocation Failure) 2.690: [DefNew: 960K->63K(960K), 0.0006502 secs] 185015K->184276K(524224K), 0.0006776 secs] [Times: user=0.00 sys=0.00, real=0.00 secs] 
2.694: [GC (Allocation Failure) 2.694: [DefNew: 959K->63K(960K), 0.0007634 secs] 185246K->184504K(524224K), 0.0008107 secs] [Times: user=0.00 sys=0.00, real=0.00 secs] 
2.697: [GC (Allocation Failure) 2.697: [DefNew: 959K->63K(960K), 0.0007791 secs] 185472K->184734K(524224K), 0.0008255 secs] [Times: user=0.00 sys=0.00, real=0.00 secs] 
2.700: [GC (Allocation Failure) 2.700: [DefNew: 959K->63K(960K), 0.0010885 secs] 185702K->184964K(524224K), 0.0011854 secs] [Times: user=0.00 sys=0.00, real=0.00 secs] 
2.703: [GC (Allocation Failure) 2.703: [DefNew: 959K->63K(960K), 0.0009679 secs] 185909K->185278K(524224K), 0.0010198 secs] [Times: user=0.00 sys=0.00, real=0.00 secs] 
2.707: [GC (Allocation Failure) 2.707: [DefNew: 959K->64K(960K), 0.0008872 secs] 186243K->185512K(524224K), 0.0009173 secs] [Times: user=0.00 sys=0.00, real=0.00 secs] 
2.712: [GC (Allocation Failure) 2.712: [DefNew: 960K->63K(960K), 0.0006864 secs] 186485K->185734K(524224K), 0.0007123 secs] [Times: user=0.00 sys=0.00, real=0.00 secs] 
2.714: [GC (Allocation Failure) 2.714: [DefNew: 959K->63K(960K), 0.0006061 secs] 186704K->185960K(524224K), 0.0006312 secs] [Times: user=0.00 sys=0.00, real=0.00 secs] 
2.718: [GC (Allocation Failure) 2.718: [DefNew: 959K->64K(960K), 0.0007847 secs] 186932K->186184K(524224K), 0.0008311 secs] [Times: user=0.00 sys=0.00, real=0.00 secs] 
2.721: [GC (Allocation Failure) 2.721: [DefNew: 960K->63K(960K), 0.0007787 secs] 187154K->186410K(524224K), 0.0008116 secs] [Times: user=0.00 sys=0.00, real=0.00 secs] 
2.724: [GC (Allocation Failure) 2.724: [DefNew: 959K->64K(960K), 0.0009966 secs] 187341K->186743K(524224K), 0.0010439 secs] [Times: user=0.00 sys=0.00, real=0.00 secs] 
2.729: [GC (Allocation Failure) 2.729: [DefNew: 960K->64K(960K), 0.0041220 secs] 187699K->187169K(524224K), 0.0042393 secs] [Times: user=0.02 sys=0.00, real=0.00 secs] 
2.737: [GC (Allocation Failure) 2.737: [DefNew: 960K->63K(960K), 0.0016575 secs] 188104K->187879K(524224K), 0.0016849 secs] [Times: user=0.00 sys=0.00, real=0.00 secs] 
2.741: [GC (Allocation Failure) 2.741: [DefNew: 959K->64K(960K), 0.0012907 secs] 188848K->188110K(524224K), 0.0013319 secs] [Times: user=0.00 sys=0.00, real=0.00 secs] 
2.745: [GC (Allocation Failure) 2.745: [DefNew: 960K->63K(960K), 0.0010226 secs] 189061K->188422K(524224K), 0.0010764 secs] [Times: user=0.01 sys=0.00, real=0.00 secs] 
2.749: [GC (Allocation Failure) 2.749: [DefNew: 959K->63K(960K), 0.0008172 secs] 189386K->188658K(524224K), 0.0008612 secs] [Times: user=0.00 sys=0.00, real=0.00 secs] 
2.751: [GC (Allocation Failure) 2.751: [DefNew: 959K->63K(960K), 0.0006419 secs] 189627K->188887K(524224K), 0.0006692 secs] [Times: user=0.00 sys=0.00, real=0.00 secs] 
2.755: [GC (Allocation Failure) 2.755: [DefNew: 959K->63K(960K), 0.0005959 secs] 189862K->189103K(524224K), 0.0006219 secs] [Times: user=0.00 sys=0.00, real=0.00 secs] 
2.759: [GC (Allocation Failure) 2.759: [DefNew: 959K->63K(960K), 0.0007940 secs] 190064K->189337K(524224K), 0.0008413 secs] [Times: user=0.00 sys=0.00, real=0.00 secs] 
2.761: [GC (Allocation Failure) 2.761: [DefNew: 959K->63K(960K), 0.0008019 secs] 190306K->189566K(524224K), 0.0008464 secs] [Times: user=0.02 sys=0.00, real=0.00 secs] 
2.764: [GC (Allocation Failure) 2.765: [DefNew: 959K->64K(960K), 0.0008339 secs] 190533K->189796K(524224K), 0.0008839 secs] [Times: user=0.00 sys=0.00, real=0.00 secs] 
2.768: [GC (Allocation Failure) 2.768: [DefNew: 960K->64K(960K), 0.0012503 secs] 190757K->190032K(524224K), 0.0013190 secs] [Times: user=0.00 sys=0.00, real=0.00 secs] 
2.772: [GC (Allocation Failure) 2.772: [DefNew: 960K->63K(960K), 0.0007870 secs] 190997K->190272K(524224K), 0.0008167 secs] [Times: user=0.00 sys=0.00, real=0.00 secs] 
2.774: [GC (Allocation Failure) 2.774: [DefNew: 959K->63K(960K), 0.0007875 secs] 191238K->190504K(524224K), 0.0008288 secs] [Times: user=0.00 sys=0.00, real=0.00 secs] 
2.778: [GC (Allocation Failure) 2.778: [DefNew: 959K->63K(960K), 0.0008042 secs] 191470K->190737K(524224K), 0.0008524 secs] [Times: user=0.00 sys=0.00, real=0.00 secs] 
2.783: [GC (Allocation Failure) 2.783: [DefNew: 959K->64K(960K), 0.0007587 secs] 191700K->190980K(524224K), 0.0007898 secs] [Times: user=0.00 sys=0.00, real=0.00 secs] 
2.786: [GC (Allocation Failure) 2.786: [DefNew: 960K->64K(960K), 0.0007277 secs] 191948K->191209K(524224K), 0.0007546 secs] [Times: user=0.00 sys=0.00, real=0.00 secs] 
2.788: [GC (Allocation Failure) 2.788: [DefNew: 960K->63K(960K), 0.0005635 secs] 192185K->191426K(524224K), 0.0005890 secs] [Times: user=0.00 sys=0.00, real=0.00 secs] 
2.792: [GC (Allocation Failure) 2.792: [DefNew: 959K->63K(960K), 0.0009619 secs] 192380K->191716K(524224K), 0.0010231 secs] [Times: user=0.01 sys=0.00, real=0.00 secs] 
2.794: [GC (Allocation Failure) 2.794: [DefNew: 959K->63K(960K), 0.0009368 secs] 192679K->191954K(524224K), 0.0009855 secs] [Times: user=0.00 sys=0.00, real=0.00 secs] 
2.798: [GC (Allocation Failure) 2.798: [DefNew: 959K->63K(960K), 0.0006850 secs] 192925K->192180K(524224K), 0.0007110 secs] [Times: user=0.00 sys=0.00, real=0.00 secs] 
2.802: [GC (Allocation Failure) 2.802: [DefNew: 959K->63K(960K), 0.0005959 secs] 193151K->192397K(524224K), 0.0006210 secs] [Times: user=0.00 sys=0.00, real=0.00 secs] 
2.805: [GC (Allocation Failure) 2.805: [DefNew: 959K->64K(960K), 0.0045496 secs] 193345K->192947K(524224K), 0.0046929 secs] [Times: user=0.02 sys=0.00, real=0.00 secs] 
2.811: [GC (Allocation Failure) 2.811: [DefNew: 960K->64K(960K), 0.0079940 secs] 193878K->193695K(524224K), 0.0081396 secs] [Times: user=0.00 sys=0.00, real=0.01 secs] 
2.822: [GC (Allocation Failure) 2.822: [DefNew: 960K->63K(960K), 0.0040441 secs] 194612K->194251K(524224K), 0.0041206 secs] [Times: user=0.02 sys=0.00, real=0.00 secs] 
2.828: [GC (Allocation Failure) 2.828: [DefNew: 959K->63K(960K), 0.0012165 secs] 195181K->194565K(524224K), 0.0012434 secs] [Times: user=0.00 sys=0.00, real=0.00 secs] 
2.832: [GC (Allocation Failure) 2.832: [DefNew: 959K->63K(960K), 0.0012614 secs] 195536K->194804K(524224K), 0.0013319 secs] [Times: user=0.00 sys=0.00, real=0.00 secs] 
2.836: [GC (Allocation Failure) 2.836: [DefNew: 959K->63K(960K), 0.0008839 secs] 195756K->195067K(524224K), 0.0009132 secs] [Times: user=0.00 sys=0.00, real=0.00 secs] 
2.838: [GC (Allocation Failure) 2.838: [DefNew: 959K->64K(960K), 0.0008538 secs] 196033K->195293K(524224K), 0.0009002 secs] [Times: user=0.00 sys=0.00, real=0.00 secs] 
2.842: [GC (Allocation Failure) 2.842: [DefNew: 960K->64K(960K), 0.0008250 secs] 196255K->195533K(524224K), 0.0008696 secs] [Times: user=0.00 sys=0.00, real=0.00 secs] 
2.845: [GC (Allocation Failure) 2.845: [DefNew: 960K->64K(960K), 0.0008561 secs] 196494K->195774K(524224K), 0.0009034 secs] [Times: user=0.00 sys=0.00, real=0.00 secs] 
2.847: [GC (Allocation Failure) 2.847: [DefNew: 960K->64K(960K), 0.0008380 secs] 196741K->196002K(524224K), 0.0008872 secs] [Times: user=0.00 sys=0.00, real=0.00 secs] 
2.852: [GC (Allocation Failure) 2.852: [DefNew: 960K->63K(960K), 0.0006970 secs] 196969K->196236K(524224K), 0.0007239 secs] [Times: user=0.00 sys=0.00, real=0.00 secs] 
2.856: [GC (Allocation Failure) 2.856: [DefNew: 959K->64K(960K), 0.0007147 secs] 197205K->196457K(524224K), 0.0007578 secs] [Times: user=0.00 sys=0.00, real=0.00 secs] 
2.861: [GC (Allocation Failure) 2.861: [DefNew: 960K->64K(960K), 0.0009363 secs] 197401K->196784K(524224K), 0.0009827 secs] [Times: user=0.00 sys=0.00, real=0.00 secs] 
2.863: [GC (Allocation Failure) 2.863: [DefNew: 960K->64K(960K), 0.0007652 secs] 197751K->197014K(524224K), 0.0007926 secs] [Times: user=0.00 sys=0.00, real=0.00 secs] 
2.867: [GC (Allocation Failure) 2.867: [DefNew: 960K->63K(960K), 0.0006544 secs] 197981K->197239K(524224K), 0.0006794 secs] [Times: user=0.00 sys=0.00, real=0.00 secs] 
2.870: [GC (Allocation Failure) 2.870: [DefNew: 959K->63K(960K), 0.0006048 secs] 198211K->197456K(524224K), 0.0006284 secs] [Times: user=0.00 sys=0.00, real=0.00 secs] 
2.872: [GC (Allocation Failure) 2.872: [DefNew: 959K->63K(960K), 0.0005755 secs] 198431K->197676K(524224K), 0.0006006 secs] [Times: user=0.00 sys=0.00, real=0.00 secs] 
2.876: [GC (Allocation Failure) 2.876: [DefNew: 959K->64K(960K), 0.0006298 secs] 198649K->197898K(524224K), 0.0006590 secs] [Times: user=0.00 sys=0.00, real=0.00 secs] 
2.880: [GC (Allocation Failure) 2.880: [DefNew: 960K->63K(960K), 0.0009614 secs] 198869K->198123K(524224K), 0.0010124 secs] [Times: user=0.00 sys=0.00, real=0.00 secs] 
2.883: [GC (Allocation Failure) 2.883: [DefNew: 959K->63K(960K), 0.0008570 secs] 199082K->198368K(524224K), 0.0009016 secs] [Times: user=0.00 sys=0.00, real=0.00 secs] 
2.887: [GC (Allocation Failure) 2.887: [DefNew: 959K->63K(960K), 0.0008575 secs] 199333K->198603K(524224K), 0.0009034 secs] [Times: user=0.00 sys=0.00, real=0.00 secs] 
2.891: [GC (Allocation Failure) 2.891: [DefNew: 959K->64K(960K), 0.0008134 secs] 199555K->198851K(524224K), 0.0008538 secs] [Times: user=0.00 sys=0.00, real=0.00 secs] 
2.896: [GC (Allocation Failure) 2.896: [DefNew: 960K->64K(960K), 0.0006748 secs] 199824K->199090K(524224K), 0.0007012 secs] [Times: user=0.00 sys=0.00, real=0.00 secs] 
2.898: [GC (Allocation Failure) 2.898: [DefNew: 960K->63K(960K), 0.0006483 secs] 200058K->199318K(524224K), 0.0006790 secs] [Times: user=0.00 sys=0.00, real=0.00 secs] 
2.902: [GC (Allocation Failure) 2.902: [DefNew: 959K->64K(960K), 0.0012754 secs] 200257K->199602K(524224K), 0.0013918 secs] [Times: user=0.02 sys=0.00, real=0.00 secs] 
2.907: [GC (Allocation Failure) 2.907: [DefNew: 960K->63K(960K), 0.0008761 secs] 200563K->199868K(524224K), 0.0009108 secs] [Times: user=0.00 sys=0.00, real=0.00 secs] 
2.909: [GC (Allocation Failure) 2.909: [DefNew: 959K->63K(960K), 0.0039216 secs] 200824K->200336K(524224K), 0.0040408 secs] [Times: user=0.00 sys=0.00, real=0.00 secs] 
2.917: [GC (Allocation Failure) 2.917: [DefNew: 959K->63K(960K), 0.0068448 secs] 201258K->201108K(524224K), 0.0069936 secs] [Times: user=0.02 sys=0.00, real=0.01 secs] 
2.926: [GC (Allocation Failure) 2.926: [DefNew: 959K->63K(960K), 0.0052137 secs] 202052K->201817K(524224K), 0.0053306 secs] [Times: user=0.00 sys=0.00, real=0.01 secs] 
2.935: [GC (Allocation Failure) 2.935: [DefNew: 959K->64K(960K), 0.0026235 secs] 202722K->202220K(524224K), 0.0026926 secs] [Times: user=0.00 sys=0.00, real=0.00 secs] 
2.941: [GC (Allocation Failure) 2.941: [DefNew: 960K->63K(960K), 0.0010950 secs] 203145K->202501K(524224K), 0.0011256 secs] [Times: user=0.00 sys=0.00, real=0.00 secs] 
2.943: [GC (Allocation Failure) 2.943: [DefNew: 959K->63K(960K), 0.0008417 secs] 203471K->202727K(524224K), 0.0008802 secs] [Times: user=0.00 sys=0.00, real=0.00 secs] 
2.947: [GC (Allocation Failure) 2.947: [DefNew: 959K->63K(960K), 0.0008176 secs] 203685K->202973K(524224K), 0.0008589 secs] [Times: user=0.00 sys=0.00, real=0.00 secs] 
2.951: [GC (Allocation Failure) 2.951: [DefNew: 959K->64K(960K), 0.0007402 secs] 203937K->203208K(524224K), 0.0007666 secs] [Times: user=0.00 sys=0.00, real=0.00 secs] 
2.953: [GC (Allocation Failure) 2.953: [DefNew: 960K->63K(960K), 0.0006701 secs] 204177K->203439K(524224K), 0.0006957 secs] [Times: user=0.00 sys=0.00, real=0.00 secs] 
2.957: [GC (Allocation Failure) 2.957: [DefNew: 959K->63K(960K), 0.0008366 secs] 204404K->203666K(524224K), 0.0008798 secs] [Times: user=0.00 sys=0.00, real=0.00 secs] 
2.962: [GC (Allocation Failure) 2.962: [DefNew: 959K->63K(960K), 0.0009229 secs] 204629K->203904K(524224K), 0.0009827 secs] [Times: user=0.00 sys=0.00, real=0.00 secs] 
2.966: [GC (Allocation Failure) 2.966: [DefNew: 959K->64K(960K), 0.0008172 secs] 204869K->204140K(524224K), 0.0008682 secs] [Times: user=0.00 sys=0.00, real=0.00 secs] 
2.969: [GC (Allocation Failure) 2.970: [DefNew: 960K->63K(960K), 0.0010926 secs] 205094K->204388K(524224K), 0.0011599 secs] [Times: user=0.00 sys=0.00, real=0.00 secs] 
2.973: [GC (Allocation Failure) 2.973: [DefNew: 959K->63K(960K), 0.0008575 secs] 205344K->204641K(524224K), 0.0008886 secs] [Times: user=0.00 sys=0.00, real=0.00 secs] 
2.977: [GC (Allocation Failure) 2.977: [DefNew: 959K->64K(960K), 0.0008172 secs] 205595K->204889K(524224K), 0.0008496 secs] [Times: user=0.00 sys=0.00, real=0.00 secs] 
2.978: [GC (Allocation Failure) 2.978: [DefNew: 960K->63K(960K), 0.0007295 secs] 205858K->205115K(524224K), 0.0007555 secs] [Times: user=0.00 sys=0.00, real=0.00 secs] 
2.982: [GC (Allocation Failure) 2.982: [DefNew: 959K->64K(960K), 0.0007810 secs] 206080K->205352K(524224K), 0.0008223 secs] [Times: user=0.00 sys=0.00, real=0.00 secs] 
2.986: [GC (Allocation Failure) 2.986: [DefNew: 960K->63K(960K), 0.0006544 secs] 206322K->205579K(524224K), 0.0006803 secs] [Times: user=0.00 sys=0.00, real=0.00 secs] 
2.988: [GC (Allocation Failure) 2.988: [DefNew: 959K->63K(960K), 0.0008121 secs] 206548K->205810K(524224K), 0.0008589 secs] [Times: user=0.00 sys=0.00, real=0.00 secs] 
2.992: [GC (Allocation Failure) 2.992: [DefNew: 959K->63K(960K), 0.0011103 secs] 206770K->206058K(524224K), 0.0011752 secs] [Times: user=0.00 sys=0.00, real=0.00 secs] 
2.995: [GC (Allocation Failure) 2.995: [DefNew: 959K->63K(960K), 0.0010922 secs] 206988K->206425K(524224K), 0.0011358 secs] [Times: user=0.02 sys=0.00, real=0.00 secs] 
2.998: [GC (Allocation Failure) 2.998: [DefNew: 959K->63K(960K), 0.0009085 secs] 207395K->206653K(524224K), 0.0009354 secs] [Times: user=0.00 sys=0.00, real=0.00 secs] 
3.003: [GC (Allocation Failure) 3.003: [DefNew: 959K->63K(960K), 0.0006785 secs] 207615K->206900K(524224K), 0.0007054 secs] [Times: user=0.00 sys=0.00, real=0.00 secs] 
3.006: [GC (Allocation Failure) 3.006: [DefNew: 959K->63K(960K), 0.0008710 secs] 207863K->207141K(524224K), 0.0009141 secs] [Times: user=0.00 sys=0.00, real=0.00 secs] 
3.009: [GC (Allocation Failure) 3.009: [DefNew: 959K->63K(960K), 0.0008362 secs] 208107K->207376K(524224K), 0.0008821 secs] [Times: user=0.00 sys=0.00, real=0.00 secs] 
3.013: [GC (Allocation Failure) 3.014: [DefNew: 959K->63K(960K), 0.0014270 secs] 208310K->207793K(524224K), 0.0014836 secs] [Times: user=0.00 sys=0.00, real=0.00 secs] 
3.017: [GC (Allocation Failure) 3.017: [DefNew: 959K->64K(960K), 0.0009864 secs] 208757K->208026K(524224K), 0.0010133 secs] [Times: user=0.00 sys=0.00, real=0.00 secs] 
3.019: [GC (Allocation Failure) 3.019: [DefNew: 960K->64K(960K), 0.0006558 secs] 208997K->208248K(524224K), 0.0006817 secs] [Times: user=0.00 sys=0.00, real=0.00 secs] 
3.023: [GC (Allocation Failure) 3.023: [DefNew: 960K->64K(960K), 0.0006210 secs] 209212K->208477K(524224K), 0.0006470 secs] [Times: user=0.00 sys=0.00, real=0.00 secs] 
3.027: [GC (Allocation Failure) 3.027: [DefNew: 960K->64K(960K), 0.0006952 secs] 209439K->208710K(524224K), 0.0007212 secs] [Times: user=0.01 sys=0.00, real=0.00 secs] 
3.031: [GC (Allocation Failure) 3.031: [DefNew: 960K->63K(960K), 0.0006507 secs] 209679K->208933K(524224K), 0.0006766 secs] [Times: user=0.00 sys=0.00, real=0.00 secs] 
3.033: [GC (Allocation Failure) 3.033: [DefNew: 959K->63K(960K), 0.0005992 secs] 209906K->209150K(524224K), 0.0006247 secs] [Times: user=0.00 sys=0.00, real=0.00 secs] 
3.037: [GC (Allocation Failure) 3.037: [DefNew: 959K->63K(960K), 0.0009665 secs] 210067K->209497K(524224K), 0.0010101 secs] [Times: user=0.00 sys=0.00, real=0.00 secs] 
3.041: [GC (Allocation Failure) 3.041: [DefNew: 959K->64K(960K), 0.0008946 secs] 210461K->209734K(524224K), 0.0009215 secs] [Times: user=0.00 sys=0.00, real=0.00 secs] 
3.043: [GC (Allocation Failure) 3.043: [DefNew: 960K->64K(960K), 0.0006043 secs] 210703K->209957K(524224K), 0.0006284 secs] [Times: user=0.00 sys=0.00, real=0.00 secs] 
3.047: [GC (Allocation Failure) 3.047: [DefNew: 960K->64K(960K), 0.0006326 secs] 210926K->210182K(524224K), 0.0006604 secs] [Times: user=0.00 sys=0.00, real=0.00 secs] 
3.050: [GC (Allocation Failure) 3.050: [DefNew: 960K->63K(960K), 0.0006247 secs] 211152K->210406K(524224K), 0.0006507 secs] [Times: user=0.00 sys=0.00, real=0.00 secs] 
3.052: [GC (Allocation Failure) 3.052: [DefNew: 959K->63K(960K), 0.0006112 secs] 211374K->210634K(524224K), 0.0006368 secs] [Times: user=0.00 sys=0.00, real=0.00 secs] 
3.056: [GC (Allocation Failure) 3.056: [DefNew: 959K->63K(960K), 0.0009939 secs] 211601K->210865K(524224K), 0.0010806 secs] [Times: user=0.00 sys=0.00, real=0.00 secs] 
3.059: [GC (Allocation Failure) 3.059: [DefNew: 959K->63K(960K), 0.0010157 secs] 211795K->211185K(524224K), 0.0010588 secs] [Times: user=0.00 sys=0.00, real=0.00 secs] 
3.062: [GC (Allocation Failure) 3.062: [DefNew: 959K->64K(960K), 0.0008988 secs] 212149K->211443K(524224K), 0.0009252 secs] [Times: user=0.00 sys=0.00, real=0.00 secs] 
3.066: [GC (Allocation Failure) 3.066: [DefNew: 960K->63K(960K), 0.0007546 secs] 212406K->211716K(524224K), 0.0007819 secs] [Times: user=0.00 sys=0.00, real=0.00 secs] 
3.070: [GC (Allocation Failure) 3.070: [DefNew: 959K->63K(960K), 0.0009030 secs] 212682K->211949K(524224K), 0.0009530 secs] [Times: user=0.00 sys=0.00, real=0.00 secs] 
3.074: [GC (Allocation Failure) 3.074: [DefNew: 959K->64K(960K), 0.0008737 secs] 212918K->212176K(524224K), 0.0009271 secs] [Times: user=0.02 sys=0.00, real=0.00 secs] 
3.076: [GC (Allocation Failure) 3.076: [DefNew: 960K->63K(960K), 0.0008255 secs] 213142K->212409K(524224K), 0.0008710 secs] [Times: user=0.00 sys=0.00, real=0.00 secs] 
3.080: [GC (Allocation Failure) 3.080: [DefNew: 959K->63K(960K), 0.0007782 secs] 213374K->212640K(524224K), 0.0008241 secs] [Times: user=0.00 sys=0.00, real=0.00 secs] 
3.084: [GC (Allocation Failure) 3.084: [DefNew: 959K->63K(960K), 0.0008951 secs] 213594K->212897K(524224K), 0.0009382 secs] [Times: user=0.00 sys=0.00, real=0.00 secs] 
3.086: [GC (Allocation Failure) 3.086: [DefNew: 959K->63K(960K), 0.0007861 secs] 213864K->213127K(524224K), 0.0008134 secs] [Times: user=0.00 sys=0.00, real=0.00 secs] 
3.090: [GC (Allocation Failure) 3.090: [DefNew: 959K->64K(960K), 0.0037867 secs] 214077K->213517K(524224K), 0.0039263 secs] [Times: user=0.00 sys=0.00, real=0.00 secs] 
3.098: [GC (Allocation Failure) 3.098: [DefNew: 960K->63K(960K), 0.0070701 secs] 214442K->214293K(524224K), 0.0072260 secs] [Times: user=0.00 sys=0.00, real=0.01 secs] 
3.108: [GC (Allocation Failure) 3.108: [DefNew: 959K->64K(960K), 0.0032839 secs] 215207K->215091K(524224K), 0.0033716 secs] [Times: user=0.00 sys=0.00, real=0.00 secs] 
3.115: [GC (Allocation Failure) 3.115: [DefNew: 960K->63K(960K), 0.0013751 secs] 216056K->215335K(524224K), 0.0014024 secs] [Times: user=0.00 sys=0.00, real=0.00 secs] 
3.118: [GC (Allocation Failure) 3.118: [DefNew: 959K->63K(960K), 0.0007012 secs] 216305K->215560K(524224K), 0.0007272 secs] [Times: user=0.00 sys=0.00, real=0.00 secs] 
3.121: [GC (Allocation Failure) 3.121: [DefNew: 959K->63K(960K), 0.0008431 secs] 216526K->215793K(524224K), 0.0008918 secs] [Times: user=0.00 sys=0.00, real=0.00 secs] 
3.126: [GC (Allocation Failure) 3.126: [DefNew: 959K->64K(960K), 0.0011956 secs] 216717K->216185K(524224K), 0.0012392 secs] [Times: user=0.00 sys=0.00, real=0.00 secs] 
3.130: [GC (Allocation Failure) 3.130: [DefNew: 960K->64K(960K), 0.0008371 secs] 217157K->216412K(524224K), 0.0008640 secs] [Times: user=0.00 sys=0.00, real=0.00 secs] 
3.132: [GC (Allocation Failure) 3.132: [DefNew: 960K->63K(960K), 0.0006210 secs] 217379K->216641K(524224K), 0.0006460 secs] [Times: user=0.00 sys=0.00, real=0.00 secs] 
3.136: [GC (Allocation Failure) 3.136: [DefNew: 959K->64K(960K), 0.0006432 secs] 217605K->216871K(524224K), 0.0006701 secs] [Times: user=0.00 sys=0.02, real=0.00 secs] 
3.140: [GC (Allocation Failure) 3.140: [DefNew: 960K->63K(960K), 0.0008459 secs] 217839K->217101K(524224K), 0.0008895 secs] [Times: user=0.00 sys=0.00, real=0.00 secs] 
3.142: [GC (Allocation Failure) 3.142: [DefNew: 959K->63K(960K), 0.0006924 secs] 218069K->217331K(524224K), 0.0007188 secs] [Times: user=0.00 sys=0.00, real=0.00 secs] 
3.146: [GC (Allocation Failure) 3.146: [DefNew: 959K->64K(960K), 0.0059362 secs] 218258K->218046K(524224K), 0.0060986 secs] [Times: user=0.00 sys=0.00, real=0.01 secs] 
3.155: [GC (Allocation Failure) 3.155: [DefNew: 960K->63K(960K), 0.0078521 secs] 218967K->218826K(524224K), 0.0079796 secs] [Times: user=0.00 sys=0.00, real=0.01 secs] 
3.167: [GC (Allocation Failure) 3.167: [DefNew: 959K->63K(960K), 0.0088348 secs] 219749K->219606K(524224K), 0.0089725 secs] [Times: user=0.01 sys=0.00, real=0.01 secs] 
3.180: [GC (Allocation Failure) 3.180: [DefNew: 959K->63K(960K), 0.0039045 secs] 220527K->220202K(524224K), 0.0039861 secs] [Times: user=0.02 sys=0.00, real=0.00 secs] 
3.185: [GC (Allocation Failure) 3.185: [DefNew: 959K->63K(960K), 0.0023309 secs] 221113K->220528K(524224K), 0.0024065 secs] [Times: user=0.00 sys=0.00, real=0.00 secs] 
3.190: [GC (Allocation Failure) 3.190: [DefNew: 959K->63K(960K), 0.0009122 secs] 221486K->220803K(524224K), 0.0009391 secs] [Times: user=0.00 sys=0.00, real=0.00 secs] 
3.195: [GC (Allocation Failure) 3.195: [DefNew: 959K->64K(960K), 0.0009651 secs] 221758K->221055K(524224K), 0.0010119 secs] [Times: user=0.00 sys=0.00, real=0.00 secs] 
3.197: [GC (Allocation Failure) 3.197: [DefNew: 960K->64K(960K), 0.0008329 secs] 222017K->221289K(524224K), 0.0008635 secs] [Times: user=0.00 sys=0.00, real=0.00 secs] 
3.201: [GC (Allocation Failure) 3.201: [DefNew: 960K->64K(960K), 0.0008519 secs] 222248K->221533K(524224K), 0.0008914 secs] [Times: user=0.00 sys=0.00, real=0.00 secs] 
3.205: [GC (Allocation Failure) 3.205: [DefNew: 960K->64K(960K), 0.0007777 secs] 222497K->221763K(524224K), 0.0008046 secs] [Times: user=0.00 sys=0.00, real=0.00 secs] 
3.207: [GC (Allocation Failure) 3.208: [DefNew: 960K->63K(960K), 0.0007972 secs] 222726K->222000K(524224K), 0.0008385 secs] [Times: user=0.00 sys=0.00, real=0.00 secs] 
3.212: [GC (Allocation Failure) 3.212: [DefNew: 959K->63K(960K), 0.0008608 secs] 222968K->222237K(524224K), 0.0009076 secs] [Times: user=0.00 sys=0.00, real=0.00 secs] 
3.215: [GC (Allocation Failure) 3.215: [DefNew: 959K->63K(960K), 0.0011126 secs] 223169K->222638K(524224K), 0.0011654 secs] [Times: user=0.00 sys=0.00, real=0.00 secs] 
3.218: [GC (Allocation Failure) 3.218: [DefNew: 959K->63K(960K), 0.0010282 secs] 223606K->222869K(524224K), 0.0010676 secs] [Times: user=0.00 sys=0.00, real=0.00 secs] 
3.223: [GC (Allocation Failure) 3.223: [DefNew: 959K->63K(960K), 0.0007995 secs] 223835K->223104K(524224K), 0.0008288 secs] [Times: user=0.00 sys=0.00, real=0.00 secs] 
3.228: [GC (Allocation Failure) 3.228: [DefNew: 959K->63K(960K), 0.0007165 secs] 224071K->223336K(524224K), 0.0007434 secs] [Times: user=0.00 sys=0.00, real=0.00 secs] 
3.231: [GC (Allocation Failure) 3.231: [DefNew: 959K->63K(960K), 0.0008343 secs] 224304K->223563K(524224K), 0.0008858 secs] [Times: user=0.00 sys=0.00, real=0.00 secs] 
3.235: [GC (Allocation Failure) 3.236: [DefNew: 959K->63K(960K), 0.0013881 secs] 224512K->223858K(524224K), 0.0014609 secs] [Times: user=0.00 sys=0.00, real=0.00 secs] 
3.240: [GC (Allocation Failure) 3.240: [DefNew: 959K->63K(960K), 0.0009419 secs] 224818K->224106K(524224K), 0.0009809 secs] [Times: user=0.00 sys=0.00, real=0.00 secs] 
3.245: [GC (Allocation Failure) 3.245: [DefNew: 959K->64K(960K), 0.0008492 secs] 225070K->224342K(524224K), 0.0008960 secs] [Times: user=0.00 sys=0.00, real=0.00 secs] 
3.247: [GC (Allocation Failure) 3.247: [DefNew: 960K->63K(960K), 0.0006729 secs] 225311K->224572K(524224K), 0.0007003 secs] [Times: user=0.00 sys=0.00, real=0.00 secs] 
3.252: [GC (Allocation Failure) 3.252: [DefNew: 959K->63K(960K), 0.0006214 secs] 225541K->224798K(524224K), 0.0006474 secs] [Times: user=0.00 sys=0.00, real=0.00 secs] 
3.257: [GC (Allocation Failure) 3.257: [DefNew: 959K->64K(960K), 0.0011084 secs] 225765K->225025K(524224K), 0.0011696 secs] [Times: user=0.00 sys=0.00, real=0.00 secs] 
3.258: [GC (Allocation Failure) 3.258: [DefNew: 960K->63K(960K), 0.0010551 secs] 225963K->225321K(524224K), 0.0011117 secs] [Times: user=0.00 sys=0.00, real=0.00 secs] 
3.262: [GC (Allocation Failure) 3.263: [DefNew: 959K->64K(960K), 0.0008705 secs] 226282K->225559K(524224K), 0.0009178 secs] [Times: user=0.00 sys=0.00, real=0.00 secs] 
3.266: [GC (Allocation Failure) 3.266: [DefNew: 960K->63K(960K), 0.0009002 secs] 226526K->225799K(524224K), 0.0009503 secs] [Times: user=0.00 sys=0.00, real=0.00 secs] 
3.268: [GC (Allocation Failure) 3.268: [DefNew: 959K->63K(960K), 0.0007054 secs] 226767K->226028K(524224K), 0.0007314 secs] [Times: user=0.00 sys=0.00, real=0.00 secs] 
3.272: [GC (Allocation Failure) 3.272: [DefNew: 959K->63K(960K), 0.0007123 secs] 226995K->226266K(524224K), 0.0007397 secs] [Times: user=0.00 sys=0.00, real=0.00 secs] 
3.275: [GC (Allocation Failure) 3.276: [DefNew: 959K->64K(960K), 0.0008037 secs] 227228K->226502K(524224K), 0.0008529 secs] [Times: user=0.00 sys=0.00, real=0.00 secs] 
3.278: [GC (Allocation Failure) 3.278: [DefNew: 960K->63K(960K), 0.0007133 secs] 227467K->226734K(524224K), 0.0007392 secs] [Times: user=0.00 sys=0.00, real=0.00 secs] 
3.282: [GC (Allocation Failure) 3.282: [DefNew: 959K->63K(960K), 0.0011409 secs] 227664K->227095K(524224K), 0.0011919 secs] [Times: user=0.00 sys=0.00, real=0.00 secs] 
3.287: [GC (Allocation Failure) 3.287: [DefNew: 959K->64K(960K), 0.0010388 secs] 228055K->227340K(524224K), 0.0010926 secs] [Times: user=0.00 sys=0.00, real=0.00 secs] 
3.289: [GC (Allocation Failure) 3.289: [DefNew: 960K->63K(960K), 0.0008070 secs] 228301K->227611K(524224K), 0.0008329 secs] [Times: user=0.00 sys=0.00, real=0.00 secs] 
3.294: [GC (Allocation Failure) 3.294: [DefNew: 959K->63K(960K), 0.0007383 secs] 228579K->227836K(524224K), 0.0007657 secs] [Times: user=0.00 sys=0.00, real=0.00 secs] 
3.298: [GC (Allocation Failure) 3.298: [DefNew: 959K->64K(960K), 0.0007328 secs] 228794K->228080K(524224K), 0.0007643 secs] [Times: user=0.00 sys=0.00, real=0.00 secs] 
3.301: [GC (Allocation Failure) 3.301: [DefNew: 960K->63K(960K), 0.0008506 secs] 229052K->228306K(524224K), 0.0008974 secs] [Times: user=0.00 sys=0.00, real=0.00 secs] 
3.303: [GC (Allocation Failure) 3.303: [DefNew: 959K->63K(960K), 0.0012568 secs] 229244K->228608K(524224K), 0.0013723 secs] [Times: user=0.00 sys=0.00, real=0.00 secs] 
3.308: [GC (Allocation Failure) 3.309: [DefNew: 959K->64K(960K), 0.0009350 secs] 229573K->228843K(524224K), 0.0009874 secs] [Times: user=0.00 sys=0.00, real=0.00 secs] 
3.313: [GC (Allocation Failure) 3.313: [DefNew: 960K->63K(960K), 0.0007782 secs] 229805K->229102K(524224K), 0.0008102 secs] [Times: user=0.00 sys=0.00, real=0.00 secs] 
3.315: [GC (Allocation Failure) 3.315: [DefNew: 959K->64K(960K), 0.0006790 secs] 230070K->229333K(524224K), 0.0007072 secs] [Times: user=0.00 sys=0.00, real=0.00 secs] 
3.318: [GC (Allocation Failure) 3.318: [DefNew: 960K->63K(960K), 0.0008125 secs] 230297K->229565K(524224K), 0.0008580 secs] [Times: user=0.00 sys=0.00, real=0.00 secs] 
3.322: [GC (Allocation Failure) 3.322: [DefNew: 959K->63K(960K), 0.0007963 secs] 230526K->229799K(524224K), 0.0008464 secs] [Times: user=0.00 sys=0.00, real=0.00 secs] 
3.325: [GC (Allocation Failure) 3.325: [DefNew: 959K->64K(960K), 0.0011557 secs] 230735K->230180K(524224K), 0.0012086 secs] [Times: user=0.00 sys=0.00, real=0.00 secs] 
3.330: [GC (Allocation Failure) 3.330: [DefNew: 960K->63K(960K), 0.0009767 secs] 231130K->230436K(524224K), 0.0010054 secs] [Times: user=0.00 sys=0.00, real=0.00 secs] 
3.334: [GC (Allocation Failure) 3.334: [DefNew: 959K->63K(960K), 0.0007504 secs] 231401K->230665K(524224K), 0.0007763 secs] [Times: user=0.00 sys=0.00, real=0.00 secs] 
3.336: [GC (Allocation Failure) 3.337: [DefNew: 959K->63K(960K), 0.0008176 secs] 231635K->230892K(524224K), 0.0008640 secs] [Times: user=0.00 sys=0.00, real=0.00 secs] 
3.339: [GC (Allocation Failure) 3.339: [DefNew: 959K->64K(960K), 0.0008867 secs] 231850K->231135K(524224K), 0.0009340 secs] [Times: user=0.02 sys=0.00, real=0.00 secs] 
3.342: [GC (Allocation Failure) 3.342: [DefNew: 960K->63K(960K), 0.0008283 secs] 232099K->231370K(524224K), 0.0008788 secs] [Times: user=0.00 sys=0.00, real=0.00 secs] 
3.345: [GC (Allocation Failure) 3.345: [DefNew: 959K->64K(960K), 0.0010810 secs] 232335K->231603K(524224K), 0.0011270 secs] [Times: user=0.00 sys=0.00, real=0.00 secs] 
3.348: [GC (Allocation Failure) 3.348: [DefNew: 960K->63K(960K), 0.0010333 secs] 232544K->231956K(524224K), 0.0010783 secs] [Times: user=0.00 sys=0.00, real=0.00 secs] 
3.352: [GC (Allocation Failure) 3.352: [DefNew: 959K->63K(960K), 0.0008199 secs] 232922K->232189K(524224K), 0.0008464 secs] [Times: user=0.00 sys=0.00, real=0.00 secs] 
3.354: [GC (Allocation Failure) 3.354: [DefNew: 959K->63K(960K), 0.0006210 secs] 233157K->232421K(524224K), 0.0006465 secs] [Times: user=0.00 sys=0.00, real=0.00 secs] 
3.358: [GC (Allocation Failure) 3.358: [DefNew: 959K->63K(960K), 0.0006919 secs] 233389K->232648K(524224K), 0.0007198 secs] [Times: user=0.00 sys=0.00, real=0.00 secs] 
3.361: [GC (Allocation Failure) 3.361: [DefNew: 959K->63K(960K), 0.0006715 secs] 233616K->232879K(524224K), 0.0006975 secs] [Times: user=0.00 sys=0.00, real=0.00 secs] 
3.365: [GC (Allocation Failure) 3.365: [DefNew: 959K->63K(960K), 0.0006173 secs] 233846K->233106K(524224K), 0.0006432 secs] [Times: user=0.00 sys=0.00, real=0.00 secs] 
3.367: [GC (Allocation Failure) 3.367: [DefNew: 959K->64K(960K), 0.0006168 secs] 234076K->233335K(524224K), 0.0006419 secs] [Times: user=0.00 sys=0.00, real=0.00 secs] 
3.371: [GC (Allocation Failure) 3.371: [DefNew: 960K->64K(960K), 0.0011283 secs] 234279K->233637K(524224K), 0.0011974 secs] [Times: user=0.00 sys=0.00, real=0.00 secs] 
3.375: [GC (Allocation Failure) 3.375: [DefNew: 960K->63K(960K), 0.0010421 secs] 234579K->233926K(524224K), 0.0010759 secs] [Times: user=0.00 sys=0.00, real=0.00 secs] 
3.377: [GC (Allocation Failure) 3.377: [DefNew: 959K->64K(960K), 0.0008172 secs] 234891K->234158K(524224K), 0.0008450 secs] [Times: user=0.00 sys=0.00, real=0.00 secs] 
3.381: [GC (Allocation Failure) 3.381: [DefNew: 960K->63K(960K), 0.0035362 secs] 235111K->234556K(524224K), 0.0036591 secs] [Times: user=0.00 sys=0.00, real=0.00 secs] 
3.389: [GC (Allocation Failure) 3.389: [DefNew: 959K->63K(960K), 0.0073113 secs] 235474K->235348K(524224K), 0.0075066 secs] [Times: user=0.00 sys=0.00, real=0.01 secs] 
3.398: [GC (Allocation Failure) 3.398: [DefNew: 959K->63K(960K), 0.0078409 secs] 236275K->236119K(524224K), 0.0079648 secs] [Times: user=0.02 sys=0.00, real=0.01 secs] 
3.409: [GC (Allocation Failure) 3.410: [DefNew: 959K->63K(960K), 0.0075664 secs] 237042K->236898K(524224K), 0.0077069 secs] [Times: user=0.00 sys=0.00, real=0.01 secs] 
3.419: [GC (Allocation Failure) 3.420: [DefNew: 959K->64K(960K), 0.0039541 secs] 237826K->237507K(524224K), 0.0040714 secs] [Times: user=0.00 sys=0.00, real=0.00 secs] 
3.427: [GC (Allocation Failure) 3.427: [DefNew: 960K->63K(960K), 0.0013046 secs] 238458K->237785K(524224K), 0.0013412 secs] [Times: user=0.00 sys=0.00, real=0.00 secs] 
3.431: [GC (Allocation Failure) 3.431: [DefNew: 959K->63K(960K), 0.0007513 secs] 238751K->238012K(524224K), 0.0007773 secs] [Times: user=0.00 sys=0.00, real=0.00 secs] 
3.433: [GC (Allocation Failure) 3.433: [DefNew: 959K->63K(960K), 0.0005987 secs] 238982K->238238K(524224K), 0.0006233 secs] [Times: user=0.00 sys=0.00, real=0.00 secs] 
3.437: [GC (Allocation Failure) 3.437: [DefNew: 959K->64K(960K), 0.0015012 secs] 239173K->238546K(524224K), 0.0016139 secs] [Times: user=0.00 sys=0.00, real=0.00 secs] 
3.442: [GC (Allocation Failure) 3.442: [DefNew: 960K->63K(960K), 0.0008867 secs] 239502K->238796K(524224K), 0.0009210 secs] [Times: user=0.00 sys=0.00, real=0.00 secs] 
3.444: [GC (Allocation Failure) 3.444: [DefNew: 959K->63K(960K), 0.0006581 secs] 239763K->239022K(524224K), 0.0006813 secs] [Times: user=0.00 sys=0.00, real=0.00 secs] 
3.448: [GC (Allocation Failure) 3.448: [DefNew: 959K->63K(960K), 0.0006850 secs] 239988K->239286K(524224K), 0.0007119 secs] [Times: user=0.00 sys=0.00, real=0.00 secs] 
3.452: [GC (Allocation Failure) 3.452: [DefNew: 959K->64K(960K), 0.0008311 secs] 240242K->239532K(524224K), 0.0008723 secs] [Times: user=0.00 sys=0.00, real=0.00 secs] 
3.455: [GC (Allocation Failure) 3.455: [DefNew: 960K->64K(960K), 0.0051042 secs] 240474K->240071K(524224K), 0.0052884 secs] [Times: user=0.00 sys=0.00, real=0.01 secs] 
3.464: [GC (Allocation Failure) 3.464: [DefNew: 960K->63K(960K), 0.0068786 secs] 240984K->240873K(524224K), 0.0069997 secs] [Times: user=0.02 sys=0.00, real=0.01 secs] 
3.474: [GC (Allocation Failure) 3.474: [DefNew: 959K->63K(960K), 0.0055184 secs] 241787K->241554K(524224K), 0.0056176 secs] [Times: user=0.00 sys=0.00, real=0.01 secs] 
3.481: [GC (Allocation Failure) 3.481: [DefNew: 959K->63K(960K), 0.0049503 secs] 242488K->242165K(524224K), 0.0050463 secs] [Times: user=0.00 sys=0.00, real=0.01 secs] 
3.489: [GC (Allocation Failure) 3.489: [DefNew: 959K->63K(960K), 0.0033581 secs] 243070K->242660K(524224K), 0.0034245 secs] [Times: user=0.00 sys=0.00, real=0.00 secs] 
3.494: [GC (Allocation Failure) 3.494: [DefNew: 959K->64K(960K), 0.0028601 secs] 243556K->243092K(524224K), 0.0029264 secs] [Times: user=0.01 sys=0.00, real=0.00 secs] 
3.500: [GC (Allocation Failure) 3.500: [DefNew: 960K->63K(960K), 0.0031842 secs] 244000K->243562K(524224K), 0.0032839 secs] [Times: user=0.00 sys=0.00, real=0.00 secs] 
3.506: [GC (Allocation Failure) 3.506: [DefNew: 959K->63K(960K), 0.0012290 secs] 244496K->243913K(524224K), 0.0012717 secs] [Times: user=0.00 sys=0.00, real=0.00 secs] 
3.511: [GC (Allocation Failure) 3.511: [DefNew: 959K->63K(960K), 0.0008909 secs] 244875K->244146K(524224K), 0.0009178 secs] [Times: user=0.02 sys=0.00, real=0.00 secs] 
3.514: [GC (Allocation Failure) 3.514: [DefNew: 959K->63K(960K), 0.0008705 secs] 245105K->244387K(524224K), 0.0009206 secs] [Times: user=0.00 sys=0.00, real=0.00 secs] 
3.519: [GC (Allocation Failure) 3.519: [DefNew: 959K->63K(960K), 0.0007406 secs] 245351K->244617K(524224K), 0.0007671 secs] [Times: user=0.00 sys=0.00, real=0.00 secs] 
3.521: [GC (Allocation Failure) 3.521: [DefNew: 959K->63K(960K), 0.0006460 secs] 245589K->244845K(524224K), 0.0006715 secs] [Times: user=0.00 sys=0.00, real=0.00 secs] 
3.525: [GC (Allocation Failure) 3.525: [DefNew: 959K->63K(960K), 0.0014405 secs] 245786K->245114K(524224K), 0.0015202 secs] [Times: user=0.00 sys=0.00, real=0.00 secs] 
3.529: [GC (Allocation Failure) 3.529: [DefNew: 959K->63K(960K), 0.0008552 secs] 246076K->245357K(524224K), 0.0008821 secs] [Times: user=0.00 sys=0.00, real=0.00 secs] 
3.533: [GC (Allocation Failure) 3.533: [DefNew: 959K->64K(960K), 0.0006762 secs] 246326K->245594K(524224K), 0.0007035 secs] [Times: user=0.00 sys=0.00, real=0.00 secs] 
3.537: [GC (Allocation Failure) 3.537: [DefNew: 960K->63K(960K), 0.0006437 secs] 246562K->245818K(524224K), 0.0006692 secs] [Times: user=0.00 sys=0.00, real=0.00 secs] 
3.540: [GC (Allocation Failure) 3.540: [DefNew: 959K->63K(960K), 0.0008867 secs] 246783K->246053K(524224K), 0.0009387 secs] [Times: user=0.00 sys=0.00, real=0.00 secs] 
3.542: [GC (Allocation Failure) 3.542: [DefNew: 959K->63K(960K), 0.0008450 secs] 247019K->246284K(524224K), 0.0008918 secs] [Times: user=0.00 sys=0.00, real=0.00 secs] 
3.556: [GC (Allocation Failure) 3.556: [DefNew: 959K->63K(960K), 0.0078901 secs] 251341K->250622K(524224K), 0.0079406 secs] [Times: user=0.01 sys=0.00, real=0.01 secs] 
3.566: [GC (Allocation Failure) 3.566: [DefNew: 959K->63K(960K), 0.0007054 secs] 251598K->250850K(524224K), 0.0007337 secs] [Times: user=0.00 sys=0.00, real=0.00 secs] 
3.570: [GC (Allocation Failure) 3.570: [DefNew: 959K->64K(960K), 0.0008325 secs] 251818K->251075K(524224K), 0.0008918 secs] [Times: user=0.00 sys=0.00, real=0.00 secs] 
3.573: [GC (Allocation Failure) 3.573: [DefNew: 960K->64K(960K), 0.0007443 secs] 252041K->251310K(524224K), 0.0007726 secs] [Times: user=0.00 sys=0.00, real=0.00 secs] 
3.577: [GC (Allocation Failure) 3.577: [DefNew: 960K->64K(960K), 0.0007179 secs] 252278K->251543K(524224K), 0.0007490 secs] [Times: user=0.00 sys=0.00, real=0.00 secs] 
3.582: [GC (Allocation Failure) 3.582: [DefNew: 960K->63K(960K), 0.0007012 secs] 252513K->251770K(524224K), 0.0007277 secs] [Times: user=0.00 sys=0.00, real=0.00 secs] 
3.585: [GC (Allocation Failure) 3.585: [DefNew: 959K->63K(960K), 0.0006163 secs] 252742K->251993K(524224K), 0.0006414 secs] [Times: user=0.00 sys=0.00, real=0.00 secs] 
3.588: [GC (Allocation Failure) 3.588: [DefNew: 959K->63K(960K), 0.0005941 secs] 252964K->252215K(524224K), 0.0006201 secs] [Times: user=0.00 sys=0.00, real=0.00 secs] 
3.592: [GC (Allocation Failure) 3.592: [DefNew: 959K->63K(960K), 0.0007100 secs] 253186K->252439K(524224K), 0.0007453 secs] [Times: user=0.00 sys=0.00, real=0.00 secs] 
3.596: [GC (Allocation Failure) 3.596: [DefNew: 959K->64K(960K), 0.0010676 secs] 253381K->252768K(524224K), 0.0011223 secs] [Times: user=0.00 sys=0.00, real=0.00 secs] 
3.600: [GC (Allocation Failure) 3.600: [DefNew: 960K->63K(960K), 0.0008900 secs] 253734K->253000K(524224K), 0.0009248 secs] [Times: user=0.00 sys=0.00, real=0.00 secs] 
3.603: [GC (Allocation Failure) 3.603: [DefNew: 959K->63K(960K), 0.0007940 secs] 253973K->253222K(524224K), 0.0008394 secs] [Times: user=0.00 sys=0.00, real=0.00 secs] 
3.607: [GC (Allocation Failure) 3.607: [DefNew: 959K->63K(960K), 0.0008213 secs] 254190K->253453K(524224K), 0.0008728 secs] [Times: user=0.00 sys=0.00, real=0.00 secs] 
3.609: [GC (Allocation Failure) 3.609: [DefNew: 959K->63K(960K), 0.0008352 secs] 254421K->253686K(524224K), 0.0008839 secs] [Times: user=0.00 sys=0.00, real=0.00 secs] 
3.613: [GC (Allocation Failure) 3.613: [DefNew: 959K->63K(960K), 0.0012508 secs] 254654K->253916K(524224K), 0.0013129 secs] [Times: user=0.00 sys=0.00, real=0.00 secs] 
3.618: [GC (Allocation Failure) 3.618: [DefNew: 959K->63K(960K), 0.0007787 secs] 254879K->254155K(524224K), 0.0008083 secs] [Times: user=0.00 sys=0.00, real=0.00 secs] 
3.620: [GC (Allocation Failure) 3.620: [DefNew: 959K->63K(960K), 0.0006906 secs] 255125K->254379K(524224K), 0.0007170 secs] [Times: user=0.02 sys=0.00, real=0.00 secs] 
3.624: [GC (Allocation Failure) 3.624: [DefNew: 959K->64K(960K), 0.0006627 secs] 255352K->254606K(524224K), 0.0006892 secs] [Times: user=0.00 sys=0.00, real=0.00 secs] 
3.629: [GC (Allocation Failure) 3.629: [DefNew: 960K->63K(960K), 0.0006882 secs] 255569K->254836K(524224K), 0.0007184 secs] [Times: user=0.00 sys=0.00, real=0.00 secs] 
3.632: [GC (Allocation Failure) 3.632: [DefNew: 959K->63K(960K), 0.0007972 secs] 255803K->255062K(524224K), 0.0008413 secs] [Times: user=0.00 sys=0.00, real=0.00 secs] 
3.636: [GC (Allocation Failure) 3.636: [DefNew: 959K->64K(960K), 0.0012508 secs] 256016K->255413K(524224K), 0.0013250 secs] [Times: user=0.00 sys=0.00, real=0.00 secs] 
3.640: [GC (Allocation Failure) 3.640: [DefNew: 960K->63K(960K), 0.0009447 secs] 256375K->255647K(524224K), 0.0009869 secs] [Times: user=0.00 sys=0.00, real=0.00 secs] 
3.644: [GC (Allocation Failure) 3.644: [DefNew: 959K->63K(960K), 0.0006646 secs] 256619K->255868K(524224K), 0.0006901 secs] [Times: user=0.00 sys=0.00, real=0.00 secs] 
3.646: [GC (Allocation Failure) 3.646: [DefNew: 959K->63K(960K), 0.0006168 secs] 256839K->256090K(524224K), 0.0006428 secs] [Times: user=0.00 sys=0.00, real=0.00 secs] 
3.651: [GC (Allocation Failure) 3.651: [DefNew: 959K->64K(960K), 0.0008083 secs] 257065K->256320K(524224K), 0.0008570 secs] [Times: user=0.00 sys=0.00, real=0.00 secs] 
3.654: [GC (Allocation Failure) 3.654: [DefNew: 960K->63K(960K), 0.0008260 secs] 257291K->256549K(524224K), 0.0008774 secs] [Times: user=0.00 sys=0.00, real=0.00 secs] 
3.656: [GC (Allocation Failure) 3.656: [DefNew: 959K->64K(960K), 0.0007035 secs] 257516K->256775K(524224K), 0.0007341 secs] [Times: user=0.00 sys=0.00, real=0.00 secs] 
3.660: [GC (Allocation Failure) 3.660: [DefNew: 960K->63K(960K), 0.0008668 secs] 257736K->257015K(524224K), 0.0009094 secs] [Times: user=0.00 sys=0.00, real=0.00 secs] 
3.664: [GC (Allocation Failure) 3.664: [DefNew: 959K->63K(960K), 0.0007202 secs] 257985K->257242K(524224K), 0.0007462 secs] [Times: user=0.00 sys=0.00, real=0.00 secs] 
3.666: [GC (Allocation Failure) 3.666: [DefNew: 959K->63K(960K), 0.0005843 secs] 258212K->257463K(524224K), 0.0006094 secs] [Times: user=0.00 sys=0.00, real=0.00 secs] 
3.670: [GC (Allocation Failure) 3.670: [DefNew: 959K->63K(960K), 0.0007490 secs] 258430K->257687K(524224K), 0.0007995 secs] [Times: user=0.00 sys=0.00, real=0.00 secs] 
3.675: [GC (Allocation Failure) 3.675: [DefNew: 959K->63K(960K), 0.0007476 secs] 258655K->257917K(524224K), 0.0007768 secs] [Times: user=0.00 sys=0.00, real=0.00 secs] 
3.679: [GC (Allocation Failure) 3.680: [DefNew: 959K->64K(960K), 0.0008969 secs] 258888K->258146K(524224K), 0.0009683 secs] [Times: user=0.00 sys=0.00, real=0.00 secs] 
3.681: [GC (Allocation Failure) 3.681: [DefNew: 960K->63K(960K), 0.0012392 secs] 259093K->258432K(524224K), 0.0013477 secs] [Times: user=0.00 sys=0.00, real=0.00 secs] 
3.686: [GC (Allocation Failure) 3.686: [DefNew: 959K->63K(960K), 0.0009104 secs] 259393K->258676K(524224K), 0.0009530 secs] [Times: user=0.00 sys=0.00, real=0.00 secs] 
3.690: [GC (Allocation Failure) 3.690: [DefNew: 959K->64K(960K), 0.0028188 secs] 259645K->258934K(524224K), 0.0029306 secs] [Times: user=0.00 sys=0.00, real=0.00 secs] 
3.696: [GC (Allocation Failure) 3.696: [DefNew: 960K->64K(960K), 0.0059784 secs] 259877K->259667K(524224K), 0.0061287 secs] [Times: user=0.02 sys=0.00, real=0.01 secs] 
3.706: [GC (Allocation Failure) 3.706: [DefNew: 960K->64K(960K), 0.0068044 secs] 260598K->260426K(524224K), 0.0069329 secs] [Times: user=0.00 sys=0.00, real=0.01 secs] 
3.716: [GC (Allocation Failure) 3.716: [DefNew: 960K->63K(960K), 0.0035808 secs] 261328K->260872K(524224K), 0.0036684 secs] [Times: user=0.00 sys=0.00, real=0.00 secs] 
3.722: [GC (Allocation Failure) 3.722: [DefNew: 959K->63K(960K), 0.0026950 secs] 261771K->261267K(524224K), 0.0028230 secs] [Times: user=0.00 sys=0.00, real=0.00 secs] 
3.727: [GC (Allocation Failure) 3.727: [DefNew: 959K->63K(960K), 0.0016023 secs] 262180K->261539K(524224K), 0.0016631 secs] [Times: user=0.00 sys=0.00, real=0.00 secs] 
3.730: [GC (Allocation Failure) 3.730: [DefNew: 959K->63K(960K), 0.0011770 secs] 262469K->261799K(524224K), 0.0012304 secs] [Times: user=0.02 sys=0.00, real=0.00 secs] 
3.735: [GC (Allocation Failure) 3.735: [DefNew: 959K->64K(960K), 0.0010894 secs] 262736K->262052K(524224K), 0.0011446 secs] [Times: user=0.00 sys=0.00, real=0.00 secs] 
3.739: [GC (Allocation Failure) 3.739: [DefNew: 960K->63K(960K), 0.0007875 secs] 263013K->262287K(524224K), 0.0008181 secs] [Times: user=0.00 sys=0.00, real=0.00 secs] 
3.741: [GC (Allocation Failure) 3.741: [DefNew: 959K->64K(960K), 0.0008130 secs] 263245K->262527K(524224K), 0.0008436 secs] [Times: user=0.00 sys=0.00, real=0.00 secs] 
3.745: [GC (Allocation Failure) 3.745: [DefNew: 960K->63K(960K), 0.0011719 secs] 263488K->262763K(524224K), 0.0012387 secs] [Times: user=0.02 sys=0.00, real=0.00 secs] 
3.749: [GC (Allocation Failure) 3.749: [DefNew: 959K->63K(960K), 0.0010388 secs] 263712K->263102K(524224K), 0.0010787 secs] [Times: user=0.00 sys=0.00, real=0.00 secs] 
3.751: [GC (Allocation Failure) 3.751: [DefNew: 959K->63K(960K), 0.0008223 secs] 264072K->263327K(524224K), 0.0008478 secs] [Times: user=0.00 sys=0.00, real=0.00 secs] 
3.755: [GC (Allocation Failure) 3.755: [DefNew: 959K->63K(960K), 0.0006224 secs] 264297K->263548K(524224K), 0.0006474 secs] [Times: user=0.00 sys=0.00, real=0.00 secs] 
3.759: [GC (Allocation Failure) 3.759: [DefNew: 959K->63K(960K), 0.0008079 secs] 264512K->263778K(524224K), 0.0008529 secs] [Times: user=0.00 sys=0.00, real=0.00 secs] 
3.761: [GC (Allocation Failure) 3.761: [DefNew: 959K->63K(960K), 0.0008269 secs] 264747K->264002K(524224K), 0.0008728 secs] [Times: user=0.01 sys=0.00, real=0.00 secs] 
3.765: [GC (Allocation Failure) 3.765: [DefNew: 959K->63K(960K), 0.0007972 secs] 264960K->264245K(524224K), 0.0008371 secs] [Times: user=0.00 sys=0.00, real=0.00 secs] 
3.770: [GC (Allocation Failure) 3.770: [DefNew: 959K->63K(960K), 0.0010662 secs] 265182K->264591K(524224K), 0.0011103 secs] [Times: user=0.00 sys=0.00, real=0.00 secs] 
3.772: [GC (Allocation Failure) 3.772: [DefNew: 959K->63K(960K), 0.0008881 secs] 265557K->264845K(524224K), 0.0009136 secs] [Times: user=0.00 sys=0.00, real=0.00 secs] 
3.777: [GC (Allocation Failure) 3.777: [DefNew: 959K->63K(960K), 0.0007898 secs] 265814K->265074K(524224K), 0.0008283 secs] [Times: user=0.00 sys=0.02, real=0.00 secs] 
3.780: [GC (Allocation Failure) 3.780: [DefNew: 959K->64K(960K), 0.0007940 secs] 266046K->265302K(524224K), 0.0008394 secs] [Times: user=0.00 sys=0.00, real=0.00 secs] 
3.783: [GC (Allocation Failure) 3.783: [DefNew: 960K->63K(960K), 0.0008000 secs] 266277K->265523K(524224K), 0.0008501 secs] [Times: user=0.00 sys=0.00, real=0.00 secs] 
3.786: [GC (Allocation Failure) 3.786: [DefNew: 959K->63K(960K), 0.0006734 secs] 266494K->265746K(524224K), 0.0007008 secs] [Times: user=0.00 sys=0.00, real=0.00 secs] 
3.790: [GC (Allocation Failure) 3.790: [DefNew: 959K->63K(960K), 0.0007903 secs] 266717K->265971K(524224K), 0.0008315 secs] [Times: user=0.00 sys=0.00, real=0.00 secs] 
3.795: [GC (Allocation Failure) 3.795: [DefNew: 959K->63K(960K), 0.0008682 secs] 266930K->266210K(524224K), 0.0009113 secs] [Times: user=0.00 sys=0.00, real=0.00 secs] 
3.798: [GC (Allocation Failure) 3.798: [DefNew: 959K->63K(960K), 0.0007031 secs] 267184K->266437K(524224K), 0.0007286 secs] [Times: user=0.00 sys=0.00, real=0.00 secs] 
3.802: [GC (Allocation Failure) 3.802: [DefNew: 959K->63K(960K), 0.0006061 secs] 267405K->266664K(524224K), 0.0006321 secs] [Times: user=0.00 sys=0.00, real=0.00 secs] 
3.805: [GC (Allocation Failure) 3.805: [DefNew: 959K->64K(960K), 0.0007527 secs] 267633K->266891K(524224K), 0.0008014 secs] [Times: user=0.00 sys=0.00, real=0.00 secs] 
3.807: [GC (Allocation Failure) 3.807: [DefNew: 960K->64K(960K), 0.0007518 secs] 267859K->267121K(524224K), 0.0007935 secs] [Times: user=0.00 sys=0.00, real=0.00 secs] 
3.811: [GC (Allocation Failure) 3.811: [DefNew: 960K->64K(960K), 0.0007879 secs] 268084K->267355K(524224K), 0.0008274 secs] [Times: user=0.00 sys=0.00, real=0.00 secs] 
3.816: [GC (Allocation Failure) 3.816: [DefNew: 960K->63K(960K), 0.0008538 secs] 268305K->267617K(524224K), 0.0008983 secs] [Times: user=0.00 sys=0.00, real=0.00 secs] 
3.821: [GC (Allocation Failure) 3.821: [DefNew: 959K->63K(960K), 0.0007833 secs] 268587K->267839K(524224K), 0.0008139 secs] [Times: user=0.00 sys=0.00, real=0.00 secs] 
3.824: [GC (Allocation Failure) 3.824: [DefNew: 959K->63K(960K), 0.0007360 secs] 268801K->268078K(524224K), 0.0007638 secs] [Times: user=0.00 sys=0.00, real=0.00 secs] 
3.829: [GC (Allocation Failure) 3.829: [DefNew: 959K->63K(960K), 0.0008510 secs] 269044K->268307K(524224K), 0.0008826 secs] [Times: user=0.00 sys=0.00, real=0.00 secs] 
3.832: [GC (Allocation Failure) 3.832: [DefNew: 959K->63K(960K), 0.0006994 secs] 269277K->268530K(524224K), 0.0007290 secs] [Times: user=0.00 sys=0.00, real=0.00 secs] 
3.835: [GC (Allocation Failure) 3.835: [DefNew: 959K->63K(960K), 0.0008167 secs] 269491K->268770K(524224K), 0.0008631 secs] [Times: user=0.00 sys=0.00, real=0.00 secs] 
3.838: [GC (Allocation Failure) 3.838: [DefNew: 959K->64K(960K), 0.0007963 secs] 269741K->268997K(524224K), 0.0008422 secs] [Times: user=0.00 sys=0.00, real=0.00 secs] 
3.842: [GC (Allocation Failure) 3.842: [DefNew: 960K->63K(960K), 0.0007875 secs] 269967K->269220K(524224K), 0.0008343 secs] [Times: user=0.00 sys=0.00, real=0.00 secs] 
3.844: [GC (Allocation Failure) 3.844: [DefNew: 959K->64K(960K), 0.0007847 secs] 270190K->269448K(524224K), 0.0008315 secs] [Times: user=0.00 sys=0.00, real=0.00 secs] 
3.848: [GC (Allocation Failure) 3.848: [DefNew: 960K->63K(960K), 0.0007072 secs] 270413K->269681K(524224K), 0.0007467 secs] [Times: user=0.00 sys=0.00, real=0.00 secs] 
3.852: [GC (Allocation Failure) 3.852: [DefNew: 959K->63K(960K), 0.0006423 secs] 270654K->269906K(524224K), 0.0006678 secs] [Times: user=0.00 sys=0.00, real=0.00 secs] 
3.855: [GC (Allocation Failure) 3.855: [DefNew: 959K->64K(960K), 0.0006043 secs] 270878K->270124K(524224K), 0.0006303 secs] [Times: user=0.00 sys=0.00, real=0.00 secs] 
3.857: [GC (Allocation Failure) 3.857: [DefNew: 960K->63K(960K), 0.0014163 secs] 271085K->270368K(524224K), 0.0014957 secs] [Times: user=0.00 sys=0.00, real=0.00 secs] 
3.861: [GC (Allocation Failure) 3.861: [DefNew: 959K->63K(960K), 0.0008348 secs] 271337K->270593K(524224K), 0.0008830 secs] [Times: user=0.00 sys=0.00, real=0.00 secs] 
3.864: [GC (Allocation Failure) 3.864: [DefNew: 959K->64K(960K), 0.0008065 secs] 271556K->270826K(524224K), 0.0008538 secs] [Times: user=0.00 sys=0.00, real=0.00 secs] 
3.866: [GC (Allocation Failure) 3.866: [DefNew: 960K->63K(960K), 0.0007921 secs] 271796K->271049K(524224K), 0.0008385 secs] [Times: user=0.00 sys=0.00, real=0.00 secs] 
3.869: [GC (Allocation Failure) 3.869: [DefNew: 959K->63K(960K), 0.0008028 secs] 272013K->271279K(524224K), 0.0008496 secs] [Times: user=0.00 sys=0.00, real=0.00 secs] 
3.872: [GC (Allocation Failure) 3.872: [DefNew: 959K->64K(960K), 0.0008023 secs] 272249K->271504K(524224K), 0.0008496 secs] [Times: user=0.00 sys=0.00, real=0.00 secs] 
3.874: [GC (Allocation Failure) 3.874: [DefNew: 960K->63K(960K), 0.0007768 secs] 272469K->271739K(524224K), 0.0008172 secs] [Times: user=0.00 sys=0.00, real=0.00 secs] 
3.879: [GC (Allocation Failure) 3.879: [DefNew: 959K->63K(960K), 0.0009646 secs] 272683K->272011K(524224K), 0.0010161 secs] [Times: user=0.00 sys=0.00, real=0.00 secs] 
3.884: [GC (Allocation Failure) 3.884: [DefNew: 959K->64K(960K), 0.0008037 secs] 272973K->272253K(524224K), 0.0008487 secs] [Times: user=0.00 sys=0.00, real=0.00 secs] 
3.887: [GC (Allocation Failure) 3.887: [DefNew: 960K->63K(960K), 0.0008009 secs] 273224K->272477K(524224K), 0.0008473 secs] [Times: user=0.00 sys=0.00, real=0.00 secs] 
3.891: [GC (Allocation Failure) 3.891: [DefNew: 959K->63K(960K), 0.0007921 secs] 273439K->272715K(524224K), 0.0008371 secs] [Times: user=0.00 sys=0.00, real=0.00 secs] 
3.895: [GC (Allocation Failure) 3.895: [DefNew: 959K->63K(960K), 0.0006771 secs] 273687K->272936K(524224K), 0.0007035 secs] [Times: user=0.00 sys=0.00, real=0.00 secs] 
3.899: [GC (Allocation Failure) 3.899: [DefNew: 959K->63K(960K), 0.0012044 secs] 273904K->273163K(524224K), 0.0012995 secs] [Times: user=0.00 sys=0.00, real=0.00 secs] 
3.902: [GC (Allocation Failure) 3.902: [DefNew: 959K->64K(960K), 0.0008334 secs] 274127K->273391K(524224K), 0.0008858 secs] [Times: user=0.02 sys=0.00, real=0.00 secs] 
3.906: [GC (Allocation Failure) 3.906: [DefNew: 960K->64K(960K), 0.0007267 secs] 274359K->273625K(524224K), 0.0007559 secs] [Times: user=0.00 sys=0.00, real=0.00 secs] 
3.911: [GC (Allocation Failure) 3.911: [DefNew: 960K->63K(960K), 0.0006632 secs] 274596K->273851K(524224K), 0.0006892 secs] [Times: user=0.00 sys=0.00, real=0.00 secs] 
3.913: [GC (Allocation Failure) 3.913: [DefNew: 959K->64K(960K), 0.0006191 secs] 274821K->274075K(524224K), 0.0006442 secs] [Times: user=0.00 sys=0.00, real=0.00 secs] 
3.917: [GC (Allocation Failure) 3.917: [DefNew: 960K->63K(960K), 0.0005932 secs] 275044K->274298K(524224K), 0.0006182 secs] [Times: user=0.00 sys=0.00, real=0.00 secs] 
3.920: [GC (Allocation Failure) 3.920: [DefNew: 959K->63K(960K), 0.0009261 secs] 275262K->274530K(524224K), 0.0009725 secs] [Times: user=0.00 sys=0.00, real=0.00 secs] 
3.924: [GC (Allocation Failure) 3.924: [DefNew: 959K->63K(960K), 0.0009493 secs] 275469K->274823K(524224K), 0.0010031 secs] [Times: user=0.00 sys=0.00, real=0.00 secs] 
3.928: [GC (Allocation Failure) 3.928: [DefNew: 959K->63K(960K), 0.0009809 secs] 275782K->275105K(524224K), 0.0010249 secs] [Times: user=0.00 sys=0.00, real=0.00 secs] 
3.931: [GC (Allocation Failure) 3.931: [DefNew: 959K->63K(960K), 0.0008524 secs] 276075K->275330K(524224K), 0.0008997 secs] [Times: user=0.00 sys=0.00, real=0.00 secs] 
3.934: [GC (Allocation Failure) 3.934: [DefNew: 959K->63K(960K), 0.0007147 secs] 276301K->275558K(524224K), 0.0007546 secs] [Times: user=0.00 sys=0.00, real=0.00 secs] 
3.936: [GC (Allocation Failure) 3.936: [DefNew: 959K->64K(960K), 0.0006340 secs] 276526K->275786K(524224K), 0.0006604 secs] [Times: user=0.00 sys=0.00, real=0.00 secs] 
3.940: [GC (Allocation Failure) 3.940: [DefNew: 960K->64K(960K), 0.0005755 secs] 276761K->276006K(524224K), 0.0006015 secs] [Times: user=0.00 sys=0.00, real=0.00 secs] 
3.945: [GC (Allocation Failure) 3.945: [DefNew: 960K->64K(960K), 0.0011409 secs] 276960K->276280K(524224K), 0.0011974 secs] [Times: user=0.00 sys=0.00, real=0.00 secs] 
3.947: [GC (Allocation Failure) 3.947: [DefNew: 960K->63K(960K), 0.0007796 secs] 277249K->276506K(524224K), 0.0008060 secs] [Times: user=0.00 sys=0.00, real=0.00 secs] 
3.950: [GC (Allocation Failure) 3.950: [DefNew: 959K->63K(960K), 0.0006488 secs] 277478K->276732K(524224K), 0.0006734 secs] [Times: user=0.00 sys=0.00, real=0.00 secs] 
3.955: [GC (Allocation Failure) 3.955: [DefNew: 959K->64K(960K), 0.0007981 secs] 277694K->277032K(524224K), 0.0008264 secs] [Times: user=0.00 sys=0.00, real=0.00 secs] 
3.958: [GC (Allocation Failure) 3.958: [DefNew: 960K->64K(960K), 0.0008376 secs] 278002K->277258K(524224K), 0.0008682 secs] [Times: user=0.00 sys=0.00, real=0.00 secs] 
3.962: [GC (Allocation Failure) 3.962: [DefNew: 960K->64K(960K), 0.0008798 secs] 278222K->277490K(524224K), 0.0009271 secs] [Times: user=0.00 sys=0.00, real=0.00 secs] 
3.967: [GC (Allocation Failure) 3.967: [DefNew: 960K->64K(960K), 0.0012777 secs] 278440K->277768K(524224K), 0.0013830 secs] [Times: user=0.00 sys=0.00, real=0.00 secs] 
3.971: [GC (Allocation Failure) 3.971: [DefNew: 960K->63K(960K), 0.0009206 secs] 278732K->278003K(524224K), 0.0009744 secs] [Times: user=0.00 sys=0.00, real=0.00 secs] 
3.974: [GC (Allocation Failure) 3.974: [DefNew: 959K->63K(960K), 0.0008450 secs] 278970K->278238K(524224K), 0.0008756 secs] [Times: user=0.00 sys=0.00, real=0.00 secs] 
3.978: [GC (Allocation Failure) 3.978: [DefNew: 959K->64K(960K), 0.0008714 secs] 279202K->278473K(524224K), 0.0009053 secs] [Times: user=0.00 sys=0.00, real=0.00 secs] 
3.982: [GC (Allocation Failure) 3.982: [DefNew: 960K->64K(960K), 0.0009048 secs] 279430K->278723K(524224K), 0.0009382 secs] [Times: user=0.00 sys=0.00, real=0.00 secs] 
3.985: [GC (Allocation Failure) 3.985: [DefNew: 960K->64K(960K), 0.0008056 secs] 279677K->278969K(524224K), 0.0008352 secs] [Times: user=0.00 sys=0.00, real=0.00 secs] 
3.990: [GC (Allocation Failure) 3.991: [DefNew: 960K->63K(960K), 0.0012652 secs] 279910K->279299K(524224K), 0.0013607 secs] [Times: user=0.00 sys=0.00, real=0.00 secs] 
3.994: [GC (Allocation Failure) 3.994: [DefNew: 959K->64K(960K), 0.0008974 secs] 280266K->279524K(524224K), 0.0009266 secs] [Times: user=0.00 sys=0.00, real=0.00 secs] 
3.996: [GC (Allocation Failure) 3.996: [DefNew: 960K->64K(960K), 0.0008116 secs] 280493K->279754K(524224K), 0.0008612 secs] [Times: user=0.00 sys=0.00, real=0.00 secs] 
4.000: [GC (Allocation Failure) 4.000: [DefNew: 960K->63K(960K), 0.0006618 secs] 280722K->279981K(524224K), 0.0006882 secs] [Times: user=0.00 sys=0.00, real=0.00 secs] 
4.005: [GC (Allocation Failure) 4.005: [DefNew: 959K->63K(960K), 0.0005737 secs] 280950K->280203K(524224K), 0.0005997 secs] [Times: user=0.00 sys=0.00, real=0.00 secs] 
4.007: [GC (Allocation Failure) 4.007: [DefNew: 959K->63K(960K), 0.0007963 secs] 281165K->280441K(524224K), 0.0008408 secs] [Times: user=0.00 sys=0.00, real=0.00 secs] 
4.011: [GC (Allocation Failure) 4.011: [DefNew: 959K->63K(960K), 0.0010027 secs] 281404K->280677K(524224K), 0.0010602 secs] [Times: user=0.01 sys=0.00, real=0.00 secs] 
4.015: [GC (Allocation Failure) 4.015: [DefNew: 959K->64K(960K), 0.0008348 secs] 281644K->280909K(524224K), 0.0008761 secs] [Times: user=0.00 sys=0.00, real=0.00 secs] 
4.020: [GC (Allocation Failure) 4.020: [DefNew: 960K->64K(960K), 0.0008116 secs] 281878K->281130K(524224K), 0.0008612 secs] [Times: user=0.00 sys=0.00, real=0.00 secs] 
4.021: [GC (Allocation Failure) 4.021: [DefNew: 960K->64K(960K), 0.0006238 secs] 282101K->281353K(524224K), 0.0006497 secs] [Times: user=0.00 sys=0.00, real=0.00 secs] 
4.025: [GC (Allocation Failure) 4.025: [DefNew: 960K->63K(960K), 0.0006293 secs] 282325K->281574K(524224K), 0.0006581 secs] [Times: user=0.00 sys=0.00, real=0.00 secs] 
4.029: [GC (Allocation Failure) 4.029: [DefNew: 959K->63K(960K), 0.0007852 secs] 282544K->281796K(524224K), 0.0008311 secs] [Times: user=0.00 sys=0.00, real=0.00 secs] 
4.032: [GC (Allocation Failure) 4.032: [DefNew: 959K->63K(960K), 0.0008608 secs] 282767K->282026K(524224K), 0.0009062 secs] [Times: user=0.00 sys=0.00, real=0.00 secs] 
4.034: [GC (Allocation Failure) 4.034: [DefNew: 959K->63K(960K), 0.0010054 secs] 282968K->282309K(524224K), 0.0010708 secs] [Times: user=0.00 sys=0.00, real=0.00 secs] 
4.038: [GC (Allocation Failure) 4.038: [DefNew: 959K->63K(960K), 0.0007471 secs] 283278K->282539K(524224K), 0.0007750 secs] [Times: user=0.00 sys=0.00, real=0.00 secs] 
4.040: [GC (Allocation Failure) 4.040: [DefNew: 959K->64K(960K), 0.0007439 secs] 283504K->282774K(524224K), 0.0007708 secs] [Times: user=0.00 sys=0.00, real=0.00 secs] 
4.044: [GC (Allocation Failure) 4.044: [DefNew: 960K->63K(960K), 0.0007763 secs] 283746K->282993K(524224K), 0.0008264 secs] [Times: user=0.00 sys=0.00, real=0.00 secs] 
4.048: [GC (Allocation Failure) 4.048: [DefNew: 959K->64K(960K), 0.0006307 secs] 283959K->283224K(524224K), 0.0006576 secs] [Times: user=0.00 sys=0.00, real=0.00 secs] 
4.052: [GC (Allocation Failure) 4.052: [DefNew: 960K->63K(960K), 0.0008352 secs] 284199K->283447K(524224K), 0.0008826 secs] [Times: user=0.00 sys=0.00, real=0.00 secs] 
4.054: [GC (Allocation Failure) 4.054: [DefNew: 959K->63K(960K), 0.0013500 secs] 284415K->283683K(524224K), 0.0014094 secs] [Times: user=0.00 sys=0.00, real=0.00 secs] 
4.057: [GC (Allocation Failure) 4.057: [DefNew: 959K->64K(960K), 0.0008357 secs] 284646K->283915K(524224K), 0.0008774 secs] [Times: user=0.00 sys=0.00, real=0.00 secs] 
4.061: [GC (Allocation Failure) 4.061: [DefNew: 960K->63K(960K), 0.0007374 secs] 284883K->284145K(524224K), 0.0007782 secs] [Times: user=0.00 sys=0.00, real=0.00 secs] 
4.063: [GC (Allocation Failure) 4.063: [DefNew: 959K->64K(960K), 0.0006743 secs] 285113K->284367K(524224K), 0.0006998 secs] [Times: user=0.00 sys=0.00, real=0.00 secs] 
4.067: [GC (Allocation Failure) 4.067: [DefNew: 960K->64K(960K), 0.0006020 secs] 285341K->284589K(524224K), 0.0006279 secs] [Times: user=0.00 sys=0.00, real=0.00 secs] 
4.071: [GC (Allocation Failure) 4.071: [DefNew: 960K->63K(960K), 0.0008028 secs] 285551K->284825K(524224K), 0.0008506 secs] [Times: user=0.00 sys=0.00, real=0.00 secs] 
4.073: [GC (Allocation Failure) 4.073: [DefNew: 959K->63K(960K), 0.0008172 secs] 285792K->285052K(524224K), 0.0008608 secs] [Times: user=0.02 sys=0.00, real=0.00 secs] 
4.077: [GC (Allocation Failure) 4.077: [DefNew: 959K->63K(960K), 0.0010361 secs] 286023K->285279K(524224K), 0.0011010 secs] [Times: user=0.00 sys=0.00, real=0.00 secs] 
4.081: [GC (Allocation Failure) 4.081: [DefNew: 959K->63K(960K), 0.0009544 secs] 286226K->285557K(524224K), 0.0009971 secs] [Times: user=0.00 sys=0.00, real=0.00 secs] 
4.085: [GC (Allocation Failure) 4.085: [DefNew: 959K->64K(960K), 0.0008199 secs] 286526K->285782K(524224K), 0.0008682 secs] [Times: user=0.00 sys=0.00, real=0.00 secs] 
4.087: [GC (Allocation Failure) 4.087: [DefNew: 960K->63K(960K), 0.0007968 secs] 286752K->286005K(524224K), 0.0008417 secs] [Times: user=0.00 sys=0.00, real=0.00 secs] 
4.090: [GC (Allocation Failure) 4.090: [DefNew: 959K->63K(960K), 0.0007397 secs] 286970K->286239K(524224K), 0.0007810 secs] [Times: user=0.00 sys=0.00, real=0.00 secs] 
4.094: [GC (Allocation Failure) 4.094: [DefNew: 959K->64K(960K), 0.0007258 secs] 287209K->286465K(524224K), 0.0007661 secs] [Times: user=0.00 sys=0.00, real=0.00 secs] 
4.097: [GC (Allocation Failure) 4.097: [DefNew: 960K->64K(960K), 0.0007114 secs] 287432K->286695K(524224K), 0.0007392 secs] [Times: user=0.00 sys=0.00, real=0.00 secs] 
4.101: [GC (Allocation Failure) 4.101: [DefNew: 960K->63K(960K), 0.0006961 secs] 287667K->286919K(524224K), 0.0007239 secs] [Times: user=0.00 sys=0.00, real=0.00 secs] 
4.105: [GC (Allocation Failure) 4.105: [DefNew: 959K->64K(960K), 0.0009359 secs] 287862K->287252K(524224K), 0.0009841 secs] [Times: user=0.00 sys=0.00, real=0.00 secs] 
4.107: [GC (Allocation Failure) 4.107: [DefNew: 960K->64K(960K), 0.0008992 secs] 288221K->287477K(524224K), 0.0009419 secs] [Times: user=0.00 sys=0.00, real=0.00 secs] 
4.111: [GC (Allocation Failure) 4.111: [DefNew: 960K->64K(960K), 0.0007045 secs] 288443K->287705K(524224K), 0.0007314 secs] [Times: user=0.00 sys=0.00, real=0.00 secs] 
4.114: [GC (Allocation Failure) 4.114: [DefNew: 960K->63K(960K), 0.0006057 secs] 288676K->287928K(524224K), 0.0006312 secs] [Times: user=0.00 sys=0.00, real=0.00 secs] 
4.118: [GC (Allocation Failure) 4.118: [DefNew: 959K->64K(960K), 0.0005792 secs] 288899K->288150K(524224K), 0.0006048 secs] [Times: user=0.00 sys=0.00, real=0.00 secs] 
4.120: [GC (Allocation Failure) 4.120: [DefNew: 960K->63K(960K), 0.0006929 secs] 289117K->288376K(524224K), 0.0007193 secs] [Times: user=0.02 sys=0.00, real=0.00 secs] 
4.124: [GC (Allocation Failure) 4.124: [DefNew: 959K->64K(960K), 0.0011585 secs] 289309K->288827K(524224K), 0.0012030 secs] [Times: user=0.00 sys=0.00, real=0.00 secs] 
4.128: [GC (Allocation Failure) 4.128: [DefNew: 960K->64K(960K), 0.0009187 secs] 289797K->289046K(524224K), 0.0009452 secs] [Times: user=0.00 sys=0.00, real=0.00 secs] 
4.130: [GC (Allocation Failure) 4.130: [DefNew: 960K->63K(960K), 0.0006038 secs] 290019K->289267K(524224K), 0.0006293 secs] [Times: user=0.00 sys=0.00, real=0.00 secs] 
4.134: [GC (Allocation Failure) 4.134: [DefNew: 959K->63K(960K), 0.0006483 secs] 290233K->289496K(524224K), 0.0006743 secs] [Times: user=0.00 sys=0.00, real=0.00 secs] 
4.138: [GC (Allocation Failure) 4.138: [DefNew: 959K->64K(960K), 0.0006372 secs] 290468K->289718K(524224K), 0.0006623 secs] [Times: user=0.00 sys=0.00, real=0.00 secs] 
4.141: [GC (Allocation Failure) 4.141: [DefNew: 960K->64K(960K), 0.0006831 secs] 290692K->289940K(524224K), 0.0007096 secs] [Times: user=0.00 sys=0.00, real=0.00 secs] 
4.145: [GC (Allocation Failure) 4.145: [DefNew: 960K->63K(960K), 0.0013018 secs] 290904K->290206K(524224K), 0.0013728 secs] [Times: user=0.00 sys=0.00, real=0.00 secs] 
4.150: [GC (Allocation Failure) 4.150: [DefNew: 959K->63K(960K), 0.0008557 secs] 291173K->290442K(524224K), 0.0009011 secs] [Times: user=0.00 sys=0.00, real=0.00 secs] 
4.152: [GC (Allocation Failure) 4.152: [DefNew: 959K->63K(960K), 0.0008492 secs] 291411K->290671K(524224K), 0.0009006 secs] [Times: user=0.00 sys=0.00, real=0.00 secs] 
4.157: [GC (Allocation Failure) 4.157: [DefNew: 959K->63K(960K), 0.0007750 secs] 291641K->290902K(524224K), 0.0008042 secs] [Times: user=0.00 sys=0.00, real=0.00 secs] 
4.160: [GC (Allocation Failure) 4.160: [DefNew: 959K->63K(960K), 0.0007652 secs] 291870K->291123K(524224K), 0.0008121 secs] [Times: user=0.00 sys=0.00, real=0.00 secs] 
4.163: [GC (Allocation Failure) 4.163: [DefNew: 959K->63K(960K), 0.0006766 secs] 292090K->291351K(524224K), 0.0007045 secs] [Times: user=0.00 sys=0.00, real=0.00 secs] 
4.166: [GC (Allocation Failure) 4.166: [DefNew: 959K->63K(960K), 0.0009535 secs] 292322K->291580K(524224K), 0.0009976 secs] [Times: user=0.00 sys=0.00, real=0.00 secs] 
4.171: [GC (Allocation Failure) 4.171: [DefNew: 959K->64K(960K), 0.0008492 secs] 292541K->291821K(524224K), 0.0008914 secs] [Times: user=0.00 sys=0.00, real=0.00 secs] 
4.175: [GC (Allocation Failure) 4.175: [DefNew: 960K->64K(960K), 0.0007958 secs] 292783K->292096K(524224K), 0.0008237 secs] [Times: user=0.00 sys=0.00, real=0.00 secs] 
4.177: [GC (Allocation Failure) 4.177: [DefNew: 960K->63K(960K), 0.0006831 secs] 293069K->292319K(524224K), 0.0007161 secs] [Times: user=0.00 sys=0.00, real=0.00 secs] 
4.181: [GC (Allocation Failure) 4.181: [DefNew: 959K->63K(960K), 0.0007643 secs] 293289K->292545K(524224K), 0.0008111 secs] [Times: user=0.00 sys=0.00, real=0.00 secs] 
4.184: [GC (Allocation Failure) 4.184: [DefNew: 959K->63K(960K), 0.0008339 secs] 293503K->292788K(524224K), 0.0008844 secs] [Times: user=0.00 sys=0.00, real=0.00 secs] 
4.187: [GC (Allocation Failure) 4.187: [DefNew: 959K->63K(960K), 0.0007123 secs] 293759K->293012K(524224K), 0.0007392 secs] [Times: user=0.00 sys=0.00, real=0.00 secs] 
4.191: [GC (Allocation Failure) 4.191: [DefNew: 959K->63K(960K), 0.0014061 secs] 293966K->293285K(524224K), 0.0014743 secs] [Times: user=0.00 sys=0.00, real=0.00 secs] 
4.196: [GC (Allocation Failure) 4.196: [DefNew: 959K->63K(960K), 0.0008561 secs] 294250K->293516K(524224K), 0.0008853 secs] [Times: user=0.00 sys=0.00, real=0.00 secs] 
4.200: [GC (Allocation Failure) 4.200: [DefNew: 959K->64K(960K), 0.0006474 secs] 294486K->293741K(524224K), 0.0006734 secs] [Times: user=0.00 sys=0.00, real=0.00 secs] 
4.202: [GC (Allocation Failure) 4.202: [DefNew: 960K->63K(960K), 0.0008088 secs] 294707K->293977K(524224K), 0.0008589 secs] [Times: user=0.00 sys=0.00, real=0.00 secs] 
4.207: [GC (Allocation Failure) 4.207: [DefNew: 959K->63K(960K), 0.0008584 secs] 294940K->294209K(524224K), 0.0008988 secs] [Times: user=0.00 sys=0.00, real=0.00 secs] 
4.211: [GC (Allocation Failure) 4.211: [DefNew: 959K->63K(960K), 0.0008747 secs] 295172K->294442K(524224K), 0.0009094 secs] [Times: user=0.00 sys=0.00, real=0.00 secs] 
4.214: [GC (Allocation Failure) 4.214: [DefNew: 959K->63K(960K), 0.0008955 secs] 295402K->294690K(524224K), 0.0009452 secs] [Times: user=0.02 sys=0.00, real=0.00 secs] 
4.217: [GC (Allocation Failure) 4.217: [DefNew: 959K->63K(960K), 0.0008209 secs] 295652K->294923K(524224K), 0.0008663 secs] [Times: user=0.00 sys=0.00, real=0.00 secs] 
4.221: [GC (Allocation Failure) 4.221: [DefNew: 959K->63K(960K), 0.0008278 secs] 295888K->295154K(524224K), 0.0008751 secs] [Times: user=0.00 sys=0.00, real=0.00 secs] 
4.223: [GC (Allocation Failure) 4.223: [DefNew: 959K->64K(960K), 0.0008510 secs] 296120K->295387K(524224K), 0.0008974 secs] [Times: user=0.00 sys=0.00, real=0.00 secs] 
4.227: [GC (Allocation Failure) 4.227: [DefNew: 960K->63K(960K), 0.0007147 secs] 296359K->295612K(524224K), 0.0007420 secs] [Times: user=0.00 sys=0.00, real=0.00 secs] 
4.231: [GC (Allocation Failure) 4.231: [DefNew: 959K->64K(960K), 0.0007499 secs] 296583K->295842K(524224K), 0.0007838 secs] [Times: user=0.00 sys=0.00, real=0.00 secs] 
4.235: [GC (Allocation Failure) 4.235: [DefNew: 960K->63K(960K), 0.0011529 secs] 296811K->296073K(524224K), 0.0012216 secs] [Times: user=0.00 sys=0.00, real=0.00 secs] 
4.238: [GC (Allocation Failure) 4.238: [DefNew: 959K->64K(960K), 0.0008060 secs] 297036K->296310K(524224K), 0.0008394 secs] [Times: user=0.00 sys=0.00, real=0.00 secs] 
4.242: [GC (Allocation Failure) 4.242: [DefNew: 960K->63K(960K), 0.0008339 secs] 297279K->296540K(524224K), 0.0008723 secs] [Times: user=0.00 sys=0.00, real=0.00 secs] 
4.247: [GC (Allocation Failure) 4.247: [DefNew: 959K->63K(960K), 0.0007318 secs] 297505K->296772K(524224K), 0.0007624 secs] [Times: user=0.00 sys=0.00, real=0.00 secs] 
4.250: [GC (Allocation Failure) 4.250: [DefNew: 959K->63K(960K), 0.0007471 secs] 297740K->297000K(524224K), 0.0007791 secs] [Times: user=0.00 sys=0.00, real=0.00 secs] 
4.255: [GC (Allocation Failure) 4.255: [DefNew: 959K->64K(960K), 0.0011859 secs] 297964K->297257K(524224K), 0.0012346 secs] [Times: user=0.00 sys=0.00, real=0.00 secs] 
4.260: [GC (Allocation Failure) 4.260: [DefNew: 960K->64K(960K), 0.0009591 secs] 298203K->297521K(524224K), 0.0010017 secs] [Times: user=0.00 sys=0.00, real=0.00 secs] 
4.262: [GC (Allocation Failure) 4.262: [DefNew: 960K->64K(960K), 0.0007532 secs] 298492K->297744K(524224K), 0.0007810 secs] [Times: user=0.00 sys=0.00, real=0.00 secs] 
4.266: [GC (Allocation Failure) 4.266: [DefNew: 960K->63K(960K), 0.0007114 secs] 298714K->297969K(524224K), 0.0007392 secs] [Times: user=0.00 sys=0.00, real=0.00 secs] 
4.270: [GC (Allocation Failure) 4.270: [DefNew: 959K->63K(960K), 0.0006989 secs] 298937K->298201K(524224K), 0.0007272 secs] [Times: user=0.00 sys=0.00, real=0.00 secs] 
4.274: [GC (Allocation Failure) 4.274: [DefNew: 959K->64K(960K), 0.0007049 secs] 299174K->298428K(524224K), 0.0007337 secs] [Times: user=0.00 sys=0.00, real=0.00 secs] 
4.276: [GC (Allocation Failure) 4.276: [DefNew: 960K->63K(960K), 0.0006618 secs] 299396K->298662K(524224K), 0.0006878 secs] [Times: user=0.00 sys=0.00, real=0.00 secs] 
4.280: [GC (Allocation Failure) 4.280: [DefNew: 959K->64K(960K), 0.0009725 secs] 299615K->298942K(524224K), 0.0010305 secs] [Times: user=0.00 sys=0.00, real=0.00 secs] 
4.283: [GC (Allocation Failure) 4.283: [DefNew: 960K->64K(960K), 0.0008385 secs] 299903K->299181K(524224K), 0.0008705 secs] [Times: user=0.00 sys=0.00, real=0.00 secs] 
4.286: [GC (Allocation Failure) 4.286: [DefNew: 960K->63K(960K), 0.0007787 secs] 300152K->299405K(524224K), 0.0008079 secs] [Times: user=0.00 sys=0.00, real=0.00 secs] 
4.290: [GC (Allocation Failure) 4.290: [DefNew: 959K->63K(960K), 0.0007258 secs] 300373K->299634K(524224K), 0.0007541 secs] [Times: user=0.00 sys=0.00, real=0.00 secs] 
4.294: [GC (Allocation Failure) 4.294: [DefNew: 959K->63K(960K), 0.0008955 secs] 300600K->299866K(524224K), 0.0009507 secs] [Times: user=0.00 sys=0.00, real=0.00 secs] 
4.296: [GC (Allocation Failure) 4.296: [DefNew: 959K->63K(960K), 0.0007685 secs] 300832K->300094K(524224K), 0.0007963 secs] [Times: user=0.00 sys=0.00, real=0.00 secs] 
4.300: [GC (Allocation Failure) 4.300: [DefNew: 959K->63K(960K), 0.0007736 secs] 301063K->300319K(524224K), 0.0008023 secs] [Times: user=0.00 sys=0.00, real=0.00 secs] 
4.305: [GC (Allocation Failure) 4.305: [DefNew: 959K->63K(960K), 0.0012216 secs] 301275K->300591K(524224K), 0.0013125 secs] [Times: user=0.00 sys=0.00, real=0.00 secs] 
4.307: [GC (Allocation Failure) 4.307: [DefNew: 959K->63K(960K), 0.0008928 secs] 301557K->300819K(524224K), 0.0009229 secs] [Times: user=0.00 sys=0.00, real=0.00 secs] 
4.310: [GC (Allocation Failure) 4.310: [DefNew: 959K->63K(960K), 0.0008130 secs] 301781K->301055K(524224K), 0.0008431 secs] [Times: user=0.00 sys=0.00, real=0.00 secs] 
4.314: [GC (Allocation Failure) 4.314: [DefNew: 959K->63K(960K), 0.0008116 secs] 302018K->301298K(524224K), 0.0008557 secs] [Times: user=0.00 sys=0.00, real=0.00 secs] 
4.318: [GC (Allocation Failure) 4.318: [DefNew: 959K->64K(960K), 0.0007814 secs] 302263K->301578K(524224K), 0.0008093 secs] [Times: user=0.00 sys=0.00, real=0.00 secs] 
4.322: [GC (Allocation Failure) 4.322: [DefNew: 960K->63K(960K), 0.0009405 secs] 302548K->301804K(524224K), 0.0009980 secs] [Times: user=0.00 sys=0.00, real=0.00 secs] 
4.325: [GC (Allocation Failure) 4.325: [DefNew: 959K->63K(960K), 0.0012058 secs] 302715K->302245K(524224K), 0.0012670 secs] [Times: user=0.00 sys=0.00, real=0.00 secs] 
4.328: [GC (Allocation Failure) 4.328: [DefNew: 959K->64K(960K), 0.0010810 secs] 303214K->302476K(524224K), 0.0011144 secs] [Times: user=0.00 sys=0.00, real=0.00 secs] 
4.330: [GC (Allocation Failure) 4.330: [DefNew: 960K->63K(960K), 0.0008023 secs] 303443K->302739K(524224K), 0.0008301 secs] [Times: user=0.00 sys=0.00, real=0.00 secs] 
4.335: [GC (Allocation Failure) 4.335: [DefNew: 959K->64K(960K), 0.0007494 secs] 303707K->302997K(524224K), 0.0007759 secs] [Times: user=0.00 sys=0.00, real=0.00 secs] 
4.340: [GC (Allocation Failure) 4.340: [DefNew: 960K->63K(960K), 0.0008779 secs] 303963K->303231K(524224K), 0.0009210 secs] [Times: user=0.00 sys=0.00, real=0.00 secs] 
4.342: [GC (Allocation Failure) 4.342: [DefNew: 959K->64K(960K), 0.0007620 secs] 304202K->303459K(524224K), 0.0007963 secs] [Times: user=0.00 sys=0.00, real=0.00 secs] 
4.347: [GC (Allocation Failure) 4.347: [DefNew: 960K->63K(960K), 0.0009294 secs] 304407K->303724K(524224K), 0.0009772 secs] [Times: user=0.00 sys=0.00, real=0.00 secs] 
4.351: [GC (Allocation Failure) 4.351: [DefNew: 959K->64K(960K), 0.0007833 secs] 304691K->303952K(524224K), 0.0008130 secs] [Times: user=0.00 sys=0.00, real=0.00 secs] 
4.354: [GC (Allocation Failure) 4.354: [DefNew: 960K->63K(960K), 0.0006516 secs] 304925K->304175K(524224K), 0.0006776 secs] [Times: user=0.02 sys=0.00, real=0.00 secs] 
4.359: [GC (Allocation Failure) 4.359: [DefNew: 959K->63K(960K), 0.0008464 secs] 305120K->304436K(524224K), 0.0008816 secs] [Times: user=0.00 sys=0.00, real=0.00 secs] 
4.363: [GC (Allocation Failure) 4.363: [DefNew: 959K->63K(960K), 0.0007940 secs] 305402K->304697K(524224K), 0.0008199 secs] [Times: user=0.00 sys=0.00, real=0.00 secs] 
4.366: [GC (Allocation Failure) 4.366: [DefNew: 959K->63K(960K), 0.0007226 secs] 305668K->304926K(524224K), 0.0007546 secs] [Times: user=0.00 sys=0.00, real=0.00 secs] 
4.371: [GC (Allocation Failure) 4.371: [DefNew: 959K->64K(960K), 0.0009280 secs] 305871K->305191K(524224K), 0.0009734 secs] [Times: user=0.00 sys=0.00, real=0.00 secs] 
4.375: [GC (Allocation Failure) 4.375: [DefNew: 960K->63K(960K), 0.0008538 secs] 306155K->305424K(524224K), 0.0008858 secs] [Times: user=0.00 sys=0.00, real=0.00 secs] 
4.380: [GC (Allocation Failure) 4.380: [DefNew: 959K->63K(960K), 0.0010402 secs] 306392K->305653K(524224K), 0.0010810 secs] [Times: user=0.00 sys=0.00, real=0.00 secs] 
4.382: [GC (Allocation Failure) 4.382: [DefNew: 959K->63K(960K), 0.0006845 secs] 306626K->305877K(524224K), 0.0007105 secs] [Times: user=0.00 sys=0.00, real=0.00 secs] 
4.386: [GC (Allocation Failure) 4.386: [DefNew: 959K->63K(960K), 0.0007304 secs] 306844K->306108K(524224K), 0.0007587 secs] [Times: user=0.00 sys=0.00, real=0.00 secs] 
4.390: [GC (Allocation Failure) 4.390: [DefNew: 959K->64K(960K), 0.0007147 secs] 307075K->306335K(524224K), 0.0007425 secs] [Times: user=0.00 sys=0.00, real=0.00 secs] 
4.393: [GC (Allocation Failure) 4.393: [DefNew: 960K->63K(960K), 0.0010736 secs] 307279K->306629K(524224K), 0.0011274 secs] [Times: user=0.00 sys=0.00, real=0.00 secs] 
4.398: [GC (Allocation Failure) 4.398: [DefNew: 959K->64K(960K), 0.0008237 secs] 307597K->306860K(524224K), 0.0008510 secs] [Times: user=0.00 sys=0.00, real=0.00 secs] 
4.402: [GC (Allocation Failure) 4.402: [DefNew: 960K->63K(960K), 0.0007907 secs] 307828K->307097K(524224K), 0.0008306 secs] [Times: user=0.00 sys=0.00, real=0.00 secs] 
4.405: [GC (Allocation Failure) 4.405: [DefNew: 959K->64K(960K), 0.0006623 secs] 308065K->307323K(524224K), 0.0006882 secs] [Times: user=0.00 sys=0.00, real=0.00 secs] 
4.409: [GC (Allocation Failure) 4.409: [DefNew: 960K->63K(960K), 0.0007861 secs] 308289K->307555K(524224K), 0.0008167 secs] [Times: user=0.00 sys=0.00, real=0.00 secs] 
4.413: [GC (Allocation Failure) 4.413: [DefNew: 959K->63K(960K), 0.0015717 secs] 308512K->307830K(524224K), 0.0016403 secs] [Times: user=0.00 sys=0.00, real=0.00 secs] 
4.416: [GC (Allocation Failure) 4.416: [DefNew: 959K->63K(960K), 0.0009025 secs] 308774K->308112K(524224K), 0.0009322 secs] [Times: user=0.00 sys=0.00, real=0.00 secs] 
4.420: [GC (Allocation Failure) 4.420: [DefNew: 959K->64K(960K), 0.0007527 secs] 309081K->308336K(524224K), 0.0007819 secs] [Times: user=0.00 sys=0.00, real=0.00 secs] 
4.425: [GC (Allocation Failure) 4.425: [DefNew: 960K->63K(960K), 0.0007977 secs] 309304K->308562K(524224K), 0.0008362 secs] [Times: user=0.00 sys=0.00, real=0.00 secs] 
4.428: [GC (Allocation Failure) 4.428: [DefNew: 959K->63K(960K), 0.0007597 secs] 309530K->308793K(524224K), 0.0007875 secs] [Times: user=0.00 sys=0.00, real=0.00 secs] 
4.430: [GC (Allocation Failure) 4.430: [DefNew: 959K->64K(960K), 0.0006474 secs] 309764K->309046K(524224K), 0.0006734 secs] [Times: user=0.00 sys=0.00, real=0.00 secs] 
4.434: [GC (Allocation Failure) 4.434: [DefNew: 960K->63K(960K), 0.0016111 secs] 310009K->309279K(524224K), 0.0017076 secs] [Times: user=0.00 sys=0.00, real=0.00 secs] 
4.439: [GC (Allocation Failure) 4.439: [DefNew: 959K->64K(960K), 0.0007852 secs] 310242K->309514K(524224K), 0.0008176 secs] [Times: user=0.00 sys=0.00, real=0.00 secs] 
4.442: [GC (Allocation Failure) 4.442: [DefNew: 960K->63K(960K), 0.0007100 secs] 310486K->309741K(524224K), 0.0007374 secs] [Times: user=0.00 sys=0.00, real=0.00 secs] 
4.445: [GC (Allocation Failure) 4.445: [DefNew: 959K->63K(960K), 0.0006344 secs] 310710K->309967K(524224K), 0.0006604 secs] [Times: user=0.00 sys=0.00, real=0.00 secs] 
4.449: [GC (Allocation Failure) 4.449: [DefNew: 959K->64K(960K), 0.0006145 secs] 310936K->310195K(524224K), 0.0006405 secs] [Times: user=0.00 sys=0.00, real=0.00 secs] 
4.451: [GC (Allocation Failure) 4.451: [DefNew: 960K->63K(960K), 0.0006205 secs] 311166K->310420K(524224K), 0.0006470 secs] [Times: user=0.00 sys=0.00, real=0.00 secs] 
4.456: [GC (Allocation Failure) 4.456: [DefNew: 959K->64K(960K), 0.0013097 secs] 311365K->310723K(524224K), 0.0013732 secs] [Times: user=0.00 sys=0.00, real=0.00 secs] 
4.460: [GC (Allocation Failure) 4.460: [DefNew: 960K->63K(960K), 0.0008496 secs] 311690K->310950K(524224K), 0.0008802 secs] [Times: user=0.00 sys=0.00, real=0.00 secs] 
4.464: [GC (Allocation Failure) 4.464: [DefNew: 959K->63K(960K), 0.0006739 secs] 311923K->311177K(524224K), 0.0006998 secs] [Times: user=0.00 sys=0.00, real=0.00 secs] 
4.467: [GC (Allocation Failure) 4.467: [DefNew: 959K->63K(960K), 0.0008227 secs] 312140K->311410K(524224K), 0.0008547 secs] [Times: user=0.00 sys=0.00, real=0.00 secs] 
4.471: [GC (Allocation Failure) 4.471: [DefNew: 959K->63K(960K), 0.0007847 secs] 312372K->311648K(524224K), 0.0008139 secs] [Times: user=0.00 sys=0.00, real=0.00 secs] 
4.475: [GC (Allocation Failure) 4.475: [DefNew: 959K->63K(960K), 0.0007740 secs] 312622K->311872K(524224K), 0.0008204 secs] [Times: user=0.00 sys=0.00, real=0.00 secs] 
4.477: [GC (Allocation Failure) 4.477: [DefNew: 959K->63K(960K), 0.0008570 secs] 312829K->312122K(524224K), 0.0009113 secs] [Times: user=0.00 sys=0.00, real=0.00 secs] 
4.481: [GC (Allocation Failure) 4.481: [DefNew: 959K->63K(960K), 0.0013700 secs] 313060K->312438K(524224K), 0.0014803 secs] [Times: user=0.00 sys=0.00, real=0.00 secs] 
4.486: [GC (Allocation Failure) 4.486: [DefNew: 959K->64K(960K), 0.0009220 secs] 313390K->312686K(524224K), 0.0009642 secs] [Times: user=0.00 sys=0.00, real=0.00 secs] 
4.489: [GC (Allocation Failure) 4.489: [DefNew: 960K->64K(960K), 0.0007643 secs] 313650K->312920K(524224K), 0.0007926 secs] [Times: user=0.00 sys=0.00, real=0.00 secs] 
4.493: [GC (Allocation Failure) 4.493: [DefNew: 960K->64K(960K), 0.0008413 secs] 313878K->313209K(524224K), 0.0008821 secs] [Times: user=0.00 sys=0.00, real=0.00 secs] 
4.496: [GC (Allocation Failure) 4.496: [DefNew: 960K->64K(960K), 0.0008083 secs] 314173K->313447K(524224K), 0.0008608 secs] [Times: user=0.00 sys=0.00, real=0.00 secs] 
4.499: [GC (Allocation Failure) 4.499: [DefNew: 960K->63K(960K), 0.0007207 secs] 314416K->313671K(524224K), 0.0007476 secs] [Times: user=0.00 sys=0.00, real=0.00 secs] 
4.502: [GC (Allocation Failure) 4.502: [DefNew: 959K->64K(960K), 0.0005946 secs] 314644K->313890K(524224K), 0.0006210 secs] [Times: user=0.00 sys=0.00, real=0.00 secs] 
4.506: [GC (Allocation Failure) 4.506: [DefNew: 960K->64K(960K), 0.0008603 secs] 314845K->314157K(524224K), 0.0009113 secs] [Times: user=0.00 sys=0.00, real=0.00 secs] 
4.509: [GC (Allocation Failure) 4.509: [DefNew: 960K->63K(960K), 0.0008390 secs] 315111K->314406K(524224K), 0.0008686 secs] [Times: user=0.00 sys=0.00, real=0.00 secs] 
4.511: [GC (Allocation Failure) 4.511: [DefNew: 959K->64K(960K), 0.0006669 secs] 315380K->314631K(524224K), 0.0006929 secs] [Times: user=0.02 sys=0.00, real=0.00 secs] 
4.516: [GC (Allocation Failure) 4.516: [DefNew: 960K->63K(960K), 0.0006502 secs] 315598K->314859K(524224K), 0.0006771 secs] [Times: user=0.00 sys=0.00, real=0.00 secs] 
4.520: [GC (Allocation Failure) 4.520: [DefNew: 959K->63K(960K), 0.0006748 secs] 315825K->315092K(524224K), 0.0007008 secs] [Times: user=0.00 sys=0.00, real=0.00 secs] 
4.522: [GC (Allocation Failure) 4.522: [DefNew: 959K->64K(960K), 0.0008288 secs] 316058K->315321K(524224K), 0.0008723 secs] [Times: user=0.00 sys=0.00, real=0.00 secs] 
4.526: [GC (Allocation Failure) 4.526: [DefNew: 960K->63K(960K), 0.0010945 secs] 316263K->315637K(524224K), 0.0011446 secs] [Times: user=0.00 sys=0.00, real=0.00 secs] 
4.530: [GC (Allocation Failure) 4.530: [DefNew: 959K->64K(960K), 0.0010458 secs] 316594K->315880K(524224K), 0.0010829 secs] [Times: user=0.00 sys=0.00, real=0.00 secs] 
4.533: [GC (Allocation Failure) 4.533: [DefNew: 960K->63K(960K), 0.0007731 secs] 316848K->316109K(524224K), 0.0008074 secs] [Times: user=0.00 sys=0.00, real=0.00 secs] 
4.537: [GC (Allocation Failure) 4.537: [DefNew: 959K->63K(960K), 0.0007026 secs] 317075K->316343K(524224K), 0.0007318 secs] [Times: user=0.00 sys=0.00, real=0.00 secs] 
4.542: [GC (Allocation Failure) 4.542: [DefNew: 959K->64K(960K), 0.0009210 secs] 317298K->316590K(524224K), 0.0009790 secs] [Times: user=0.01 sys=0.00, real=0.00 secs] 
4.544: [GC (Allocation Failure) 4.544: [DefNew: 960K->63K(960K), 0.0008751 secs] 317557K->316818K(524224K), 0.0009243 secs] [Times: user=0.00 sys=0.00, real=0.00 secs] 
4.548: [GC (Allocation Failure) 4.548: [DefNew: 959K->63K(960K), 0.0012285 secs] 317758K->317116K(524224K), 0.0012837 secs] [Times: user=0.00 sys=0.00, real=0.00 secs] 
4.553: [GC (Allocation Failure) 4.553: [DefNew: 959K->64K(960K), 0.0008496 secs] 318081K->317348K(524224K), 0.0008821 secs] [Times: user=0.00 sys=0.00, real=0.00 secs] 
4.555: [GC (Allocation Failure) 4.555: [DefNew: 960K->64K(960K), 0.0007096 secs] 318318K->317574K(524224K), 0.0007379 secs] [Times: user=0.00 sys=0.00, real=0.00 secs] 
4.559: [GC (Allocation Failure) 4.559: [DefNew: 960K->63K(960K), 0.0007810 secs] 318539K->317809K(524224K), 0.0008107 secs] [Times: user=0.00 sys=0.00, real=0.00 secs] 
4.564: [GC (Allocation Failure) 4.564: [DefNew: 959K->64K(960K), 0.0007981 secs] 318775K->318038K(524224K), 0.0008288 secs] [Times: user=0.00 sys=0.00, real=0.00 secs] 
4.568: [GC (Allocation Failure) 4.568: [DefNew: 960K->63K(960K), 0.0006743 secs] 319009K->318259K(524224K), 0.0007008 secs] [Times: user=0.00 sys=0.00, real=0.00 secs] 
4.571: [GC (Allocation Failure) 4.571: [DefNew: 959K->63K(960K), 0.0010848 secs] 319202K->318619K(524224K), 0.0011362 secs] [Times: user=0.00 sys=0.00, real=0.00 secs] 
4.575: [GC (Allocation Failure) 4.575: [DefNew: 959K->63K(960K), 0.0009521 secs] 319575K->318865K(524224K), 0.0009799 secs] [Times: user=0.00 sys=0.00, real=0.00 secs] 
4.579: [GC (Allocation Failure) 4.579: [DefNew: 959K->63K(960K), 0.0007685 secs] 319835K->319089K(524224K), 0.0007949 secs] [Times: user=0.00 sys=0.00, real=0.00 secs] 
4.582: [GC (Allocation Failure) 4.582: [DefNew: 959K->63K(960K), 0.0007430 secs] 320053K->319320K(524224K), 0.0007726 secs] [Times: user=0.00 sys=0.00, real=0.00 secs] 
4.586: [GC (Allocation Failure) 4.586: [DefNew: 959K->63K(960K), 0.0058379 secs] 320253K->320023K(524224K), 0.0059845 secs] [Times: user=0.02 sys=0.00, real=0.01 secs] 
4.595: [GC (Allocation Failure) 4.595: [DefNew: 959K->63K(960K), 0.0082987 secs] 320940K->320825K(524224K), 0.0084466 secs] [Times: user=0.00 sys=0.00, real=0.01 secs] 
4.606: [GC (Allocation Failure) 4.606: [DefNew: 959K->63K(960K), 0.0015026 secs] 321782K->321070K(524224K), 0.0015439 secs] [Times: user=0.00 sys=0.00, real=0.00 secs] 
4.610: [GC (Allocation Failure) 4.610: [DefNew: 959K->63K(960K), 0.0007740 secs] 322037K->321299K(524224K), 0.0008023 secs] [Times: user=0.00 sys=0.00, real=0.00 secs] 
4.614: [GC (Allocation Failure) 4.614: [DefNew: 959K->64K(960K), 0.0012939 secs] 322266K->321529K(524224K), 0.0013598 secs] [Times: user=0.00 sys=0.00, real=0.00 secs] 
4.617: [GC (Allocation Failure) 4.617: [DefNew: 960K->63K(960K), 0.0007536 secs] 322493K->321762K(524224K), 0.0007828 secs] [Times: user=0.00 sys=0.00, real=0.00 secs] 
4.622: [GC (Allocation Failure) 4.622: [DefNew: 959K->64K(960K), 0.0007699 secs] 322729K->321996K(524224K), 0.0007977 secs] [Times: user=0.00 sys=0.00, real=0.00 secs] 
4.626: [GC (Allocation Failure) 4.626: [DefNew: 960K->63K(960K), 0.0008134 secs] 322957K->322244K(524224K), 0.0008468 secs] [Times: user=0.00 sys=0.00, real=0.00 secs] 
4.629: [GC (Allocation Failure) 4.629: [DefNew: 959K->63K(960K), 0.0007870 secs] 323213K->322473K(524224K), 0.0008162 secs] [Times: user=0.00 sys=0.00, real=0.00 secs] 
4.633: [GC (Allocation Failure) 4.633: [DefNew: 959K->63K(960K), 0.0006966 secs] 323443K->322704K(524224K), 0.0007388 secs] [Times: user=0.00 sys=0.00, real=0.00 secs] 
4.637: [GC (Allocation Failure) 4.637: [DefNew: 959K->64K(960K), 0.0009331 secs] 323665K->322948K(524224K), 0.0009795 secs] [Times: user=0.00 sys=0.00, real=0.00 secs] 
4.640: [GC (Allocation Failure) 4.640: [DefNew: 960K->64K(960K), 0.0009387 secs] 323902K->323198K(524224K), 0.0015263 secs] [Times: user=0.00 sys=0.00, real=0.00 secs] 
4.645: [GC (Allocation Failure) 4.645: [DefNew: 960K->64K(960K), 0.0008227 secs] 324162K->323428K(524224K), 0.0008561 secs] [Times: user=0.00 sys=0.00, real=0.00 secs] 
4.648: [GC (Allocation Failure) 4.649: [DefNew: 960K->64K(960K), 0.0007411 secs] 324396K->323658K(524224K), 0.0007699 secs] [Times: user=0.00 sys=0.00, real=0.00 secs] 
4.654: [GC (Allocation Failure) 4.654: [DefNew: 960K->64K(960K), 0.0008728 secs] 324626K->323882K(524224K), 0.0009183 secs] [Times: user=0.00 sys=0.00, real=0.00 secs] 
4.656: [GC (Allocation Failure) 4.656: [DefNew: 960K->63K(960K), 0.0007021 secs] 324855K->324109K(524224K), 0.0007295 secs] [Times: user=0.00 sys=0.00, real=0.00 secs] 
4.660: [GC (Allocation Failure) 4.660: [DefNew: 959K->63K(960K), 0.0008320 secs] 325067K->324359K(524224K), 0.0008793 secs] [Times: user=0.00 sys=0.00, real=0.00 secs] 
4.664: [GC (Allocation Failure) 4.664: [DefNew: 959K->63K(960K), 0.0008088 secs] 325324K->324590K(524224K), 0.0008362 secs] [Times: user=0.00 sys=0.00, real=0.00 secs] 
4.666: [GC (Allocation Failure) 4.666: [DefNew: 959K->63K(960K), 0.0006242 secs] 325562K->324813K(524224K), 0.0006502 secs] [Times: user=0.00 sys=0.00, real=0.00 secs] 
4.670: [GC (Allocation Failure) 4.670: [DefNew: 959K->63K(960K), 0.0006919 secs] 325781K->325040K(524224K), 0.0007198 secs] [Times: user=0.00 sys=0.00, real=0.00 secs] 
4.674: [GC (Allocation Failure) 4.674: [DefNew: 959K->63K(960K), 0.0006780 secs] 326008K->325269K(524224K), 0.0007063 secs] [Times: user=0.00 sys=0.00, real=0.00 secs] 
4.676: [GC (Allocation Failure) 4.676: [DefNew: 959K->63K(960K), 0.0007383 secs] 326238K->325496K(524224K), 0.0007680 secs] [Times: user=0.00 sys=0.00, real=0.00 secs] 
4.680: [GC (Allocation Failure) 4.680: [DefNew: 959K->63K(960K), 0.0009159 secs] 326447K->325751K(524224K), 0.0009549 secs] [Times: user=0.00 sys=0.00, real=0.00 secs] 
4.684: [GC (Allocation Failure) 4.684: [DefNew: 959K->64K(960K), 0.0012582 secs] 326686K->326184K(524224K), 0.0013027 secs] [Times: user=0.00 sys=0.00, real=0.00 secs] 
4.687: [GC (Allocation Failure) 4.687: [DefNew: 960K->64K(960K), 0.0009772 secs] 327152K->326414K(524224K), 0.0010041 secs] [Times: user=0.00 sys=0.00, real=0.00 secs] 
4.691: [GC (Allocation Failure) 4.691: [DefNew: 960K->64K(960K), 0.0007708 secs] 327379K->326644K(524224K), 0.0008042 secs] [Times: user=0.00 sys=0.00, real=0.00 secs] 
4.695: [GC (Allocation Failure) 4.695: [DefNew: 960K->64K(960K), 0.0007457 secs] 327612K->326914K(524224K), 0.0007759 secs] [Times: user=0.00 sys=0.00, real=0.00 secs] 
4.699: [GC (Allocation Failure) 4.699: [DefNew: 960K->63K(960K), 0.0009020 secs] 327873K->327159K(524224K), 0.0009410 secs] [Times: user=0.00 sys=0.00, real=0.00 secs] 
4.702: [GC (Allocation Failure) 4.702: [DefNew: 959K->63K(960K), 0.0007161 secs] 328131K->327379K(524224K), 0.0007434 secs] [Times: user=0.00 sys=0.00, real=0.00 secs] 
4.706: [GC (Allocation Failure) 4.706: [DefNew: 959K->63K(960K), 0.0010504 secs] 328323K->327672K(524224K), 0.0011028 secs] [Times: user=0.00 sys=0.00, real=0.00 secs] 
4.710: [GC (Allocation Failure) 4.710: [DefNew: 959K->64K(960K), 0.0008858 secs] 328637K->327942K(524224K), 0.0009159 secs] [Times: user=0.00 sys=0.00, real=0.00 secs] 
4.713: [GC (Allocation Failure) 4.713: [DefNew: 960K->63K(960K), 0.0007485 secs] 328913K->328170K(524224K), 0.0007759 secs] [Times: user=0.00 sys=0.00, real=0.00 secs] 
4.716: [GC (Allocation Failure) 4.716: [DefNew: 959K->64K(960K), 0.0007583 secs] 329141K->328401K(524224K), 0.0008056 secs] [Times: user=0.00 sys=0.00, real=0.00 secs] 
4.720: [GC (Allocation Failure) 4.720: [DefNew: 960K->64K(960K), 0.0007003 secs] 329368K->328631K(524224K), 0.0007397 secs] [Times: user=0.00 sys=0.00, real=0.00 secs] 
4.722: [GC (Allocation Failure) 4.722: [DefNew: 960K->63K(960K), 0.0006298 secs] 329602K->328856K(524224K), 0.0006558 secs] [Times: user=0.00 sys=0.00, real=0.00 secs] 
4.726: [GC (Allocation Failure) 4.726: [DefNew: 959K->63K(960K), 0.0011432 secs] 329806K->329128K(524224K), 0.0011988 secs] [Times: user=0.00 sys=0.00, real=0.00 secs] 
4.730: [GC (Allocation Failure) 4.730: [DefNew: 959K->64K(960K), 0.0008422 secs] 330093K->329359K(524224K), 0.0008705 secs] [Times: user=0.01 sys=0.00, real=0.00 secs] 
4.733: [GC (Allocation Failure) 4.733: [DefNew: 960K->63K(960K), 0.0006868 secs] 330327K->329592K(524224K), 0.0007137 secs] [Times: user=0.00 sys=0.00, real=0.00 secs] 
4.737: [GC (Allocation Failure) 4.737: [DefNew: 959K->63K(960K), 0.0006460 secs] 330563K->329811K(524224K), 0.0006734 secs] [Times: user=0.00 sys=0.00, real=0.00 secs] 
4.740: [GC (Allocation Failure) 4.741: [DefNew: 959K->64K(960K), 0.0052907 secs] 330754K->330454K(524224K), 0.0054567 secs] [Times: user=0.02 sys=0.00, real=0.01 secs] 
4.748: [GC (Allocation Failure) 4.748: [DefNew: 960K->64K(960K), 0.0080668 secs] 331383K->331213K(524224K), 0.0082059 secs] [Times: user=0.00 sys=0.00, real=0.01 secs] 
4.760: [GC (Allocation Failure) 4.760: [DefNew: 960K->63K(960K), 0.0019900 secs] 332151K->331817K(524224K), 0.0020295 secs] [Times: user=0.02 sys=0.00, real=0.00 secs] 
4.766: [GC (Allocation Failure) 4.766: [DefNew: 959K->63K(960K), 0.0011988 secs] 332783K->332069K(524224K), 0.0012267 secs] [Times: user=0.00 sys=0.00, real=0.00 secs] 
4.769: [GC (Allocation Failure) 4.769: [DefNew: 959K->63K(960K), 0.0010416 secs] 333034K->332301K(524224K), 0.0011372 secs] [Times: user=0.00 sys=0.00, real=0.00 secs] 
4.774: [GC (Allocation Failure) 4.774: [DefNew: 959K->63K(960K), 0.0009368 secs] 333261K->332549K(524224K), 0.0009790 secs] [Times: user=0.00 sys=0.00, real=0.00 secs] 
4.778: [GC (Allocation Failure) 4.778: [DefNew: 959K->64K(960K), 0.0007935 secs] 333518K->332782K(524224K), 0.0008209 secs] [Times: user=0.00 sys=0.00, real=0.00 secs] 
4.780: [GC (Allocation Failure) 4.780: [DefNew: 960K->64K(960K), 0.0006766 secs] 333753K->333006K(524224K), 0.0007021 secs] [Times: user=0.00 sys=0.00, real=0.00 secs] 
4.784: [GC (Allocation Failure) 4.784: [DefNew: 960K->63K(960K), 0.0006952 secs] 333975K->333232K(524224K), 0.0007216 secs] [Times: user=0.00 sys=0.00, real=0.00 secs] 
4.789: [GC (Allocation Failure) 4.789: [DefNew: 959K->63K(960K), 0.0007086 secs] 334202K->333458K(524224K), 0.0007355 secs] [Times: user=0.00 sys=0.00, real=0.00 secs] 
4.794: [GC (Allocation Failure) 4.794: [DefNew: 959K->63K(960K), 0.0013435 secs] 334428K->333684K(524224K), 0.0014089 secs] [Times: user=0.00 sys=0.00, real=0.00 secs] 
4.797: [GC (Allocation Failure) 4.797: [DefNew: 959K->64K(960K), 0.0007763 secs] 334644K->333928K(524224K), 0.0008083 secs] [Times: user=0.00 sys=0.00, real=0.00 secs] 
4.801: [GC (Allocation Failure) 4.801: [DefNew: 960K->63K(960K), 0.0007230 secs] 334897K->334155K(524224K), 0.0007504 secs] [Times: user=0.00 sys=0.00, real=0.00 secs] 
4.804: [GC (Allocation Failure) 4.804: [DefNew: 959K->63K(960K), 0.0006256 secs] 335127K->334377K(524224K), 0.0006521 secs] [Times: user=0.00 sys=0.00, real=0.00 secs] 
4.806: [GC (Allocation Failure) 4.806: [DefNew: 959K->63K(960K), 0.0006400 secs] 335346K->334601K(524224K), 0.0006669 secs] [Times: user=0.00 sys=0.00, real=0.00 secs] 
4.810: [GC (Allocation Failure) 4.810: [DefNew: 959K->63K(960K), 0.0006859 secs] 335569K->334827K(524224K), 0.0007133 secs] [Times: user=0.00 sys=0.00, real=0.00 secs] 
4.815: [GC (Allocation Failure) 4.815: [DefNew: 959K->63K(960K), 0.0008232 secs] 335793K->335062K(524224K), 0.0008677 secs] [Times: user=0.00 sys=0.00, real=0.00 secs] 
4.820: [GC (Allocation Failure) 4.820: [DefNew: 959K->63K(960K), 0.0008144 secs] 336020K->335323K(524224K), 0.0008533 secs] [Times: user=0.00 sys=0.00, real=0.00 secs] 
4.822: [GC (Allocation Failure) 4.822: [DefNew: 959K->63K(960K), 0.0007314 secs] 336289K->335554K(524224K), 0.0007573 secs] [Times: user=0.00 sys=0.00, real=0.00 secs] 
4.826: [GC (Allocation Failure) 4.826: [DefNew: 959K->64K(960K), 0.0007221 secs] 336518K->335792K(524224K), 0.0007494 secs] [Times: user=0.00 sys=0.00, real=0.00 secs] 
4.831: [GC (Allocation Failure) 4.831: [DefNew: 960K->64K(960K), 0.0007235 secs] 336762K->336018K(524224K), 0.0007499 secs] [Times: user=0.00 sys=0.00, real=0.00 secs] 
4.833: [GC (Allocation Failure) 4.833: [DefNew: 960K->63K(960K), 0.0006766 secs] 336984K->336258K(524224K), 0.0007040 secs] [Times: user=0.00 sys=0.00, real=0.00 secs] 
4.836: [GC (Allocation Failure) 4.836: [DefNew: 959K->63K(960K), 0.0009503 secs] 337214K->336525K(524224K), 0.0009980 secs] [Times: user=0.00 sys=0.00, real=0.00 secs] 
4.840: [GC (Allocation Failure) 4.840: [DefNew: 959K->63K(960K), 0.0013282 secs] 337459K->336974K(524224K), 0.0013751 secs] [Times: user=0.00 sys=0.00, real=0.00 secs] 
4.843: [GC (Allocation Failure) 4.843: [DefNew: 959K->64K(960K), 0.0010078 secs] 337940K->337218K(524224K), 0.0010347 secs] [Times: user=0.00 sys=0.00, real=0.00 secs] 
4.846: [GC (Allocation Failure) 4.846: [DefNew: 960K->63K(960K), 0.0008501 secs] 338186K->337449K(524224K), 0.0008969 secs] [Times: user=0.00 sys=0.00, real=0.00 secs] 
4.850: [GC (Allocation Failure) 4.850: [DefNew: 959K->64K(960K), 0.0006924 secs] 338418K->337679K(524224K), 0.0007179 secs] [Times: user=0.00 sys=0.00, real=0.00 secs] 
4.852: [GC (Allocation Failure) 4.852: [DefNew: 960K->63K(960K), 0.0006363 secs] 338646K->337904K(524224K), 0.0006613 secs] [Times: user=0.00 sys=0.00, real=0.00 secs] 
4.856: [GC (Allocation Failure) 4.856: [DefNew: 959K->64K(960K), 0.0006252 secs] 338875K->338129K(524224K), 0.0006502 secs] [Times: user=0.00 sys=0.00, real=0.00 secs] 
4.861: [GC (Allocation Failure) 4.861: [DefNew: 960K->63K(960K), 0.0009874 secs] 339087K->338393K(524224K), 0.0010337 secs] [Times: user=0.00 sys=0.00, real=0.00 secs] 
4.864: [GC (Allocation Failure) 4.864: [DefNew: 959K->64K(960K), 0.0008315 secs] 339355K->338632K(524224K), 0.0008612 secs] [Times: user=0.00 sys=0.00, real=0.00 secs] 
4.868: [GC (Allocation Failure) 4.868: [DefNew: 960K->63K(960K), 0.0007309 secs] 339600K->338897K(524224K), 0.0007573 secs] [Times: user=0.00 sys=0.00, real=0.00 secs] 
4.872: [GC (Allocation Failure) 4.872: [DefNew: 959K->63K(960K), 0.0008737 secs] 339863K->339130K(524224K), 0.0009206 secs] [Times: user=0.00 sys=0.00, real=0.00 secs] 
4.875: [GC (Allocation Failure) 4.875: [DefNew: 959K->64K(960K), 0.0007731 secs] 340097K->339368K(524224K), 0.0008130 secs] [Times: user=0.00 sys=0.00, real=0.00 secs] 
4.878: [GC (Allocation Failure) 4.878: [DefNew: 960K->63K(960K), 0.0007212 secs] 340340K->339594K(524224K), 0.0007471 secs] [Times: user=0.00 sys=0.00, real=0.00 secs] 
4.881: [GC (Allocation Failure) 4.881: [DefNew: 959K->63K(960K), 0.0006284 secs] 340563K->339820K(524224K), 0.0006572 secs] [Times: user=0.00 sys=0.00, real=0.00 secs] 
4.885: [GC (Allocation Failure) 4.885: [DefNew: 959K->63K(960K), 0.0009266 secs] 340785K->340053K(524224K), 0.0009748 secs] [Times: user=0.00 sys=0.00, real=0.00 secs] 
4.887: [GC (Allocation Failure) 4.887: [DefNew: 959K->63K(960K), 0.0008844 secs] 341015K->340294K(524224K), 0.0009345 secs] [Times: user=0.00 sys=0.00, real=0.00 secs] 
4.892: [GC (Allocation Failure) 4.892: [DefNew: 959K->63K(960K), 0.0008631 secs] 341261K->340521K(524224K), 0.0009094 secs] [Times: user=0.00 sys=0.00, real=0.00 secs] 
4.897: [GC (Allocation Failure) 4.897: [DefNew: 959K->63K(960K), 0.0008584 secs] 341486K->340752K(524224K), 0.0009043 secs] [Times: user=0.00 sys=0.00, real=0.00 secs] 
4.899: [GC (Allocation Failure) 4.899: [DefNew: 959K->64K(960K), 0.0008774 secs] 341718K->340982K(524224K), 0.0009285 secs] [Times: user=0.00 sys=0.00, real=0.00 secs] 
4.902: [GC (Allocation Failure) 4.902: [DefNew: 960K->64K(960K), 0.0008519 secs] 341944K->341218K(524224K), 0.0009002 secs] [Times: user=0.02 sys=0.00, real=0.00 secs] 
4.907: [GC (Allocation Failure) 4.907: [DefNew: 960K->63K(960K), 0.0011330 secs] 342171K->341494K(524224K), 0.0012211 secs] [Times: user=0.00 sys=0.00, real=0.00 secs] 
4.911: [GC (Allocation Failure) 4.911: [DefNew: 959K->63K(960K), 0.0007972 secs] 342462K->341720K(524224K), 0.0008250 secs] [Times: user=0.00 sys=0.00, real=0.00 secs] 
4.914: [GC (Allocation Failure) 4.915: [DefNew: 959K->63K(960K), 0.0008380 secs] 342686K->341946K(524224K), 0.0008816 secs] [Times: user=0.00 sys=0.00, real=0.00 secs] 
4.918: [GC (Allocation Failure) 4.918: [DefNew: 959K->63K(960K), 0.0008153 secs] 342911K->342183K(524224K), 0.0008608 secs] [Times: user=0.02 sys=0.00, real=0.00 secs] 
4.922: [GC (Allocation Failure) 4.922: [DefNew: 959K->63K(960K), 0.0008260 secs] 343151K->342413K(524224K), 0.0008765 secs] [Times: user=0.00 sys=0.00, real=0.00 secs] 
4.924: [GC (Allocation Failure) 4.924: [DefNew: 959K->63K(960K), 0.0009767 secs] 343379K->342637K(524224K), 0.0010291 secs] [Times: user=0.00 sys=0.00, real=0.00 secs] 
4.928: [GC (Allocation Failure) 4.928: [DefNew: 959K->63K(960K), 0.0011423 secs] 343567K->343019K(524224K), 0.0011863 secs] [Times: user=0.00 sys=0.00, real=0.00 secs] 
4.933: [GC (Allocation Failure) 4.933: [DefNew: 959K->63K(960K), 0.0009312 secs] 343981K->343253K(524224K), 0.0009605 secs] [Times: user=0.00 sys=0.00, real=0.00 secs] 
4.936: [GC (Allocation Failure) 4.936: [DefNew: 959K->63K(960K), 0.0007889 secs] 344215K->343522K(524224K), 0.0008158 secs] [Times: user=0.00 sys=0.00, real=0.00 secs] 
4.941: [GC (Allocation Failure) 4.941: [DefNew: 959K->63K(960K), 0.0007481 secs] 344493K->343747K(524224K), 0.0007740 secs] [Times: user=0.00 sys=0.00, real=0.00 secs] 
4.946: [GC (Allocation Failure) 4.946: [DefNew: 959K->64K(960K), 0.0006757 secs] 344717K->343970K(524224K), 0.0007012 secs] [Times: user=0.00 sys=0.00, real=0.00 secs] 
4.949: [GC (Allocation Failure) 4.949: [DefNew: 960K->63K(960K), 0.0007216 secs] 344939K->344194K(524224K), 0.0007499 secs] [Times: user=0.02 sys=0.00, real=0.00 secs] 
4.952: [GC (Allocation Failure) 4.952: [DefNew: 959K->63K(960K), 0.0008835 secs] 345149K->344447K(524224K), 0.0009294 secs] [Times: user=0.00 sys=0.00, real=0.00 secs] 
4.957: [GC (Allocation Failure) 4.957: [DefNew: 959K->63K(960K), 0.0008371 secs] 345411K->344681K(524224K), 0.0008668 secs] [Times: user=0.00 sys=0.00, real=0.00 secs] 
4.961: [GC (Allocation Failure) 4.961: [DefNew: 959K->64K(960K), 0.0007119 secs] 345650K->344906K(524224K), 0.0007388 secs] [Times: user=0.00 sys=0.00, real=0.00 secs] 
4.964: [GC (Allocation Failure) 4.964: [DefNew: 960K->63K(960K), 0.0008213 secs] 345871K->345135K(524224K), 0.0008682 secs] [Times: user=0.00 sys=0.00, real=0.00 secs] 
4.967: [GC (Allocation Failure) 4.967: [DefNew: 959K->64K(960K), 0.0009540 secs] 346093K->345386K(524224K), 0.0010008 secs] [Times: user=0.00 sys=0.00, real=0.00 secs] 
4.972: [GC (Allocation Failure) 4.972: [DefNew: 960K->63K(960K), 0.0009340 secs] 346349K->345623K(524224K), 0.0009860 secs] [Times: user=0.00 sys=0.00, real=0.00 secs] 
4.975: [GC (Allocation Failure) 4.975: [DefNew: 959K->64K(960K), 0.0008793 secs] 346578K->345870K(524224K), 0.0009099 secs] [Times: user=0.00 sys=0.00, real=0.00 secs] 
4.980: [GC (Allocation Failure) 4.980: [DefNew: 960K->64K(960K), 0.0008844 secs] 346832K->346104K(524224K), 0.0009322 secs] [Times: user=0.00 sys=0.00, real=0.00 secs] 
4.983: [GC (Allocation Failure) 4.983: [DefNew: 960K->63K(960K), 0.0008121 secs] 347059K->346352K(524224K), 0.0008529 secs] [Times: user=0.00 sys=0.00, real=0.00 secs] 
4.985: [GC (Allocation Failure) 4.985: [DefNew: 959K->64K(960K), 0.0007249 secs] 347320K->346581K(524224K), 0.0007508 secs] [Times: user=0.00 sys=0.00, real=0.00 secs] 
4.989: [GC (Allocation Failure) 4.989: [DefNew: 960K->63K(960K), 0.0008436 secs] 347546K->346812K(524224K), 0.0008867 secs] [Times: user=0.00 sys=0.00, real=0.00 secs] 
4.993: [GC (Allocation Failure) 4.993: [DefNew: 959K->63K(960K), 0.0008083 secs] 347780K->347055K(524224K), 0.0008362 secs] [Times: user=0.00 sys=0.00, real=0.00 secs] 
4.997: [GC (Allocation Failure) 4.997: [DefNew: 959K->63K(960K), 0.0019655 secs] 348002K->347491K(524224K), 0.0020346 secs] [Times: user=0.00 sys=0.00, real=0.00 secs] 
5.001: [GC (Allocation Failure) 5.001: [DefNew: 959K->63K(960K), 0.0010054 secs] 348462K->347715K(524224K), 0.0010342 secs] [Times: user=0.00 sys=0.00, real=0.00 secs] 
5.005: [GC (Allocation Failure) 5.006: [DefNew: 959K->63K(960K), 0.0008320 secs] 348678K->347953K(524224K), 0.0008784 secs] [Times: user=0.00 sys=0.00, real=0.00 secs] 
5.009: [GC (Allocation Failure) 5.009: [DefNew: 959K->64K(960K), 0.0008506 secs] 348921K->348183K(524224K), 0.0008983 secs] [Times: user=0.00 sys=0.00, real=0.00 secs] 
5.011: [GC (Allocation Failure) 5.011: [DefNew: 960K->63K(960K), 0.0008181 secs] 349150K->348415K(524224K), 0.0008640 secs] [Times: user=0.01 sys=0.00, real=0.00 secs] 
5.015: [GC (Allocation Failure) 5.015: [DefNew: 959K->63K(960K), 0.0011019 secs] 349362K->348743K(524224K), 0.0011710 secs] [Times: user=0.00 sys=0.00, real=0.00 secs] 
5.019: [GC (Allocation Failure) 5.019: [DefNew: 959K->63K(960K), 0.0033164 secs] 349707K->348999K(524224K), 0.0034305 secs] [Times: user=0.00 sys=0.00, real=0.00 secs] 
5.026: [GC (Allocation Failure) 5.026: [DefNew: 959K->63K(960K), 0.0058815 secs] 349928K->349762K(524224K), 0.0060030 secs] [Times: user=0.02 sys=0.00, real=0.01 secs] 
5.036: [GC (Allocation Failure) 5.036: [DefNew: 959K->63K(960K), 0.0087017 secs] 350682K->350546K(524224K), 0.0088603 secs] [Times: user=0.00 sys=0.01, real=0.01 secs] 
5.047: [GC (Allocation Failure) 5.047: [DefNew: 959K->63K(960K), 0.0077635 secs] 351473K->351313K(524224K), 0.0078729 secs] [Times: user=0.00 sys=0.00, real=0.01 secs] 
5.058: [GC (Allocation Failure) 5.058: [DefNew: 959K->63K(960K), 0.0044948 secs] 352228K->351869K(524224K), 0.0046122 secs] [Times: user=0.01 sys=0.00, real=0.00 secs] 
5.064: [GC (Allocation Failure) 5.065: [DefNew: 959K->63K(960K), 0.0015513 secs] 352767K->352278K(524224K), 0.0016032 secs] [Times: user=0.00 sys=0.00, real=0.00 secs] 
5.070: [GC (Allocation Failure) 5.070: [DefNew: 959K->63K(960K), 0.0009591 secs] 353232K->352494K(524224K), 0.0009864 secs] [Times: user=0.00 sys=0.00, real=0.00 secs] 
5.074: [GC (Allocation Failure) 5.074: [DefNew: 959K->64K(960K), 0.0008519 secs] 353449K->352716K(524224K), 0.0008997 secs] [Times: user=0.00 sys=0.00, real=0.00 secs] 
5.078: [GC (Allocation Failure) 5.078: [DefNew: 960K->63K(960K), 0.0008533 secs] 353682K->352951K(524224K), 0.0008937 secs] [Times: user=0.00 sys=0.00, real=0.00 secs] 
5.081: [GC (Allocation Failure) 5.081: [DefNew: 959K->63K(960K), 0.0007077 secs] 353916K->353182K(524224K), 0.0007355 secs] [Times: user=0.00 sys=0.00, real=0.00 secs] 
5.085: [GC (Allocation Failure) 5.085: [DefNew: 959K->64K(960K), 0.0009210 secs] 354127K->353452K(524224K), 0.0009637 secs] [Times: user=0.00 sys=0.00, real=0.00 secs] 
5.089: [GC (Allocation Failure) 5.090: [DefNew: 960K->63K(960K), 0.0008895 secs] 354421K->353680K(524224K), 0.0009331 secs] [Times: user=0.02 sys=0.00, real=0.00 secs] 
5.093: [GC (Allocation Failure) 5.093: [DefNew: 959K->64K(960K), 0.0008325 secs] 354649K->353915K(524224K), 0.0008793 secs] [Times: user=0.00 sys=0.00, real=0.00 secs] 
5.096: [GC (Allocation Failure) 5.096: [DefNew: 960K->63K(960K), 0.0009155 secs] 354872K->354164K(524224K), 0.0009609 secs] [Times: user=0.00 sys=0.00, real=0.00 secs] 
5.100: [GC (Allocation Failure) 5.100: [DefNew: 959K->64K(960K), 0.0007592 secs] 355131K->354390K(524224K), 0.0007856 secs] [Times: user=0.00 sys=0.00, real=0.00 secs] 
5.103: [GC (Allocation Failure) 5.103: [DefNew: 960K->63K(960K), 0.0006720 secs] 355361K->354611K(524224K), 0.0006975 secs] [Times: user=0.00 sys=0.00, real=0.00 secs] 
5.108: [GC (Allocation Failure) 5.108: [DefNew: 959K->63K(960K), 0.0013018 secs] 355570K->354994K(524224K), 0.0013918 secs] [Times: user=0.00 sys=0.00, real=0.00 secs] 
5.112: [GC (Allocation Failure) 5.112: [DefNew: 959K->64K(960K), 0.0009549 secs] 355953K->355236K(524224K), 0.0009823 secs] [Times: user=0.00 sys=0.00, real=0.00 secs] 
5.114: [GC (Allocation Failure) 5.114: [DefNew: 960K->63K(960K), 0.0007021 secs] 356204K->355465K(524224K), 0.0007277 secs] [Times: user=0.00 sys=0.00, real=0.00 secs] 
5.117: [GC (Allocation Failure) 5.117: [DefNew: 959K->63K(960K), 0.0006303 secs] 356433K->355694K(524224K), 0.0006562 secs] [Times: user=0.00 sys=0.00, real=0.00 secs] 
5.121: [GC (Allocation Failure) 5.121: [DefNew: 959K->63K(960K), 0.0006358 secs] 356663K->355920K(524224K), 0.0006609 secs] [Times: user=0.00 sys=0.00, real=0.00 secs] 
5.126: [GC (Allocation Failure) 5.126: [DefNew: 959K->63K(960K), 0.0012002 secs] 356886K->356152K(524224K), 0.0012744 secs] [Times: user=0.00 sys=0.00, real=0.00 secs] 
5.129: [GC (Allocation Failure) 5.129: [DefNew: 959K->63K(960K), 0.0007740 secs] 357117K->356386K(524224K), 0.0008032 secs] [Times: user=0.00 sys=0.00, real=0.00 secs] 
5.134: [GC (Allocation Failure) 5.134: [DefNew: 959K->64K(960K), 0.0008765 secs] 357352K->356618K(524224K), 0.0009238 secs] [Times: user=0.00 sys=0.00, real=0.00 secs] 
5.138: [GC (Allocation Failure) 5.138: [DefNew: 960K->63K(960K), 0.0008909 secs] 357585K->356849K(524224K), 0.0009391 secs] [Times: user=0.00 sys=0.00, real=0.00 secs] 
5.141: [GC (Allocation Failure) 5.141: [DefNew: 959K->63K(960K), 0.0007866 secs] 357814K->357082K(524224K), 0.0008139 secs] [Times: user=0.00 sys=0.00, real=0.00 secs] 
5.145: [GC (Allocation Failure) 5.145: [DefNew: 959K->63K(960K), 0.0007221 secs] 358045K->357317K(524224K), 0.0007481 secs] [Times: user=0.00 sys=0.00, real=0.00 secs] 
5.149: [GC (Allocation Failure) 5.149: [DefNew: 959K->64K(960K), 0.0011126 secs] 358276K->357613K(524224K), 0.0011724 secs] [Times: user=0.00 sys=0.00, real=0.00 secs] 
5.152: [GC (Allocation Failure) 5.152: [DefNew: 960K->63K(960K), 0.0009173 secs] 358579K->357856K(524224K), 0.0009466 secs] [Times: user=0.02 sys=0.00, real=0.00 secs] 
5.157: [GC (Allocation Failure) 5.157: [DefNew: 959K->64K(960K), 0.0008645 secs] 358799K->358122K(524224K), 0.0008941 secs] [Times: user=0.00 sys=0.00, real=0.00 secs] 
5.162: [GC (Allocation Failure) 5.162: [DefNew: 960K->63K(960K), 0.0008019 secs] 359086K->358357K(524224K), 0.0008292 secs] [Times: user=0.00 sys=0.00, real=0.00 secs] 
5.164: [GC (Allocation Failure) 5.164: [DefNew: 959K->63K(960K), 0.0006595 secs] 359327K->358579K(524224K), 0.0006859 secs] [Times: user=0.00 sys=0.00, real=0.00 secs] 
5.168: [GC (Allocation Failure) 5.168: [DefNew: 959K->63K(960K), 0.0008348 secs] 359544K->358811K(524224K), 0.0008826 secs] [Times: user=0.00 sys=0.00, real=0.00 secs] 
5.172: [GC (Allocation Failure) 5.172: [DefNew: 959K->64K(960K), 0.0015258 secs] 359740K->359114K(524224K), 0.0016167 secs] [Times: user=0.00 sys=0.00, real=0.00 secs] 
5.176: [GC (Allocation Failure) 5.176: [DefNew: 960K->64K(960K), 0.0009401 secs] 360070K->359369K(524224K), 0.0009762 secs] [Times: user=0.00 sys=0.00, real=0.00 secs] 
5.180: [GC (Allocation Failure) 5.180: [DefNew: 960K->63K(960K), 0.0007963 secs] 360336K->359603K(524224K), 0.0008241 secs] [Times: user=0.00 sys=0.00, real=0.00 secs] 
5.184: [GC (Allocation Failure) 5.184: [DefNew: 959K->63K(960K), 0.0007277 secs] 360567K->359835K(524224K), 0.0007546 secs] [Times: user=0.00 sys=0.00, real=0.00 secs] 
5.189: [GC (Allocation Failure) 5.189: [DefNew: 959K->64K(960K), 0.0007963 secs] 360795K->360077K(524224K), 0.0008348 secs] [Times: user=0.00 sys=0.00, real=0.00 secs] 
5.192: [GC (Allocation Failure) 5.192: [DefNew: 960K->64K(960K), 0.0007814 secs] 361041K->360345K(524224K), 0.0008093 secs] [Times: user=0.00 sys=0.00, real=0.00 secs] 
5.196: [GC (Allocation Failure) 5.196: [DefNew: 960K->63K(960K), 0.0009401 secs] 361292K->360631K(524224K), 0.0009846 secs] [Times: user=0.00 sys=0.00, real=0.00 secs] 
5.200: [GC (Allocation Failure) 5.200: [DefNew: 959K->63K(960K), 0.0008533 secs] 361595K->360868K(524224K), 0.0008983 secs] [Times: user=0.00 sys=0.00, real=0.00 secs] 
5.203: [GC (Allocation Failure) 5.203: [DefNew: 959K->63K(960K), 0.0007170 secs] 361837K->361091K(524224K), 0.0007457 secs] [Times: user=0.00 sys=0.00, real=0.00 secs] 
5.207: [GC (Allocation Failure) 5.207: [DefNew: 959K->63K(960K), 0.0008241 secs] 362056K->361374K(524224K), 0.0008543 secs] [Times: user=0.00 sys=0.00, real=0.00 secs] 
5.211: [GC (Allocation Failure) 5.211: [DefNew: 959K->63K(960K), 0.0008872 secs] 362337K->361613K(524224K), 0.0009359 secs] [Times: user=0.00 sys=0.00, real=0.00 secs] 
5.213: [GC (Allocation Failure) 5.213: [DefNew: 959K->64K(960K), 0.0007958 secs] 362579K->361847K(524224K), 0.0008227 secs] [Times: user=0.00 sys=0.00, real=0.00 secs] 
5.218: [GC (Allocation Failure) 5.218: [DefNew: 960K->64K(960K), 0.0010592 secs] 362784K->362190K(524224K), 0.0011042 secs] [Times: user=0.00 sys=0.00, real=0.00 secs] 
5.222: [GC (Allocation Failure) 5.222: [DefNew: 960K->63K(960K), 0.0008371 secs] 363155K->362419K(524224K), 0.0008654 secs] [Times: user=0.00 sys=0.00, real=0.00 secs] 
5.225: [GC (Allocation Failure) 5.225: [DefNew: 959K->63K(960K), 0.0008046 secs] 363375K->362664K(524224K), 0.0008343 secs] [Times: user=0.00 sys=0.00, real=0.00 secs] 
5.229: [GC (Allocation Failure) 5.229: [DefNew: 959K->64K(960K), 0.0007392 secs] 363634K->362892K(524224K), 0.0007657 secs] [Times: user=0.00 sys=0.00, real=0.00 secs] 
5.233: [GC (Allocation Failure) 5.233: [DefNew: 960K->63K(960K), 0.0007508 secs] 363860K->363121K(524224K), 0.0007791 secs] [Times: user=0.00 sys=0.00, real=0.00 secs] 
5.237: [GC (Allocation Failure) 5.237: [DefNew: 959K->63K(960K), 0.0013644 secs] 364087K->363353K(524224K), 0.0014261 secs] [Times: user=0.00 sys=0.00, real=0.00 secs] 
5.240: [GC (Allocation Failure) 5.240: [DefNew: 959K->63K(960K), 0.0045510 secs] 364293K->363826K(524224K), 0.0046938 secs] [Times: user=0.00 sys=0.00, real=0.00 secs] 
5.248: [GC (Allocation Failure) 5.248: [DefNew: 959K->63K(960K), 0.0071161 secs] 364741K->364624K(524224K), 0.0072288 secs] [Times: user=0.00 sys=0.00, real=0.01 secs] 
5.258: [GC (Allocation Failure) 5.258: [DefNew: 959K->63K(960K), 0.0046539 secs] 365540K->365188K(524224K), 0.0047536 secs] [Times: user=0.02 sys=0.00, real=0.01 secs] 
5.267: [GC (Allocation Failure) 5.267: [DefNew: 959K->64K(960K), 0.0012712 secs] 366137K->365452K(524224K), 0.0013055 secs] [Times: user=0.00 sys=0.00, real=0.00 secs] 
5.271: [GC (Allocation Failure) 5.271: [DefNew: 960K->63K(960K), 0.0033823 secs] 366415K->365738K(524224K), 0.0035047 secs] [Times: user=0.00 sys=0.00, real=0.00 secs] 
5.277: [GC (Allocation Failure) 5.277: [DefNew: 959K->64K(960K), 0.0055824 secs] 366674K->366483K(524224K), 0.0057090 secs] [Times: user=0.02 sys=0.00, real=0.01 secs] 
5.286: [GC (Allocation Failure) 5.286: [DefNew: 960K->63K(960K), 0.0029245 secs] 367404K->367075K(524224K), 0.0029816 secs] [Times: user=0.00 sys=0.00, real=0.00 secs] 
5.291: [GC (Allocation Failure) 5.291: [DefNew: 959K->63K(960K), 0.0043168 secs] 368025K->367550K(524224K), 0.0044192 secs] [Times: user=0.02 sys=0.00, real=0.01 secs] 
5.298: [GC (Allocation Failure) 5.298: [DefNew: 959K->63K(960K), 0.0019668 secs] 368450K->367990K(524224K), 0.0020257 secs] [Times: user=0.00 sys=0.00, real=0.00 secs] 
5.304: [GC (Allocation Failure) 5.304: [DefNew: 959K->63K(960K), 0.0011650 secs] 368937K->368231K(524224K), 0.0012318 secs] [Times: user=0.00 sys=0.00, real=0.00 secs] 
5.306: [GC (Allocation Failure) 5.306: [DefNew: 959K->63K(960K), 0.0019469 secs] 369160K->368644K(524224K), 0.0020202 secs] [Times: user=0.00 sys=0.00, real=0.00 secs] 
5.311: [GC (Allocation Failure) 5.312: [DefNew: 959K->63K(960K), 0.0010323 secs] 369605K->368879K(524224K), 0.0010653 secs] [Times: user=0.00 sys=0.00, real=0.00 secs] 
5.316: [GC (Allocation Failure) 5.316: [DefNew: 959K->63K(960K), 0.0007977 secs] 369844K->369109K(524224K), 0.0008292 secs] [Times: user=0.00 sys=0.00, real=0.00 secs] 
5.318: [GC (Allocation Failure) 5.318: [DefNew: 959K->63K(960K), 0.0007230 secs] 370078K->369337K(524224K), 0.0007494 secs] [Times: user=0.00 sys=0.00, real=0.00 secs] 
5.322: [GC (Allocation Failure) 5.322: [DefNew: 959K->63K(960K), 0.0008649 secs] 370291K->369581K(524224K), 0.0009187 secs] [Times: user=0.00 sys=0.00, real=0.00 secs] 
5.327: [GC (Allocation Failure) 5.327: [DefNew: 959K->63K(960K), 0.0010857 secs] 370507K->369916K(524224K), 0.0011464 secs] [Times: user=0.00 sys=0.00, real=0.00 secs] 
5.330: [GC (Allocation Failure) 5.330: [DefNew: 959K->63K(960K), 0.0009581 secs] 370886K->370146K(524224K), 0.0009874 secs] [Times: user=0.00 sys=0.00, real=0.00 secs] 
5.334: [GC (Allocation Failure) 5.334: [DefNew: 959K->64K(960K), 0.0007263 secs] 371114K->370375K(524224K), 0.0007513 secs] [Times: user=0.00 sys=0.00, real=0.00 secs] 
5.337: [GC (Allocation Failure) 5.337: [DefNew: 960K->64K(960K), 0.0007341 secs] 371327K->370631K(524224K), 0.0007601 secs] [Times: user=0.00 sys=0.00, real=0.00 secs] 
5.340: [GC (Allocation Failure) 5.340: [DefNew: 960K->64K(960K), 0.0006168 secs] 371604K->370850K(524224K), 0.0006423 secs] [Times: user=0.00 sys=0.00, real=0.00 secs] 
5.342: [GC (Allocation Failure) 5.342: [DefNew: 960K->63K(960K), 0.0007304 secs] 371812K->371082K(524224K), 0.0007583 secs] [Times: user=0.00 sys=0.00, real=0.00 secs] 
5.347: [GC (Allocation Failure) 5.347: [DefNew: 959K->63K(960K), 0.0014813 secs] 372038K->371377K(524224K), 0.0015508 secs] [Times: user=0.00 sys=0.00, real=0.00 secs] 
5.351: [GC (Allocation Failure) 5.351: [DefNew: 959K->64K(960K), 0.0009405 secs] 372340K->371617K(524224K), 0.0009716 secs] [Times: user=0.00 sys=0.00, real=0.00 secs] 
5.354: [GC (Allocation Failure) 5.354: [DefNew: 960K->64K(960K), 0.0006966 secs] 372586K->371846K(524224K), 0.0007226 secs] [Times: user=0.00 sys=0.00, real=0.00 secs] 
5.357: [GC (Allocation Failure) 5.357: [DefNew: 960K->63K(960K), 0.0007917 secs] 372812K->372075K(524224K), 0.0008274 secs] [Times: user=0.00 sys=0.00, real=0.00 secs] 
5.362: [GC (Allocation Failure) 5.362: [DefNew: 959K->64K(960K), 0.0008065 secs] 373036K->372338K(524224K), 0.0008362 secs] [Times: user=0.00 sys=0.00, real=0.00 secs] 
5.365: [GC (Allocation Failure) 5.365: [DefNew: 960K->63K(960K), 0.0007592 secs] 373300K->372570K(524224K), 0.0007884 secs] [Times: user=0.00 sys=0.00, real=0.00 secs] 
5.370: [GC (Allocation Failure) 5.370: [DefNew: 959K->64K(960K), 0.0019061 secs] 373515K->372896K(524224K), 0.0019780 secs] [Times: user=0.01 sys=0.00, real=0.00 secs] 
5.374: [GC (Allocation Failure) 5.374: [DefNew: 960K->64K(960K), 0.0012146 secs] 373816K->373233K(524224K), 0.0012666 secs] [Times: user=0.00 sys=0.00, real=0.00 secs] 
5.376: [GC (Allocation Failure) 5.376: [DefNew: 960K->63K(960K), 0.0009326 secs] 374199K->373468K(524224K), 0.0009660 secs] [Times: user=0.00 sys=0.00, real=0.00 secs] 
5.380: [GC (Allocation Failure) 5.381: [DefNew: 959K->64K(960K), 0.0008074 secs] 374433K->373699K(524224K), 0.0008357 secs] [Times: user=0.00 sys=0.00, real=0.00 secs] 
5.385: [GC (Allocation Failure) 5.385: [DefNew: 960K->63K(960K), 0.0007745 secs] 374669K->373927K(524224K), 0.0008042 secs] [Times: user=0.00 sys=0.00, real=0.00 secs] 
5.388: [GC (Allocation Failure) 5.388: [DefNew: 959K->63K(960K), 0.0007694 secs] 374891K->374162K(524224K), 0.0007972 secs] [Times: user=0.00 sys=0.00, real=0.00 secs] 
5.392: [GC (Allocation Failure) 5.392: [DefNew: 959K->63K(960K), 0.0013306 secs] 375112K->374422K(524224K), 0.0014089 secs] [Times: user=0.00 sys=0.00, real=0.00 secs] 
5.397: [GC (Allocation Failure) 5.397: [DefNew: 959K->63K(960K), 0.0008979 secs] 375373K->374694K(524224K), 0.0009317 secs] [Times: user=0.00 sys=0.00, real=0.00 secs] 
5.400: [GC (Allocation Failure) 5.400: [DefNew: 959K->64K(960K), 0.0008635 secs] 375660K->374925K(524224K), 0.0008900 secs] [Times: user=0.00 sys=0.00, real=0.00 secs] 
5.404: [GC (Allocation Failure) 5.404: [DefNew: 960K->63K(960K), 0.0010792 secs] 375881K->375176K(524224K), 0.0011242 secs] [Times: user=0.00 sys=0.00, real=0.00 secs] 
5.408: [GC (Allocation Failure) 5.408: [DefNew: 959K->63K(960K), 0.0008403 secs] 376135K->375419K(524224K), 0.0008826 secs] [Times: user=0.00 sys=0.00, real=0.00 secs] 
5.412: [GC (Allocation Failure) 5.412: [DefNew: 959K->63K(960K), 0.0011014 secs] 376390K->375649K(524224K), 0.0011492 secs] [Times: user=0.00 sys=0.00, real=0.00 secs] 
5.415: [GC (Allocation Failure) 5.415: [DefNew: 959K->63K(960K), 0.0009368 secs] 376592K->375917K(524224K), 0.0009823 secs] [Times: user=0.00 sys=0.00, real=0.00 secs] 
5.419: [GC (Allocation Failure) 5.419: [DefNew: 959K->63K(960K), 0.0008408 secs] 376885K->376148K(524224K), 0.0008677 secs] [Times: user=0.00 sys=0.00, real=0.00 secs] 
5.424: [GC (Allocation Failure) 5.424: [DefNew: 959K->63K(960K), 0.0008816 secs] 377109K->376386K(524224K), 0.0009266 secs] [Times: user=0.00 sys=0.00, real=0.00 secs] 
5.427: [GC (Allocation Failure) 5.427: [DefNew: 959K->64K(960K), 0.0009076 secs] 377344K->376630K(524224K), 0.0009391 secs] [Times: user=0.00 sys=0.00, real=0.00 secs] 
5.431: [GC (Allocation Failure) 5.431: [DefNew: 960K->64K(960K), 0.0007879 secs] 377596K->376864K(524224K), 0.0008144 secs] [Times: user=0.00 sys=0.00, real=0.00 secs] 
5.435: [GC (Allocation Failure) 5.436: [DefNew: 960K->63K(960K), 0.0011042 secs] 377811K->377160K(524224K), 0.0011831 secs] [Times: user=0.00 sys=0.00, real=0.00 secs] 
5.438: [GC (Allocation Failure) 5.438: [DefNew: 959K->64K(960K), 0.0009637 secs] 378128K->377394K(524224K), 0.0009971 secs] [Times: user=0.00 sys=0.00, real=0.00 secs] 
5.442: [GC (Allocation Failure) 5.442: [DefNew: 960K->63K(960K), 0.0008909 secs] 378354K->377666K(524224K), 0.0009317 secs] [Times: user=0.00 sys=0.00, real=0.00 secs] 
5.447: [GC (Allocation Failure) 5.447: [DefNew: 959K->63K(960K), 0.0008844 secs] 378632K->377901K(524224K), 0.0009248 secs] [Times: user=0.00 sys=0.00, real=0.00 secs] 
5.450: [GC (Allocation Failure) 5.450: [DefNew: 959K->64K(960K), 0.0008992 secs] 378848K->378161K(524224K), 0.0009475 secs] [Times: user=0.00 sys=0.00, real=0.00 secs] 
5.455: [GC (Allocation Failure) 5.455: [DefNew: 960K->63K(960K), 0.0010579 secs] 379121K->378442K(524224K), 0.0011024 secs] [Times: user=0.00 sys=0.00, real=0.00 secs] 
5.460: [GC (Allocation Failure) 5.460: [DefNew: 959K->64K(960K), 0.0011195 secs] 379366K->378785K(524224K), 0.0011636 secs] [Times: user=0.00 sys=0.00, real=0.00 secs] 
5.463: [GC (Allocation Failure) 5.463: [DefNew: 960K->63K(960K), 0.0010221 secs] 379736K->379035K(524224K), 0.0010500 secs] [Times: user=0.00 sys=0.00, real=0.00 secs] 
5.467: [GC (Allocation Failure) 5.467: [DefNew: 959K->63K(960K), 0.0008320 secs] 379992K->379280K(524224K), 0.0008608 secs] [Times: user=0.00 sys=0.00, real=0.00 secs] 
5.472: [GC (Allocation Failure) 5.472: [DefNew: 959K->64K(960K), 0.0008867 secs] 380244K->379514K(524224K), 0.0009303 secs] [Times: user=0.00 sys=0.00, real=0.00 secs] 
5.475: [GC (Allocation Failure) 5.475: [DefNew: 960K->63K(960K), 0.0007861 secs] 380479K->379744K(524224K), 0.0008190 secs] [Times: user=0.00 sys=0.00, real=0.00 secs] 
5.479: [GC (Allocation Failure) 5.479: [DefNew: 959K->63K(960K), 0.0014943 secs] 380692K->380016K(524224K), 0.0015750 secs] [Times: user=0.00 sys=0.00, real=0.00 secs] 
5.484: [GC (Allocation Failure) 5.484: [DefNew: 959K->64K(960K), 0.0009122 secs] 380973K->380262K(524224K), 0.0009489 secs] [Times: user=0.00 sys=0.00, real=0.00 secs] 
5.487: [GC (Allocation Failure) 5.487: [DefNew: 960K->63K(960K), 0.0008056 secs] 381227K->380495K(524224K), 0.0008366 secs] [Times: user=0.00 sys=0.00, real=0.00 secs] 
5.490: [GC (Allocation Failure) 5.490: [DefNew: 959K->63K(960K), 0.0007369 secs] 381461K->380726K(524224K), 0.0007703 secs] [Times: user=0.00 sys=0.00, real=0.00 secs] 
5.494: [GC (Allocation Failure) 5.494: [DefNew: 959K->64K(960K), 0.0008329 secs] 381692K->380962K(524224K), 0.0008677 secs] [Times: user=0.00 sys=0.00, real=0.00 secs] 
5.498: [GC (Allocation Failure) 5.498: [DefNew: 960K->64K(960K), 0.0007629 secs] 381927K->381194K(524224K), 0.0007912 secs] [Times: user=0.00 sys=0.00, real=0.00 secs] 
5.500: [GC (Allocation Failure) 5.500: [DefNew: 960K->64K(960K), 0.0007652 secs] 382161K->381445K(524224K), 0.0007912 secs] [Times: user=0.00 sys=0.00, real=0.00 secs] 
5.504: [GC (Allocation Failure) 5.504: [DefNew: 960K->64K(960K), 0.0010643 secs] 382369K->381777K(524224K), 0.0011098 secs] [Times: user=0.00 sys=0.00, real=0.00 secs] 
5.507: [GC (Allocation Failure) 5.507: [DefNew: 960K->64K(960K), 0.0010426 secs] 382741K->382013K(524224K), 0.0010880 secs] [Times: user=0.00 sys=0.00, real=0.00 secs] 
5.509: [GC (Allocation Failure) 5.509: [DefNew: 960K->64K(960K), 0.0007791 secs] 382980K->382241K(524224K), 0.0008065 secs] [Times: user=0.00 sys=0.00, real=0.00 secs] 
5.514: [GC (Allocation Failure) 5.514: [DefNew: 960K->63K(960K), 0.0008798 secs] 383199K->382486K(524224K), 0.0009201 secs] [Times: user=0.00 sys=0.00, real=0.00 secs] 
5.519: [GC (Allocation Failure) 5.519: [DefNew: 959K->63K(960K), 0.0008352 secs] 383450K->382726K(524224K), 0.0008784 secs] [Times: user=0.00 sys=0.00, real=0.00 secs] 
5.522: [GC (Allocation Failure) 5.522: [DefNew: 959K->63K(960K), 0.0007068 secs] 383693K->382958K(524224K), 0.0007351 secs] [Times: user=0.00 sys=0.00, real=0.00 secs] 
5.527: [GC (Allocation Failure) 5.527: [DefNew: 959K->64K(960K), 0.0009864 secs] 383906K->383305K(524224K), 0.0010305 secs] [Times: user=0.00 sys=0.00, real=0.00 secs] 
5.531: [GC (Allocation Failure) 5.531: [DefNew: 960K->64K(960K), 0.0008737 secs] 384268K->383540K(524224K), 0.0009011 secs] [Times: user=0.00 sys=0.00, real=0.00 secs] 
5.534: [GC (Allocation Failure) 5.534: [DefNew: 960K->63K(960K), 0.0006530 secs] 384510K->383767K(524224K), 0.0006762 secs] [Times: user=0.00 sys=0.00, real=0.00 secs] 
5.538: [GC (Allocation Failure) 5.538: [DefNew: 959K->64K(960K), 0.0006776 secs] 384736K->383997K(524224K), 0.0007040 secs] [Times: user=0.00 sys=0.00, real=0.00 secs] 
5.543: [GC (Allocation Failure) 5.543: [DefNew: 960K->63K(960K), 0.0008826 secs] 384954K->384240K(524224K), 0.0009438 secs] [Times: user=0.00 sys=0.00, real=0.00 secs] 
5.545: [GC (Allocation Failure) 5.545: [DefNew: 959K->64K(960K), 0.0012049 secs] 385176K->384584K(524224K), 0.0012805 secs] [Times: user=0.00 sys=0.00, real=0.00 secs] 
5.550: [GC (Allocation Failure) 5.550: [DefNew: 960K->63K(960K), 0.0010296 secs] 385541K->384823K(524224K), 0.0010764 secs] [Times: user=0.00 sys=0.00, real=0.00 secs] 
5.555: [GC (Allocation Failure) 5.555: [DefNew: 959K->64K(960K), 0.0009127 secs] 385789K->385052K(524224K), 0.0009623 secs] [Times: user=0.00 sys=0.00, real=0.00 secs] 
5.559: [GC (Allocation Failure) 5.559: [DefNew: 960K->63K(960K), 0.0008988 secs] 386006K->385300K(524224K), 0.0009544 secs] [Times: user=0.00 sys=0.00, real=0.00 secs] 
5.562: [GC (Allocation Failure) 5.562: [DefNew: 959K->63K(960K), 0.0007935 secs] 386270K->385526K(524224K), 0.0008301 secs] [Times: user=0.00 sys=0.00, real=0.00 secs] 
5.566: [GC (Allocation Failure) 5.566: [DefNew: 959K->64K(960K), 0.0008575 secs] 386495K->385788K(524224K), 0.0008890 secs] [Times: user=0.00 sys=0.00, real=0.00 secs] 
5.570: [GC (Allocation Failure) 5.570: [DefNew: 960K->63K(960K), 0.0012271 secs] 386717K->386211K(524224K), 0.0012652 secs] [Times: user=0.00 sys=0.00, real=0.00 secs] 
5.572: [GC (Allocation Failure) 5.572: [DefNew: 959K->63K(960K), 0.0010611 secs] 387181K->386436K(524224K), 0.0011070 secs] [Times: user=0.00 sys=0.00, real=0.00 secs] 
5.577: [GC (Allocation Failure) 5.577: [DefNew: 959K->63K(960K), 0.0009155 secs] 387384K->386694K(524224K), 0.0009577 secs] [Times: user=0.00 sys=0.00, real=0.00 secs] 
5.581: [GC (Allocation Failure) 5.581: [DefNew: 959K->63K(960K), 0.0008631 secs] 387658K->386926K(524224K), 0.0009076 secs] [Times: user=0.00 sys=0.00, real=0.00 secs] 
5.584: [GC (Allocation Failure) 5.584: [DefNew: 959K->63K(960K), 0.0008872 secs] 387884K->387174K(524224K), 0.0009187 secs] [Times: user=0.00 sys=0.00, real=0.00 secs] 
5.588: [GC (Allocation Failure) 5.588: [DefNew: 959K->63K(960K), 0.0007819 secs] 388140K->387411K(524224K), 0.0008102 secs] [Times: user=0.00 sys=0.00, real=0.00 secs] 
5.592: [GC (Allocation Failure) 5.592: [DefNew: 959K->64K(960K), 0.0011019 secs] 388351K->387719K(524224K), 0.0011998 secs] [Times: user=0.00 sys=0.00, real=0.00 secs] 
5.595: [GC (Allocation Failure) 5.595: [DefNew: 960K->64K(960K), 0.0010764 secs] 388658K->388038K(524224K), 0.0011186 secs] [Times: user=0.00 sys=0.00, real=0.00 secs] 
5.600: [GC (Allocation Failure) 5.600: [DefNew: 960K->64K(960K), 0.0009878 secs] 388999K->388280K(524224K), 0.0010245 secs] [Times: user=0.00 sys=0.00, real=0.00 secs] 
5.604: [GC (Allocation Failure) 5.604: [DefNew: 960K->63K(960K), 0.0007671 secs] 389246K->388508K(524224K), 0.0007935 secs] [Times: user=0.00 sys=0.00, real=0.00 secs] 
5.606: [GC (Allocation Failure) 5.606: [DefNew: 959K->63K(960K), 0.0006947 secs] 389476K->388740K(524224K), 0.0007202 secs] [Times: user=0.00 sys=0.00, real=0.00 secs] 
5.610: [GC (Allocation Failure) 5.610: [DefNew: 959K->63K(960K), 0.0009002 secs] 389703K->388972K(524224K), 0.0009470 secs] [Times: user=0.00 sys=0.00, real=0.00 secs] 
5.614: [GC (Allocation Failure) 5.614: [DefNew: 959K->63K(960K), 0.0009025 secs] 389926K->389230K(524224K), 0.0009466 secs] [Times: user=0.00 sys=0.00, real=0.00 secs] 
5.616: [GC (Allocation Failure) 5.616: [DefNew: 959K->64K(960K), 0.0007801 secs] 390197K->389466K(524224K), 0.0008056 secs] [Times: user=0.00 sys=0.00, real=0.00 secs] 
5.620: [GC (Allocation Failure) 5.620: [DefNew: 960K->64K(960K), 0.0008728 secs] 390426K->389708K(524224K), 0.0009187 secs] [Times: user=0.00 sys=0.00, real=0.00 secs] 
5.624: [GC (Allocation Failure) 5.624: [DefNew: 960K->64K(960K), 0.0008955 secs] 390665K->389950K(524224K), 0.0009401 secs] [Times: user=0.00 sys=0.00, real=0.00 secs] 
5.629: [GC (Allocation Failure) 5.629: [DefNew: 960K->63K(960K), 0.0008269 secs] 390913K->390193K(524224K), 0.0008608 secs] [Times: user=0.00 sys=0.00, real=0.00 secs] 
5.631: [GC (Allocation Failure) 5.631: [DefNew: 959K->63K(960K), 0.0007791 secs] 391161K->390427K(524224K), 0.0008051 secs] [Times: user=0.00 sys=0.00, real=0.00 secs] 
5.635: [GC (Allocation Failure) 5.635: [DefNew: 959K->63K(960K), 0.0009141 secs] 391375K->390685K(524224K), 0.0009563 secs] [Times: user=0.00 sys=0.00, real=0.00 secs] 
5.639: [GC (Allocation Failure) 5.639: [DefNew: 959K->64K(960K), 0.0008218 secs] 391648K->390923K(524224K), 0.0008621 secs] [Times: user=0.00 sys=0.00, real=0.00 secs] 
5.642: [GC (Allocation Failure) 5.642: [DefNew: 960K->64K(960K), 0.0008009 secs] 391887K->391158K(524224K), 0.0008339 secs] [Times: user=0.00 sys=0.00, real=0.00 secs] 
5.646: [GC (Allocation Failure) 5.646: [DefNew: 960K->63K(960K), 0.0007675 secs] 392115K->391423K(524224K), 0.0007981 secs] [Times: user=0.00 sys=0.00, real=0.00 secs] 
5.649: [GC (Allocation Failure) 5.649: [DefNew: 959K->63K(960K), 0.0009006 secs] 392390K->391655K(524224K), 0.0009493 secs] [Times: user=0.00 sys=0.00, real=0.00 secs] 
5.651: [GC (Allocation Failure) 5.651: [DefNew: 959K->63K(960K), 0.0008733 secs] 392619K->391888K(524224K), 0.0009173 secs] [Times: user=0.00 sys=0.00, real=0.00 secs] 
5.655: [GC (Allocation Failure) 5.655: [DefNew: 959K->64K(960K), 0.0013445 secs] 392844K->392132K(524224K), 0.0014252 secs] [Times: user=0.00 sys=0.00, real=0.00 secs] 
5.659: [GC (Allocation Failure) 5.659: [DefNew: 960K->63K(960K), 0.0009827 secs] 393086K->392385K(524224K), 0.0010235 secs] [Times: user=0.00 sys=0.00, real=0.00 secs] 
5.661: [GC (Allocation Failure) 5.661: [DefNew: 959K->63K(960K), 0.0008830 secs] 393351K->392615K(524224K), 0.0009141 secs] [Times: user=0.00 sys=0.00, real=0.00 secs] 
5.665: [GC (Allocation Failure) 5.665: [DefNew: 959K->63K(960K), 0.0009006 secs] 393577K->392855K(524224K), 0.0009414 secs] [Times: user=0.00 sys=0.00, real=0.00 secs] 
5.669: [GC (Allocation Failure) 5.669: [DefNew: 959K->63K(960K), 0.0008594 secs] 393823K->393084K(524224K), 0.0009006 secs] [Times: user=0.00 sys=0.00, real=0.00 secs] 
5.672: [GC (Allocation Failure) 5.672: [DefNew: 959K->63K(960K), 0.0007838 secs] 394049K->393312K(524224K), 0.0008116 secs] [Times: user=0.00 sys=0.00, real=0.00 secs] 
5.676: [GC (Allocation Failure) 5.676: [DefNew: 959K->63K(960K), 0.0008376 secs] 394275K->393549K(524224K), 0.0008705 secs] [Times: user=0.00 sys=0.00, real=0.00 secs] 
5.680: [GC (Allocation Failure) 5.680: [DefNew: 959K->64K(960K), 0.0008682 secs] 394506K->393788K(524224K), 0.0009090 secs] [Times: user=0.00 sys=0.00, real=0.00 secs] 
5.684: [GC (Allocation Failure) 5.684: [DefNew: 960K->63K(960K), 0.0007699 secs] 394750K->394019K(524224K), 0.0007986 secs] [Times: user=0.00 sys=0.00, real=0.00 secs] 
5.687: [GC (Allocation Failure) 5.687: [DefNew: 959K->63K(960K), 0.0007694 secs] 394982K->394252K(524224K), 0.0007968 secs] [Times: user=0.00 sys=0.00, real=0.00 secs] 
5.692: [GC (Allocation Failure) 5.692: [DefNew: 959K->63K(960K), 0.0008213 secs] 395219K->394481K(524224K), 0.0008557 secs] [Times: user=0.00 sys=0.00, real=0.00 secs] 
5.695: [GC (Allocation Failure) 5.695: [DefNew: 959K->64K(960K), 0.0008139 secs] 395444K->394719K(524224K), 0.0008427 secs] [Times: user=0.00 sys=0.00, real=0.00 secs] 
5.698: [GC (Allocation Failure) 5.698: [DefNew: 960K->63K(960K), 0.0008473 secs] 395690K->394945K(524224K), 0.0008918 secs] [Times: user=0.00 sys=0.00, real=0.00 secs] 
5.702: [GC (Allocation Failure) 5.702: [DefNew: 959K->63K(960K), 0.0011376 secs] 395887K->395221K(524224K), 0.0012234 secs] [Times: user=0.00 sys=0.00, real=0.00 secs] 
5.706: [GC (Allocation Failure) 5.706: [DefNew: 959K->63K(960K), 0.0009354 secs] 396182K->395466K(524224K), 0.0009674 secs] [Times: user=0.00 sys=0.00, real=0.00 secs] 
5.709: [GC (Allocation Failure) 5.709: [DefNew: 959K->63K(960K), 0.0008148 secs] 396432K->395694K(524224K), 0.0008459 secs] [Times: user=0.00 sys=0.00, real=0.00 secs] 
5.712: [GC (Allocation Failure) 5.712: [DefNew: 959K->64K(960K), 0.0007847 secs] 396661K->395925K(524224K), 0.0008125 secs] [Times: user=0.00 sys=0.00, real=0.00 secs] 
5.716: [GC (Allocation Failure) 5.716: [DefNew: 960K->63K(960K), 0.0006567 secs] 396896K->396148K(524224K), 0.0006841 secs] [Times: user=0.00 sys=0.00, real=0.00 secs] 
5.720: [GC (Allocation Failure) 5.720: [DefNew: 959K->63K(960K), 0.0008515 secs] 397114K->396376K(524224K), 0.0008909 secs] [Times: user=0.00 sys=0.00, real=0.00 secs] 
5.722: [GC (Allocation Failure) 5.722: [DefNew: 959K->64K(960K), 0.0011279 secs] 397299K->396758K(524224K), 0.0011877 secs] [Times: user=0.00 sys=0.00, real=0.00 secs] 
5.726: [GC (Allocation Failure) 5.726: [DefNew: 960K->64K(960K), 0.0011056 secs] 397713K->397003K(524224K), 0.0011409 secs] [Times: user=0.00 sys=0.00, real=0.00 secs] 
5.729: [GC (Allocation Failure) 5.730: [DefNew: 960K->64K(960K), 0.0008612 secs] 397968K->397237K(524224K), 0.0008997 secs] [Times: user=0.01 sys=0.00, real=0.00 secs] 
5.735: [GC (Allocation Failure) 5.735: [DefNew: 960K->63K(960K), 0.0008649 secs] 398188K->397492K(524224K), 0.0009081 secs] [Times: user=0.00 sys=0.00, real=0.00 secs] 
5.738: [GC (Allocation Failure) 5.738: [DefNew: 959K->63K(960K), 0.0007328 secs] 398455K->397732K(524224K), 0.0007592 secs] [Times: user=0.00 sys=0.00, real=0.00 secs] 
5.743: [GC (Allocation Failure) 5.743: [DefNew: 959K->63K(960K), 0.0008473 secs] 398693K->397976K(524224K), 0.0008784 secs] [Times: user=0.00 sys=0.00, real=0.00 secs] 
5.745: [GC (Allocation Failure) 5.745: [DefNew: 959K->63K(960K), 0.0014664 secs] 398940K->398215K(524224K), 0.0015434 secs] [Times: user=0.00 sys=0.00, real=0.00 secs] 
5.749: [GC (Allocation Failure) 5.749: [DefNew: 959K->64K(960K), 0.0008849 secs] 399170K->398469K(524224K), 0.0009197 secs] [Times: user=0.00 sys=0.00, real=0.00 secs] 
5.753: [GC (Allocation Failure) 5.753: [DefNew: 960K->64K(960K), 0.0008482 secs] 399433K->398701K(524224K), 0.0008784 secs] [Times: user=0.00 sys=0.00, real=0.00 secs] 
5.755: [GC (Allocation Failure) 5.755: [DefNew: 960K->63K(960K), 0.0008065 secs] 399665K->398965K(524224K), 0.0008339 secs] [Times: user=0.00 sys=0.00, real=0.00 secs] 
5.760: [GC (Allocation Failure) 5.760: [DefNew: 959K->63K(960K), 0.0008362 secs] 399931K->399202K(524224K), 0.0008696 secs] [Times: user=0.00 sys=0.00, real=0.00 secs] 
5.764: [GC (Allocation Failure) 5.764: [DefNew: 959K->63K(960K), 0.0008046 secs] 400165K->399457K(524224K), 0.0008315 secs] [Times: user=0.00 sys=0.00, real=0.00 secs] 
5.768: [GC (Allocation Failure) 5.768: [DefNew: 959K->63K(960K), 0.0012489 secs] 400389K->399811K(524224K), 0.0013106 secs] [Times: user=0.00 sys=0.00, real=0.00 secs] 
5.772: [GC (Allocation Failure) 5.772: [DefNew: 959K->63K(960K), 0.0009619 secs] 400774K->400051K(524224K), 0.0009897 secs] [Times: user=0.00 sys=0.00, real=0.00 secs] 
5.776: [GC (Allocation Failure) 5.776: [DefNew: 959K->64K(960K), 0.0009030 secs] 401012K->400287K(524224K), 0.0009428 secs] [Times: user=0.00 sys=0.02, real=0.00 secs] 
5.779: [GC (Allocation Failure) 5.779: [DefNew: 960K->63K(960K), 0.0007374 secs] 401251K->400519K(524224K), 0.0007634 secs] [Times: user=0.00 sys=0.00, real=0.00 secs] 
5.783: [GC (Allocation Failure) 5.783: [DefNew: 959K->63K(960K), 0.0007597 secs] 401481K->400757K(524224K), 0.0007875 secs] [Times: user=0.00 sys=0.00, real=0.00 secs] 
5.787: [GC (Allocation Failure) 5.787: [DefNew: 959K->63K(960K), 0.0007546 secs] 401721K->400989K(524224K), 0.0007833 secs] [Times: user=0.00 sys=0.00, real=0.00 secs] 
5.791: [GC (Allocation Failure) 5.791: [DefNew: 959K->63K(960K), 0.0012758 secs] 401921K->401395K(524224K), 0.0013463 secs] [Times: user=0.00 sys=0.00, real=0.00 secs] 
5.795: [GC (Allocation Failure) 5.795: [DefNew: 959K->64K(960K), 0.0011617 secs] 402353K->401639K(524224K), 0.0012137 secs] [Times: user=0.00 sys=0.00, real=0.00 secs] 
5.800: [GC (Allocation Failure) 5.800: [DefNew: 960K->64K(960K), 0.0010240 secs] 402598K->401926K(524224K), 0.0010722 secs] [Times: user=0.00 sys=0.00, real=0.00 secs] 
5.803: [GC (Allocation Failure) 5.803: [DefNew: 960K->63K(960K), 0.0009285 secs] 402889K->402159K(524224K), 0.0009600 secs] [Times: user=0.00 sys=0.00, real=0.00 secs] 
5.808: [GC (Allocation Failure) 5.808: [DefNew: 959K->64K(960K), 0.0009210 secs] 403119K->402429K(524224K), 0.0009517 secs] [Times: user=0.02 sys=0.00, real=0.00 secs] 
5.814: [GC (Allocation Failure) 5.814: [DefNew: 960K->64K(960K), 0.0012499 secs] 403385K->402758K(524224K), 0.0013134 secs] [Times: user=0.00 sys=0.00, real=0.00 secs] 
5.818: [GC (Allocation Failure) 5.818: [DefNew: 960K->64K(960K), 0.0009206 secs] 403723K->402992K(524224K), 0.0009568 secs] [Times: user=0.00 sys=0.00, real=0.00 secs] 
5.821: [GC (Allocation Failure) 5.821: [DefNew: 960K->63K(960K), 0.0008116 secs] 403957K->403227K(524224K), 0.0008403 secs] [Times: user=0.00 sys=0.00, real=0.00 secs] 
5.826: [GC (Allocation Failure) 5.826: [DefNew: 959K->63K(960K), 0.0009053 secs] 404174K->403492K(524224K), 0.0009475 secs] [Times: user=0.00 sys=0.00, real=0.00 secs] 
5.831: [GC (Allocation Failure) 5.831: [DefNew: 959K->63K(960K), 0.0015680 secs] 404453K->403734K(524224K), 0.0016492 secs] [Times: user=0.00 sys=0.00, real=0.00 secs] 
5.834: [GC (Allocation Failure) 5.834: [DefNew: 959K->63K(960K), 0.0008362 secs] 404695K->403976K(524224K), 0.0008668 secs] [Times: user=0.00 sys=0.00, real=0.00 secs] 
5.838: [GC (Allocation Failure) 5.838: [DefNew: 959K->63K(960K), 0.0009479 secs] 404939K->404213K(524224K), 0.0009994 secs] [Times: user=0.00 sys=0.00, real=0.00 secs] 
5.842: [GC (Allocation Failure) 5.842: [DefNew: 959K->63K(960K), 0.0010217 secs] 405165K->404468K(524224K), 0.0010685 secs] [Times: user=0.00 sys=0.00, real=0.00 secs] 
5.845: [GC (Allocation Failure) 5.845: [DefNew: 959K->63K(960K), 0.0008965 secs] 405434K->404706K(524224K), 0.0009299 secs] [Times: user=0.00 sys=0.00, real=0.00 secs] 
5.850: [GC (Allocation Failure) 5.850: [DefNew: 959K->64K(960K), 0.0008009 secs] 405667K->404944K(524224K), 0.0008274 secs] [Times: user=0.00 sys=0.00, real=0.00 secs] 
5.855: [GC (Allocation Failure) 5.855: [DefNew: 960K->63K(960K), 0.0012642 secs] 405898K->405238K(524224K), 0.0013658 secs] [Times: user=0.02 sys=0.00, real=0.00 secs] 
5.858: [GC (Allocation Failure) 5.858: [DefNew: 959K->63K(960K), 0.0009614 secs] 406196K->405497K(524224K), 0.0009971 secs] [Times: user=0.00 sys=0.00, real=0.00 secs] 
5.863: [GC (Allocation Failure) 5.863: [DefNew: 959K->63K(960K), 0.0009094 secs] 406461K->405735K(524224K), 0.0009540 secs] [Times: user=0.00 sys=0.00, real=0.00 secs] 
5.867: [GC (Allocation Failure) 5.867: [DefNew: 959K->63K(960K), 0.0009363 secs] 406686K->405987K(524224K), 0.0009790 secs] [Times: user=0.00 sys=0.00, real=0.00 secs] 
5.869: [GC (Allocation Failure) 5.869: [DefNew: 959K->63K(960K), 0.0007745 secs] 406956K->406218K(524224K), 0.0008009 secs] [Times: user=0.00 sys=0.00, real=0.00 secs] 
5.872: [GC (Allocation Failure) 5.872: [DefNew: 959K->64K(960K), 0.0006460 secs] 407186K->406444K(524224K), 0.0006711 secs] [Times: user=0.00 sys=0.00, real=0.00 secs] 
5.877: [GC (Allocation Failure) 5.877: [DefNew: 960K->64K(960K), 0.0010783 secs] 407390K->406714K(524224K), 0.0011455 secs] [Times: user=0.00 sys=0.00, real=0.00 secs] 
5.881: [GC (Allocation Failure) 5.881: [DefNew: 960K->63K(960K), 0.0009581 secs] 407674K->406988K(524224K), 0.0009939 secs] [Times: user=0.00 sys=0.00, real=0.00 secs] 
5.884: [GC (Allocation Failure) 5.884: [DefNew: 959K->63K(960K), 0.0008932 secs] 407951K->407222K(524224K), 0.0009248 secs] [Times: user=0.00 sys=0.00, real=0.00 secs] 
5.887: [GC (Allocation Failure) 5.887: [DefNew: 959K->63K(960K), 0.0009336 secs] 408185K->407463K(524224K), 0.0009878 secs] [Times: user=0.00 sys=0.00, real=0.00 secs] 
5.892: [GC (Allocation Failure) 5.892: [DefNew: 959K->64K(960K), 0.0008362 secs] 408429K->407700K(524224K), 0.0008774 secs] [Times: user=0.00 sys=0.00, real=0.00 secs] 
5.895: [GC (Allocation Failure) 5.895: [DefNew: 960K->63K(960K), 0.0008654 secs] 408660K->407940K(524224K), 0.0008932 secs] [Times: user=0.00 sys=0.00, real=0.00 secs] 
5.898: [GC (Allocation Failure) 5.898: [DefNew: 959K->63K(960K), 0.0007657 secs] 408905K->408174K(524224K), 0.0007921 secs] [Times: user=0.00 sys=0.00, real=0.00 secs] 
5.902: [GC (Allocation Failure) 5.902: [DefNew: 959K->63K(960K), 0.0010523 secs] 409135K->408459K(524224K), 0.0011288 secs] [Times: user=0.02 sys=0.00, real=0.00 secs] 
5.905: [GC (Allocation Failure) 5.905: [DefNew: 959K->63K(960K), 0.0009489 secs] 409411K->408707K(524224K), 0.0009786 secs] [Times: user=0.00 sys=0.00, real=0.00 secs] 
5.909: [GC (Allocation Failure) 5.909: [DefNew: 959K->63K(960K), 0.0009827 secs] 409655K->408967K(524224K), 0.0010198 secs] [Times: user=0.00 sys=0.00, real=0.00 secs] 
5.912: [GC (Allocation Failure) 5.912: [DefNew: 959K->64K(960K), 0.0008088 secs] 409934K->409194K(524224K), 0.0008352 secs] [Times: user=0.00 sys=0.00, real=0.00 secs] 
5.914: [GC (Allocation Failure) 5.914: [DefNew: 960K->63K(960K), 0.0006650 secs] 410162K->409429K(524224K), 0.0006910 secs] [Times: user=0.00 sys=0.00, real=0.00 secs] 
5.918: [GC (Allocation Failure) 5.918: [DefNew: 959K->63K(960K), 0.0007819 secs] 410394K->409665K(524224K), 0.0008111 secs] [Times: user=0.00 sys=0.00, real=0.00 secs] 
5.923: [GC (Allocation Failure) 5.923: [DefNew: 959K->64K(960K), 0.0012281 secs] 410619K->409951K(524224K), 0.0013013 secs] [Times: user=0.00 sys=0.00, real=0.00 secs] 
5.926: [GC (Allocation Failure) 5.926: [DefNew: 960K->63K(960K), 0.0008464 secs] 410919K->410180K(524224K), 0.0008807 secs] [Times: user=0.00 sys=0.00, real=0.00 secs] 
5.930: [GC (Allocation Failure) 5.930: [DefNew: 959K->63K(960K), 0.0008028 secs] 411147K->410414K(524224K), 0.0008297 secs] [Times: user=0.00 sys=0.00, real=0.00 secs] 
5.934: [GC (Allocation Failure) 5.934: [DefNew: 959K->64K(960K), 0.0008510 secs] 411378K->410647K(524224K), 0.0009034 secs] [Times: user=0.00 sys=0.00, real=0.00 secs] 
5.938: [GC (Allocation Failure) 5.938: [DefNew: 960K->63K(960K), 0.0007898 secs] 411613K->410882K(524224K), 0.0008288 secs] [Times: user=0.00 sys=0.00, real=0.00 secs] 
5.941: [GC (Allocation Failure) 5.941: [DefNew: 959K->63K(960K), 0.0008844 secs] 411844K->411125K(524224K), 0.0009248 secs] [Times: user=0.00 sys=0.00, real=0.00 secs] 
5.945: [GC (Allocation Failure) 5.945: [DefNew: 959K->63K(960K), 0.0014720 secs] 412067K->411498K(524224K), 0.0015494 secs] [Times: user=0.00 sys=0.00, real=0.00 secs] 
5.951: [GC (Allocation Failure) 5.951: [DefNew: 959K->63K(960K), 0.0011348 secs] 412447K->411752K(524224K), 0.0011831 secs] [Times: user=0.00 sys=0.00, real=0.00 secs] 
5.954: [GC (Allocation Failure) 5.954: [DefNew: 959K->63K(960K), 0.0008853 secs] 412711K->411997K(524224K), 0.0009178 secs] [Times: user=0.00 sys=0.00, real=0.00 secs] 
5.959: [GC (Allocation Failure) 5.959: [DefNew: 959K->64K(960K), 0.0008951 secs] 412957K->412268K(524224K), 0.0009345 secs] [Times: user=0.00 sys=0.00, real=0.00 secs] 
5.963: [GC (Allocation Failure) 5.963: [DefNew: 960K->63K(960K), 0.0033614 secs] 413230K->412548K(524224K), 0.0034824 secs] [Times: user=0.02 sys=0.00, real=0.00 secs] 
5.970: [GC (Allocation Failure) 5.970: [DefNew: 959K->64K(960K), 0.0071861 secs] 413452K->413379K(524224K), 0.0073484 secs] [Times: user=0.00 sys=0.00, real=0.01 secs] 
5.980: [GC (Allocation Failure) 5.980: [DefNew: 960K->63K(960K), 0.0059882 secs] 414300K->414021K(524224K), 0.0060958 secs] [Times: user=0.02 sys=0.00, real=0.01 secs] 
5.988: [GC (Allocation Failure) 5.988: [DefNew: 959K->63K(960K), 0.0040992 secs] 414925K->414502K(524224K), 0.0041888 secs] [Times: user=0.00 sys=0.00, real=0.00 secs] 
5.996: [GC (Allocation Failure) 5.996: [DefNew: 959K->64K(960K), 0.0022892 secs] 415403K->414869K(524224K), 0.0023457 secs] [Times: user=0.01 sys=0.00, real=0.00 secs] 
6.002: [GC (Allocation Failure) 6.002: [DefNew: 960K->63K(960K), 0.0010936 secs] 415780K->415147K(524224K), 0.0013612 secs] [Times: user=0.00 sys=0.00, real=0.00 secs] 
6.007: [GC (Allocation Failure) 6.007: [DefNew: 959K->63K(960K), 0.0008974 secs] 416102K->415368K(524224K), 0.0009261 secs] [Times: user=0.00 sys=0.00, real=0.00 secs] 
6.011: [GC (Allocation Failure) 6.011: [DefNew: 959K->63K(960K), 0.0008835 secs] 416312K->415612K(524224K), 0.0009183 secs] [Times: user=0.02 sys=0.00, real=0.00 secs] 
6.014: [GC (Allocation Failure) 6.014: [DefNew: 959K->63K(960K), 0.0014525 secs] 416548K->416044K(524224K), 0.0015137 secs] [Times: user=0.00 sys=0.00, real=0.00 secs] 
6.019: [GC (Allocation Failure) 6.019: [DefNew: 959K->63K(960K), 0.0011692 secs] 417002K->416284K(524224K), 0.0012072 secs] [Times: user=0.00 sys=0.00, real=0.00 secs] 
6.023: [GC (Allocation Failure) 6.023: [DefNew: 959K->63K(960K), 0.0009401 secs] 417249K->416526K(524224K), 0.0009841 secs] [Times: user=0.00 sys=0.00, real=0.00 secs] 
6.027: [GC (Allocation Failure) 6.027: [DefNew: 959K->63K(960K), 0.0008928 secs] 417484K->416763K(524224K), 0.0009326 secs] [Times: user=0.01 sys=0.00, real=0.00 secs] 
6.030: [GC (Allocation Failure) 6.030: [DefNew: 959K->63K(960K), 0.0007263 secs] 417732K->416985K(524224K), 0.0007522 secs] [Times: user=0.00 sys=0.00, real=0.00 secs] 
6.034: [GC (Allocation Failure) 6.034: [DefNew: 959K->64K(960K), 0.0009744 secs] 417938K->417242K(524224K), 0.0010337 secs] [Times: user=0.00 sys=0.00, real=0.00 secs] 
6.039: [GC (Allocation Failure) 6.039: [DefNew: 960K->63K(960K), 0.0008737 secs] 418201K->417513K(524224K), 0.0009043 secs] [Times: user=0.00 sys=0.00, real=0.00 secs] 
6.042: [GC (Allocation Failure) 6.042: [DefNew: 959K->63K(960K), 0.0009860 secs] 418476K->417747K(524224K), 0.0010412 secs] [Times: user=0.00 sys=0.00, real=0.00 secs] 
6.047: [GC (Allocation Failure) 6.047: [DefNew: 959K->64K(960K), 0.0008093 secs] 418706K->417989K(524224K), 0.0008506 secs] [Times: user=0.00 sys=0.00, real=0.00 secs] 
6.051: [GC (Allocation Failure) 6.051: [DefNew: 960K->63K(960K), 0.0007420 secs] 418950K->418216K(524224K), 0.0007680 secs] [Times: user=0.00 sys=0.00, real=0.00 secs] 
6.053: [GC (Allocation Failure) 6.053: [DefNew: 959K->63K(960K), 0.0007105 secs] 419183K->418445K(524224K), 0.0007360 secs] [Times: user=0.00 sys=0.00, real=0.00 secs] 
6.057: [GC (Allocation Failure) 6.057: [DefNew: 959K->64K(960K), 0.0010555 secs] 419398K->418695K(524224K), 0.0011144 secs] [Times: user=0.00 sys=0.00, real=0.00 secs] 
6.061: [GC (Allocation Failure) 6.061: [DefNew: 960K->63K(960K), 0.0009479 secs] 419648K->418947K(524224K), 0.0009832 secs] [Times: user=0.00 sys=0.00, real=0.00 secs] 
6.064: [GC (Allocation Failure) 6.064: [DefNew: 959K->64K(960K), 0.0008376 secs] 419912K->419185K(524224K), 0.0008700 secs] [Times: user=0.00 sys=0.00, real=0.00 secs] 
6.068: [GC (Allocation Failure) 6.068: [DefNew: 960K->64K(960K), 0.0009011 secs] 420143K->419441K(524224K), 0.0009466 secs] [Times: user=0.00 sys=0.00, real=0.00 secs] 
6.072: [GC (Allocation Failure) 6.072: [DefNew: 960K->63K(960K), 0.0009461 secs] 420404K->419681K(524224K), 0.0009980 secs] [Times: user=0.00 sys=0.00, real=0.00 secs] 
6.074: [GC (Allocation Failure) 6.074: [DefNew: 959K->64K(960K), 0.0008403 secs] 420648K->419913K(524224K), 0.0008826 secs] [Times: user=0.02 sys=0.00, real=0.00 secs] 
6.078: [GC (Allocation Failure) 6.078: [DefNew: 960K->63K(960K), 0.0009340 secs] 420869K->420159K(524224K), 0.0009781 secs] [Times: user=0.00 sys=0.00, real=0.00 secs] 
6.082: [GC (Allocation Failure) 6.082: [DefNew: 959K->63K(960K), 0.0012536 secs] 421076K->420539K(524224K), 0.0013009 secs] [Times: user=0.00 sys=0.00, real=0.00 secs] 
6.084: [GC (Allocation Failure) 6.084: [DefNew: 959K->63K(960K), 0.0009642 secs] 421501K->420780K(524224K), 0.0009934 secs] [Times: user=0.00 sys=0.00, real=0.00 secs] 
6.088: [GC (Allocation Failure) 6.088: [DefNew: 959K->63K(960K), 0.0009619 secs] 421713K->421080K(524224K), 0.0009980 secs] [Times: user=0.00 sys=0.00, real=0.00 secs] 
6.092: [GC (Allocation Failure) 6.092: [DefNew: 959K->63K(960K), 0.0009424 secs] 422034K->421335K(524224K), 0.0009753 secs] [Times: user=0.00 sys=0.00, real=0.00 secs] 
6.094: [GC (Allocation Failure) 6.095: [DefNew: 959K->64K(960K), 0.0008487 secs] 422299K->421568K(524224K), 0.0008863 secs] [Times: user=0.00 sys=0.00, real=0.00 secs] 
6.099: [GC (Allocation Failure) 6.099: [DefNew: 960K->63K(960K), 0.0008065 secs] 422537K->421801K(524224K), 0.0008339 secs] [Times: user=0.00 sys=0.00, real=0.00 secs] 
6.104: [GC (Allocation Failure) 6.104: [DefNew: 959K->63K(960K), 0.0010787 secs] 422762K->422123K(524224K), 0.0011441 secs] [Times: user=0.00 sys=0.00, real=0.00 secs] 
6.107: [GC (Allocation Failure) 6.107: [DefNew: 959K->64K(960K), 0.0009498 secs] 423081K->422367K(524224K), 0.0009860 secs] [Times: user=0.00 sys=0.00, real=0.00 secs] 
6.110: [GC (Allocation Failure) 6.110: [DefNew: 960K->63K(960K), 0.0008543 secs] 423333K->422611K(524224K), 0.0008904 secs] [Times: user=0.00 sys=0.00, real=0.00 secs] 
6.114: [GC (Allocation Failure) 6.114: [DefNew: 959K->64K(960K), 0.0009094 secs] 423572K->422882K(524224K), 0.0009438 secs] [Times: user=0.00 sys=0.00, real=0.00 secs] 
6.119: [GC (Allocation Failure) 6.119: [DefNew: 960K->63K(960K), 0.0007532 secs] 423848K->423110K(524224K), 0.0007791 secs] [Times: user=0.00 sys=0.00, real=0.00 secs] 
6.122: [GC (Allocation Failure) 6.122: [DefNew: 959K->63K(960K), 0.0012346 secs] 424065K->423354K(524224K), 0.0013250 secs] [Times: user=0.00 sys=0.00, real=0.00 secs] 
6.126: [GC (Allocation Failure) 6.126: [DefNew: 959K->63K(960K), 0.0010013 secs] 424303K->423617K(524224K), 0.0010509 secs] [Times: user=0.00 sys=0.00, real=0.00 secs] 
6.130: [GC (Allocation Failure) 6.130: [DefNew: 959K->63K(960K), 0.0008403 secs] 424582K->423851K(524224K), 0.0008686 secs] [Times: user=0.00 sys=0.00, real=0.00 secs] 
6.134: [GC (Allocation Failure) 6.134: [DefNew: 959K->63K(960K), 0.0007174 secs] 424812K->424083K(524224K), 0.0007434 secs] [Times: user=0.00 sys=0.00, real=0.00 secs] 
6.138: [GC (Allocation Failure) 6.138: [DefNew: 959K->63K(960K), 0.0009122 secs] 425040K->424331K(524224K), 0.0009530 secs] [Times: user=0.00 sys=0.00, real=0.00 secs] 
6.143: [GC (Allocation Failure) 6.143: [DefNew: 959K->63K(960K), 0.0008937 secs] 425289K->424573K(524224K), 0.0009354 secs] [Times: user=0.00 sys=0.00, real=0.00 secs] 
6.147: [GC (Allocation Failure) 6.147: [DefNew: 959K->63K(960K), 0.0012939 secs] 425505K->424956K(524224K), 0.0013551 secs] [Times: user=0.00 sys=0.00, real=0.00 secs] 
6.152: [GC (Allocation Failure) 6.152: [DefNew: 959K->64K(960K), 0.0010119 secs] 425919K->425194K(524224K), 0.0010509 secs] [Times: user=0.02 sys=0.00, real=0.00 secs] 
6.156: [GC (Allocation Failure) 6.156: [DefNew: 960K->63K(960K), 0.0009173 secs] 426146K->425445K(524224K), 0.0009461 secs] [Times: user=0.00 sys=0.00, real=0.00 secs] 
6.158: [GC (Allocation Failure) 6.159: [DefNew: 959K->63K(960K), 0.0007476 secs] 426411K->425675K(524224K), 0.0007754 secs] [Times: user=0.00 sys=0.00, real=0.00 secs] 
6.162: [GC (Allocation Failure) 6.162: [DefNew: 959K->63K(960K), 0.0007346 secs] 426643K->425909K(524224K), 0.0007624 secs] [Times: user=0.00 sys=0.00, real=0.00 secs] 
6.167: [GC (Allocation Failure) 6.167: [DefNew: 959K->64K(960K), 0.0013973 secs] 426867K->426158K(524224K), 0.0014604 secs] [Times: user=0.02 sys=0.00, real=0.00 secs] 
6.170: [GC (Allocation Failure) 6.170: [DefNew: 960K->64K(960K), 0.0009442 secs] 427113K->426406K(524224K), 0.0009744 secs] [Times: user=0.00 sys=0.00, real=0.00 secs] 
6.175: [GC (Allocation Failure) 6.175: [DefNew: 960K->64K(960K), 0.0008774 secs] 427365K->426648K(524224K), 0.0009150 secs] [Times: user=0.00 sys=0.00, real=0.00 secs] 
6.180: [GC (Allocation Failure) 6.180: [DefNew: 960K->63K(960K), 0.0008566 secs] 427608K->426889K(524224K), 0.0008863 secs] [Times: user=0.00 sys=0.00, real=0.00 secs] 
6.184: [GC (Allocation Failure) 6.184: [DefNew: 959K->63K(960K), 0.0006878 secs] 427859K->427113K(524224K), 0.0007123 secs] [Times: user=0.00 sys=0.00, real=0.00 secs] 
6.186: [GC (Allocation Failure) 6.186: [DefNew: 959K->64K(960K), 0.0007003 secs] 428077K->427342K(524224K), 0.0007277 secs] [Times: user=0.00 sys=0.00, real=0.00 secs] 
6.191: [GC (Allocation Failure) 6.191: [DefNew: 960K->64K(960K), 0.0014632 secs] 428299K->427592K(524224K), 0.0015290 secs] [Times: user=0.00 sys=0.00, real=0.00 secs] 
6.197: [GC (Allocation Failure) 6.197: [DefNew: 960K->63K(960K), 0.0009544 secs] 428546K->427844K(524224K), 0.0010008 secs] [Times: user=0.00 sys=0.00, real=0.00 secs] 
6.199: [GC (Allocation Failure) 6.199: [DefNew: 959K->63K(960K), 0.0008807 secs] 428805K->428084K(524224K), 0.0009285 secs] [Times: user=0.00 sys=0.00, real=0.00 secs] 
6.204: [GC (Allocation Failure) 6.204: [DefNew: 959K->63K(960K), 0.0008366 secs] 429051K->428312K(524224K), 0.0008682 secs] [Times: user=0.00 sys=0.00, real=0.00 secs] 
6.208: [GC (Allocation Failure) 6.208: [DefNew: 959K->64K(960K), 0.0010152 secs] 429277K->428550K(524224K), 0.0010630 secs] [Times: user=0.00 sys=0.00, real=0.00 secs] 
6.211: [GC (Allocation Failure) 6.211: [DefNew: 960K->63K(960K), 0.0009915 secs] 429514K->428788K(524224K), 0.0010393 secs] [Times: user=0.00 sys=0.00, real=0.00 secs] 
6.215: [GC (Allocation Failure) 6.215: [DefNew: 959K->63K(960K), 0.0013199 secs] 429704K->429217K(524224K), 0.0013723 secs] [Times: user=0.00 sys=0.00, real=0.00 secs] 
6.220: [GC (Allocation Failure) 6.220: [DefNew: 959K->63K(960K), 0.0011084 secs] 430174K->429463K(524224K), 0.0011376 secs] [Times: user=0.00 sys=0.00, real=0.00 secs] 
6.222: [GC (Allocation Failure) 6.222: [DefNew: 959K->63K(960K), 0.0007462 secs] 430429K->429691K(524224K), 0.0007805 secs] [Times: user=0.00 sys=0.00, real=0.00 secs] 
6.226: [GC (Allocation Failure) 6.226: [DefNew: 959K->63K(960K), 0.0007587 secs] 430644K->429937K(524224K), 0.0007889 secs] [Times: user=0.00 sys=0.00, real=0.00 secs] 
6.229: [GC (Allocation Failure) 6.229: [DefNew: 959K->63K(960K), 0.0007485 secs] 430906K->430165K(524224K), 0.0007754 secs] [Times: user=0.00 sys=0.00, real=0.00 secs] 
6.231: [GC (Allocation Failure) 6.231: [DefNew: 959K->63K(960K), 0.0006586 secs] 431132K->430397K(524224K), 0.0006850 secs] [Times: user=0.00 sys=0.00, real=0.00 secs] 
6.235: [GC (Allocation Failure) 6.235: [DefNew: 959K->63K(960K), 0.0014521 secs] 431344K->430673K(524224K), 0.0015202 secs] [Times: user=0.00 sys=0.00, real=0.00 secs] 
6.240: [GC (Allocation Failure) 6.240: [DefNew: 959K->64K(960K), 0.0010268 secs] 431629K->430920K(524224K), 0.0010620 secs] [Times: user=0.00 sys=0.00, real=0.00 secs] 
6.243: [GC (Allocation Failure) 6.243: [DefNew: 960K->64K(960K), 0.0008997 secs] 431881K->431159K(524224K), 0.0009299 secs] [Times: user=0.00 sys=0.00, real=0.00 secs] 
6.247: [GC (Allocation Failure) 6.247: [DefNew: 960K->64K(960K), 0.0008566 secs] 432122K->431398K(524224K), 0.0008858 secs] [Times: user=0.00 sys=0.00, real=0.00 secs] 
6.252: [GC (Allocation Failure) 6.252: [DefNew: 960K->63K(960K), 0.0008802 secs] 432359K->431647K(524224K), 0.0009127 secs] [Times: user=0.00 sys=0.00, real=0.00 secs] 
6.256: [GC (Allocation Failure) 6.256: [DefNew: 959K->63K(960K), 0.0017150 secs] 432614K->431875K(524224K), 0.0017716 secs] [Times: user=0.00 sys=0.00, real=0.00 secs] 
6.260: [GC (Allocation Failure) 6.260: [DefNew: 959K->64K(960K), 0.0008478 secs] 432839K->432117K(524224K), 0.0008774 secs] [Times: user=0.00 sys=0.00, real=0.00 secs] 
6.265: [GC (Allocation Failure) 6.265: [DefNew: 960K->63K(960K), 0.0007861 secs] 433075K->432355K(524224K), 0.0008167 secs] [Times: user=0.00 sys=0.00, real=0.00 secs] 
6.269: [GC (Allocation Failure) 6.269: [DefNew: 959K->63K(960K), 0.0008000 secs] 433320K->432590K(524224K), 0.0008278 secs] [Times: user=0.00 sys=0.00, real=0.00 secs] 
6.271: [GC (Allocation Failure) 6.271: [DefNew: 959K->63K(960K), 0.0008654 secs] 433553K->432829K(524224K), 0.0009108 secs] [Times: user=0.00 sys=0.00, real=0.00 secs] 
6.275: [GC (Allocation Failure) 6.275: [DefNew: 959K->64K(960K), 0.0009651 secs] 433787K->433068K(524224K), 0.0010198 secs] [Times: user=0.00 sys=0.00, real=0.00 secs] 
6.279: [GC (Allocation Failure) 6.279: [DefNew: 960K->63K(960K), 0.0018161 secs] 434025K->433327K(524224K), 0.0018963 secs] [Times: user=0.00 sys=0.00, real=0.00 secs] 
6.283: [GC (Allocation Failure) 6.283: [DefNew: 959K->63K(960K), 0.0009192 secs] 434278K->433586K(524224K), 0.0009619 secs] [Times: user=0.00 sys=0.00, real=0.00 secs] 
6.288: [GC (Allocation Failure) 6.288: [DefNew: 959K->63K(960K), 0.0008900 secs] 434539K->433844K(524224K), 0.0009308 secs] [Times: user=0.00 sys=0.00, real=0.00 secs] 
6.292: [GC (Allocation Failure) 6.292: [DefNew: 959K->63K(960K), 0.0008269 secs] 434805K->434083K(524224K), 0.0008682 secs] [Times: user=0.00 sys=0.01, real=0.00 secs] 
6.294: [GC (Allocation Failure) 6.294: [DefNew: 959K->64K(960K), 0.0008042 secs] 435047K->434317K(524224K), 0.0008306 secs] [Times: user=0.00 sys=0.00, real=0.00 secs] 
6.298: [GC (Allocation Failure) 6.298: [DefNew: 960K->63K(960K), 0.0007963 secs] 435275K->434562K(524224K), 0.0008241 secs] [Times: user=0.00 sys=0.00, real=0.00 secs] 
6.302: [GC (Allocation Failure) 6.302: [DefNew: 959K->64K(960K), 0.0011028 secs] 435528K->434795K(524224K), 0.0011478 secs] [Times: user=0.00 sys=0.00, real=0.00 secs] 
6.305: [GC (Allocation Failure) 6.305: [DefNew: 960K->63K(960K), 0.0010370 secs] 435739K->435089K(524224K), 0.0010848 secs] [Times: user=0.00 sys=0.00, real=0.00 secs] 
6.308: [GC (Allocation Failure) 6.308: [DefNew: 959K->64K(960K), 0.0010398 secs] 436034K->435360K(524224K), 0.0010871 secs] [Times: user=0.02 sys=0.00, real=0.00 secs] 
6.313: [GC (Allocation Failure) 6.313: [DefNew: 960K->64K(960K), 0.0009248 secs] 436321K->435593K(524224K), 0.0009660 secs] [Times: user=0.00 sys=0.00, real=0.00 secs] 
6.318: [GC (Allocation Failure) 6.318: [DefNew: 960K->64K(960K), 0.0008213 secs] 436553K->435836K(524224K), 0.0008575 secs] [Times: user=0.00 sys=0.00, real=0.00 secs] 
6.321: [GC (Allocation Failure) 6.321: [DefNew: 960K->63K(960K), 0.0007981 secs] 436801K->436065K(524224K), 0.0008246 secs] [Times: user=0.00 sys=0.00, real=0.00 secs] 
6.325: [GC (Allocation Failure) 6.325: [DefNew: 959K->64K(960K), 0.0012151 secs] 436999K->436349K(524224K), 0.0012930 secs] [Times: user=0.00 sys=0.00, real=0.00 secs] 
6.330: [GC (Allocation Failure) 6.330: [DefNew: 960K->64K(960K), 0.0009767 secs] 437301K->436609K(524224K), 0.0010138 secs] [Times: user=0.00 sys=0.00, real=0.00 secs] 
6.332: [GC (Allocation Failure) 6.332: [DefNew: 960K->63K(960K), 0.0008357 secs] 437572K->436850K(524224K), 0.0008635 secs] [Times: user=0.00 sys=0.00, real=0.00 secs] 
6.337: [GC (Allocation Failure) 6.337: [DefNew: 959K->64K(960K), 0.0008900 secs] 437815K->437086K(524224K), 0.0009363 secs] [Times: user=0.00 sys=0.00, real=0.00 secs] 
6.341: [GC (Allocation Failure) 6.341: [DefNew: 960K->64K(960K), 0.0008339 secs] 438050K->437325K(524224K), 0.0008756 secs] [Times: user=0.00 sys=0.00, real=0.00 secs] 
6.344: [GC (Allocation Failure) 6.344: [DefNew: 960K->63K(960K), 0.0049169 secs] 438269K->437808K(524224K), 0.0050537 secs] [Times: user=0.00 sys=0.00, real=0.01 secs] 
6.353: [GC (Allocation Failure) 6.353: [DefNew: 959K->63K(960K), 0.0071091 secs] 438725K->438590K(524224K), 0.0072339 secs] [Times: user=0.02 sys=0.00, real=0.01 secs] 
6.363: [GC (Allocation Failure) 6.363: [DefNew: 959K->63K(960K), 0.0051627 secs] 439529K->439299K(524224K), 0.0053454 secs] [Times: user=0.00 sys=0.00, real=0.01 secs] 
6.371: [GC (Allocation Failure) 6.371: [DefNew: 959K->64K(960K), 0.0034031 secs] 440195K->439757K(524224K), 0.0034741 secs] [Times: user=0.01 sys=0.00, real=0.00 secs] 
6.378: [GC (Allocation Failure) 6.378: [DefNew: 960K->63K(960K), 0.0011562 secs] 440694K->440023K(524224K), 0.0011868 secs] [Times: user=0.00 sys=0.00, real=0.00 secs] 
6.381: [GC (Allocation Failure) 6.381: [DefNew: 959K->63K(960K), 0.0007587 secs] 440982K->440244K(524224K), 0.0007856 secs] [Times: user=0.00 sys=0.00, real=0.00 secs] 
6.386: [GC (Allocation Failure) 6.386: [DefNew: 959K->63K(960K), 0.0007838 secs] 441204K->440515K(524224K), 0.0008102 secs] [Times: user=0.02 sys=0.00, real=0.00 secs] 
6.390: [GC (Allocation Failure) 6.390: [DefNew: 959K->63K(960K), 0.0009057 secs] 441477K->440746K(524224K), 0.0009572 secs] [Times: user=0.00 sys=0.00, real=0.00 secs] 
6.393: [GC (Allocation Failure) 6.393: [DefNew: 959K->63K(960K), 0.0011905 secs] 441684K->441124K(524224K), 0.0012397 secs] [Times: user=0.00 sys=0.00, real=0.00 secs] 
6.397: [GC (Allocation Failure) 6.397: [DefNew: 959K->63K(960K), 0.0010541 secs] 442085K->441393K(524224K), 0.0010829 secs] [Times: user=0.00 sys=0.00, real=0.00 secs] 
6.400: [GC (Allocation Failure) 6.400: [DefNew: 959K->63K(960K), 0.0009507 secs] 442344K->441645K(524224K), 0.0009980 secs] [Times: user=0.00 sys=0.00, real=0.00 secs] 
6.402: [GC (Allocation Failure) 6.402: [DefNew: 959K->64K(960K), 0.0008900 secs] 442610K->441877K(524224K), 0.0009359 secs] [Times: user=0.01 sys=0.00, real=0.00 secs] 
6.405: [GC (Allocation Failure) 6.405: [DefNew: 960K->63K(960K), 0.0008872 secs] 442831K->442124K(524224K), 0.0009452 secs] [Times: user=0.00 sys=0.00, real=0.00 secs] 
6.409: [GC (Allocation Failure) 6.409: [DefNew: 959K->64K(960K), 0.0009373 secs] 443082K->442371K(524224K), 0.0009855 secs] [Times: user=0.00 sys=0.00, real=0.00 secs] 
6.412: [GC (Allocation Failure) 6.412: [DefNew: 960K->64K(960K), 0.0007963 secs] 443335K->442609K(524224K), 0.0008250 secs] [Times: user=0.00 sys=0.00, real=0.00 secs] 
6.417: [GC (Allocation Failure) 6.417: [DefNew: 960K->63K(960K), 0.0010722 secs] 443547K->442912K(524224K), 0.0011353 secs] [Times: user=0.00 sys=0.00, real=0.00 secs] 
6.422: [GC (Allocation Failure) 6.422: [DefNew: 959K->63K(960K), 0.0010778 secs] 443858K->443195K(524224K), 0.0011219 secs] [Times: user=0.00 sys=0.00, real=0.00 secs] 
6.425: [GC (Allocation Failure) 6.425: [DefNew: 959K->63K(960K), 0.0010101 secs] 444153K->443440K(524224K), 0.0010583 secs] [Times: user=0.00 sys=0.00, real=0.00 secs] 
6.429: [GC (Allocation Failure) 6.429: [DefNew: 959K->63K(960K), 0.0009081 secs] 444401K->443714K(524224K), 0.0009368 secs] [Times: user=0.00 sys=0.00, real=0.00 secs] 
6.433: [GC (Allocation Failure) 6.433: [DefNew: 959K->64K(960K), 0.0008334 secs] 444675K->443955K(524224K), 0.0008617 secs] [Times: user=0.02 sys=0.00, real=0.00 secs] 
6.435: [GC (Allocation Failure) 6.435: [DefNew: 960K->64K(960K), 0.0008863 secs] 444919K->444189K(524224K), 0.0009229 secs] [Times: user=0.00 sys=0.00, real=0.00 secs] 
6.439: [GC (Allocation Failure) 6.439: [DefNew: 960K->63K(960K), 0.0009257 secs] 445137K->444444K(524224K), 0.0009702 secs] [Times: user=0.00 sys=0.00, real=0.00 secs] 
6.444: [GC (Allocation Failure) 6.444: [DefNew: 959K->63K(960K), 0.0008519 secs] 445409K->444674K(524224K), 0.0008821 secs] [Times: user=0.00 sys=0.00, real=0.00 secs] 
6.448: [GC (Allocation Failure) 6.448: [DefNew: 959K->63K(960K), 0.0009442 secs] 445634K->444913K(524224K), 0.0009920 secs] [Times: user=0.00 sys=0.00, real=0.00 secs] 
6.450: [GC (Allocation Failure) 6.450: [DefNew: 959K->64K(960K), 0.0009466 secs] 445872K->445153K(524224K), 0.0009990 secs] [Times: user=0.00 sys=0.00, real=0.00 secs] 
6.455: [GC (Allocation Failure) 6.455: [DefNew: 960K->63K(960K), 0.0008301 secs] 446114K->445407K(524224K), 0.0008589 secs] [Times: user=0.00 sys=0.00, real=0.00 secs] 
6.459: [GC (Allocation Failure) 6.459: [DefNew: 959K->63K(960K), 0.0013732 secs] 446374K->445643K(524224K), 0.0014470 secs] [Times: user=0.00 sys=0.00, real=0.00 secs] 
6.462: [GC (Allocation Failure) 6.462: [DefNew: 959K->63K(960K), 0.0008751 secs] 446604K->445885K(524224K), 0.0009224 secs] [Times: user=0.00 sys=0.00, real=0.00 secs] 
6.465: [GC (Allocation Failure) 6.465: [DefNew: 959K->64K(960K), 0.0008826 secs] 446851K->446118K(524224K), 0.0009322 secs] [Times: user=0.00 sys=0.00, real=0.00 secs] 
6.468: [GC (Allocation Failure) 6.469: [DefNew: 960K->63K(960K), 0.0008802 secs] 447083K->446354K(524224K), 0.0009234 secs] [Times: user=0.00 sys=0.00, real=0.00 secs] 
6.472: [GC (Allocation Failure) 6.472: [DefNew: 959K->63K(960K), 0.0008877 secs] 447317K->446585K(524224K), 0.0009210 secs] [Times: user=0.00 sys=0.00, real=0.00 secs] 
6.476: [GC (Allocation Failure) 6.476: [DefNew: 959K->63K(960K), 0.0008533 secs] 447548K->446829K(524224K), 0.0008844 secs] [Times: user=0.00 sys=0.00, real=0.00 secs] 
6.480: [GC (Allocation Failure) 6.480: [DefNew: 959K->64K(960K), 0.0013259 secs] 447786K->447072K(524224K), 0.0013964 secs] [Times: user=0.02 sys=0.00, real=0.00 secs] 
6.483: [GC (Allocation Failure) 6.483: [DefNew: 960K->64K(960K), 0.0009289 secs] 448031K->447319K(524224K), 0.0009609 secs] [Times: user=0.00 sys=0.00, real=0.00 secs] 
6.487: [GC (Allocation Failure) 6.487: [DefNew: 960K->63K(960K), 0.0009952 secs] 448272K->447580K(524224K), 0.0010388 secs] [Times: user=0.00 sys=0.00, real=0.00 secs] 
6.492: [GC (Allocation Failure) 6.492: [DefNew: 959K->63K(960K), 0.0009952 secs] 448535K->447837K(524224K), 0.0010477 secs] [Times: user=0.00 sys=0.00, real=0.00 secs] 
6.496: [GC (Allocation Failure) 6.496: [DefNew: 959K->63K(960K), 0.0008417 secs] 448797K->448081K(524224K), 0.0008719 secs] [Times: user=0.00 sys=0.00, real=0.00 secs] 
6.499: [GC (Allocation Failure) 6.499: [DefNew: 959K->64K(960K), 0.0008853 secs] 449039K->448327K(524224K), 0.0009229 secs] [Times: user=0.00 sys=0.00, real=0.00 secs] 
6.504: [GC (Allocation Failure) 6.504: [DefNew: 960K->64K(960K), 0.0010894 secs] 449291K->448565K(524224K), 0.0011381 secs] [Times: user=0.00 sys=0.00, real=0.00 secs] 
6.510: [GC (Allocation Failure) 6.510: [DefNew: 960K->63K(960K), 0.0011719 secs] 449490K->448919K(524224K), 0.0012206 secs] [Times: user=0.00 sys=0.00, real=0.00 secs] 
6.513: [GC (Allocation Failure) 6.513: [DefNew: 959K->63K(960K), 0.0010968 secs] 449877K->449166K(524224K), 0.0011464 secs] [Times: user=0.00 sys=0.00, real=0.00 secs] 
6.517: [GC (Allocation Failure) 6.517: [DefNew: 959K->63K(960K), 0.0008046 secs] 450132K->449406K(524224K), 0.0008352 secs] [Times: user=0.00 sys=0.00, real=0.00 secs] 
6.522: [GC (Allocation Failure) 6.522: [DefNew: 959K->64K(960K), 0.0006646 secs] 450377K->449633K(524224K), 0.0006896 secs] [Times: user=0.00 sys=0.00, real=0.00 secs] 
6.526: [GC (Allocation Failure) 6.526: [DefNew: 960K->63K(960K), 0.0012717 secs] 450577K->449935K(524224K), 0.0013403 secs] [Times: user=0.00 sys=0.00, real=0.00 secs] 
6.530: [GC (Allocation Failure) 6.530: [DefNew: 959K->63K(960K), 0.0008529 secs] 450898K->450175K(524224K), 0.0009303 secs] [Times: user=0.00 sys=0.00, real=0.00 secs] 
6.534: [GC (Allocation Failure) 6.534: [DefNew: 959K->64K(960K), 0.0007249 secs] 451141K->450409K(524224K), 0.0007508 secs] [Times: user=0.00 sys=0.00, real=0.00 secs] 
6.536: [GC (Allocation Failure) 6.536: [DefNew: 960K->64K(960K), 0.0007082 secs] 451377K->450644K(524224K), 0.0007337 secs] [Times: user=0.00 sys=0.00, real=0.00 secs] 
6.541: [GC (Allocation Failure) 6.541: [DefNew: 960K->63K(960K), 0.0007406 secs] 451608K->450873K(524224K), 0.0007685 secs] [Times: user=0.00 sys=0.00, real=0.00 secs] 
6.546: [GC (Allocation Failure) 6.546: [DefNew: 959K->63K(960K), 0.0007212 secs] 451835K->451110K(524224K), 0.0007485 secs] [Times: user=0.00 sys=0.00, real=0.00 secs] 
6.549: [GC (Allocation Failure) 6.549: [DefNew: 959K->64K(960K), 0.0014437 secs] 452062K->451361K(524224K), 0.0015133 secs] [Times: user=0.00 sys=0.00, real=0.00 secs] 
6.553: [GC (Allocation Failure) 6.553: [DefNew: 960K->63K(960K), 0.0009303 secs] 452322K->451600K(524224K), 0.0009646 secs] [Times: user=0.00 sys=0.00, real=0.00 secs] 
6.557: [GC (Allocation Failure) 6.557: [DefNew: 959K->63K(960K), 0.0009716 secs] 452548K->451862K(524224K), 0.0010087 secs] [Times: user=0.00 sys=0.00, real=0.00 secs] 
6.560: [GC (Allocation Failure) 6.560: [DefNew: 959K->63K(960K), 0.0010064 secs] 452814K->452119K(524224K), 0.0010453 secs] [Times: user=0.00 sys=0.00, real=0.00 secs] 
6.565: [GC (Allocation Failure) 6.565: [DefNew: 959K->63K(960K), 0.0009006 secs] 453073K->452376K(524224K), 0.0009410 secs] [Times: user=0.00 sys=0.00, real=0.00 secs] 
6.569: [GC (Allocation Failure) 6.569: [DefNew: 959K->63K(960K), 0.0012397 secs] 453340K->452613K(524224K), 0.0012870 secs] [Times: user=0.00 sys=0.00, real=0.00 secs] 
6.572: [GC (Allocation Failure) 6.572: [DefNew: 959K->63K(960K), 0.0009530 secs] 453561K->452867K(524224K), 0.0009925 secs] [Times: user=0.00 sys=0.00, real=0.00 secs] 
6.577: [GC (Allocation Failure) 6.577: [DefNew: 959K->64K(960K), 0.0009090 secs] 453828K->453105K(524224K), 0.0009428 secs] [Times: user=0.00 sys=0.00, real=0.00 secs] 
6.581: [GC (Allocation Failure) 6.581: [DefNew: 960K->63K(960K), 0.0007754 secs] 454072K->453336K(524224K), 0.0008014 secs] [Times: user=0.00 sys=0.00, real=0.00 secs] 
6.585: [GC (Allocation Failure) 6.585: [DefNew: 959K->63K(960K), 0.0028652 secs] 454302K->453581K(524224K), 0.0029848 secs] [Times: user=0.00 sys=0.00, real=0.00 secs] 
6.590: [GC (Allocation Failure) 6.591: [DefNew: 959K->64K(960K), 0.0071559 secs] 454501K->454360K(524224K), 0.0073252 secs] [Times: user=0.00 sys=0.00, real=0.01 secs] 
6.601: [GC (Allocation Failure) 6.601: [DefNew: 960K->63K(960K), 0.0070599 secs] 455277K->455153K(524224K), 0.0071866 secs] [Times: user=0.02 sys=0.00, real=0.01 secs] 
6.611: [GC (Allocation Failure) 6.611: [DefNew: 959K->63K(960K), 0.0017878 secs] 456090K->455550K(524224K), 0.0018198 secs] [Times: user=0.00 sys=0.00, real=0.00 secs] 
6.617: [GC (Allocation Failure) 6.617: [DefNew: 959K->63K(960K), 0.0016362 secs] 456504K->455900K(524224K), 0.0017141 secs] [Times: user=0.00 sys=0.00, real=0.00 secs] 
6.622: [GC (Allocation Failure) 6.622: [DefNew: 959K->64K(960K), 0.0009452 secs] 456863K->456132K(524224K), 0.0009734 secs] [Times: user=0.00 sys=0.00, real=0.00 secs] 
6.625: [GC (Allocation Failure) 6.625: [DefNew: 960K->63K(960K), 0.0007898 secs] 457099K->456364K(524224K), 0.0008325 secs] [Times: user=0.00 sys=0.00, real=0.00 secs] 
6.630: [GC (Allocation Failure) 6.630: [DefNew: 959K->63K(960K), 0.0009085 secs] 457327K->456602K(524224K), 0.0009507 secs] [Times: user=0.00 sys=0.00, real=0.00 secs] 
6.634: [GC (Allocation Failure) 6.634: [DefNew: 959K->63K(960K), 0.0009178 secs] 457563K->456845K(524224K), 0.0009600 secs] [Times: user=0.00 sys=0.00, real=0.00 secs] 
6.636: [GC (Allocation Failure) 6.636: [DefNew: 959K->63K(960K), 0.0008060 secs] 457803K->457087K(524224K), 0.0008325 secs] [Times: user=0.02 sys=0.00, real=0.00 secs] 
6.641: [GC (Allocation Failure) 6.641: [DefNew: 959K->63K(960K), 0.0012067 secs] 458012K->457465K(524224K), 0.0012605 secs] [Times: user=0.00 sys=0.00, real=0.00 secs] 
6.645: [GC (Allocation Failure) 6.645: [DefNew: 959K->63K(960K), 0.0010208 secs] 458428K->457703K(524224K), 0.0010504 secs] [Times: user=0.00 sys=0.00, real=0.00 secs] 
6.648: [GC (Allocation Failure) 6.648: [DefNew: 959K->63K(960K), 0.0007717 secs] 458671K->457929K(524224K), 0.0007991 secs] [Times: user=0.00 sys=0.00, real=0.00 secs] 
6.651: [GC (Allocation Failure) 6.651: [DefNew: 959K->63K(960K), 0.0007420 secs] 458895K->458168K(524224K), 0.0007680 secs] [Times: user=0.00 sys=0.00, real=0.00 secs] 
6.656: [GC (Allocation Failure) 6.656: [DefNew: 959K->63K(960K), 0.0007675 secs] 459135K->458403K(524224K), 0.0007972 secs] [Times: user=0.00 sys=0.00, real=0.00 secs] 
6.661: [GC (Allocation Failure) 6.661: [DefNew: 959K->64K(960K), 0.0009697 secs] 459355K->458660K(524224K), 0.0010203 secs] [Times: user=0.00 sys=0.00, real=0.00 secs] 
6.663: [GC (Allocation Failure) 6.663: [DefNew: 960K->63K(960K), 0.0007578 secs] 459626K->458895K(524224K), 0.0007814 secs] [Times: user=0.00 sys=0.00, real=0.00 secs] 
6.666: [GC (Allocation Failure) 6.666: [DefNew: 959K->64K(960K), 0.0007476 secs] 459860K->459126K(524224K), 0.0007736 secs] [Times: user=0.00 sys=0.00, real=0.00 secs] 
6.671: [GC (Allocation Failure) 6.671: [DefNew: 960K->64K(960K), 0.0007898 secs] 460089K->459363K(524224K), 0.0008199 secs] [Times: user=0.00 sys=0.00, real=0.00 secs] 
6.674: [GC (Allocation Failure) 6.674: [DefNew: 960K->63K(960K), 0.0008659 secs] 460329K->459600K(524224K), 0.0008979 secs] [Times: user=0.00 sys=0.00, real=0.00 secs] 
6.678: [GC (Allocation Failure) 6.678: [DefNew: 959K->64K(960K), 0.0007573 secs] 460564K->459828K(524224K), 0.0007842 secs] [Times: user=0.00 sys=0.00, real=0.00 secs] 
6.682: [GC (Allocation Failure) 6.683: [DefNew: 960K->63K(960K), 0.0010198 secs] 460789K->460115K(524224K), 0.0010699 secs] [Times: user=0.00 sys=0.00, real=0.00 secs] 
6.685: [GC (Allocation Failure) 6.685: [DefNew: 959K->64K(960K), 0.0009187 secs] 461071K->460367K(524224K), 0.0009456 secs] [Times: user=0.00 sys=0.00, real=0.00 secs] 
6.690: [GC (Allocation Failure) 6.690: [DefNew: 960K->63K(960K), 0.0009823 secs] 461329K->460609K(524224K), 0.0010310 secs] [Times: user=0.00 sys=0.00, real=0.00 secs] 
6.694: [GC (Allocation Failure) 6.694: [DefNew: 959K->63K(960K), 0.0010639 secs] 461566K->460895K(524224K), 0.0011047 secs] [Times: user=0.00 sys=0.00, real=0.00 secs] 
6.697: [GC (Allocation Failure) 6.697: [DefNew: 959K->63K(960K), 0.0010045 secs] 461862K->461132K(524224K), 0.0010453 secs] [Times: user=0.00 sys=0.00, real=0.00 secs] 
6.702: [GC (Allocation Failure) 6.702: [DefNew: 959K->63K(960K), 0.0009503 secs] 462075K->461413K(524224K), 0.0009948 secs] [Times: user=0.00 sys=0.00, real=0.00 secs] 
6.707: [GC (Allocation Failure) 6.707: [DefNew: 959K->63K(960K), 0.0012304 secs] 462336K->461782K(524224K), 0.0012740 secs] [Times: user=0.00 sys=0.00, real=0.00 secs] 
6.709: [GC (Allocation Failure) 6.709: [DefNew: 959K->63K(960K), 0.0010681 secs] 462744K->462027K(524224K), 0.0010968 secs] [Times: user=0.00 sys=0.00, real=0.00 secs] 
6.713: [GC (Allocation Failure) 6.713: [DefNew: 959K->63K(960K), 0.0008009 secs] 462995K->462256K(524224K), 0.0008269 secs] [Times: user=0.00 sys=0.00, real=0.00 secs] 
6.718: [GC (Allocation Failure) 6.718: [DefNew: 959K->63K(960K), 0.0007866 secs] 463222K->462492K(524224K), 0.0008186 secs] [Times: user=0.00 sys=0.00, real=0.00 secs] 
6.723: [GC (Allocation Failure) 6.723: [DefNew: 959K->64K(960K), 0.0008283 secs] 463456K->462722K(524224K), 0.0008626 secs] [Times: user=0.00 sys=0.00, real=0.00 secs] 
6.725: [GC (Allocation Failure) 6.725: [DefNew: 960K->63K(960K), 0.0008399 secs] 463676K->462992K(524224K), 0.0008700 secs] [Times: user=0.00 sys=0.00, real=0.00 secs] 
6.729: [GC (Allocation Failure) 6.729: [DefNew: 959K->63K(960K), 0.0009331 secs] 463939K->463259K(524224K), 0.0009795 secs] [Times: user=0.00 sys=0.00, real=0.00 secs] 
6.734: [GC (Allocation Failure) 6.734: [DefNew: 959K->63K(960K), 0.0008209 secs] 464224K->463496K(524224K), 0.0008506 secs] [Times: user=0.00 sys=0.00, real=0.00 secs] 
6.737: [GC (Allocation Failure) 6.737: [DefNew: 959K->63K(960K), 0.0008408 secs] 464458K->463731K(524224K), 0.0008696 secs] [Times: user=0.00 sys=0.00, real=0.00 secs] 
6.741: [GC (Allocation Failure) 6.741: [DefNew: 959K->63K(960K), 0.0009108 secs] 464688K->464009K(524224K), 0.0009405 secs] [Times: user=0.00 sys=0.00, real=0.00 secs] 
6.745: [GC (Allocation Failure) 6.745: [DefNew: 959K->63K(960K), 0.0010393 secs] 464967K->464255K(524224K), 0.0010954 secs] [Times: user=0.02 sys=0.00, real=0.00 secs] 
6.748: [GC (Allocation Failure) 6.748: [DefNew: 959K->63K(960K), 0.0009744 secs] 465219K->464492K(524224K), 0.0010282 secs] [Times: user=0.00 sys=0.00, real=0.00 secs] 
6.753: [GC (Allocation Failure) 6.753: [DefNew: 959K->63K(960K), 0.0009619 secs] 465431K->464772K(524224K), 0.0010059 secs] [Times: user=0.00 sys=0.00, real=0.00 secs] 
6.757: [GC (Allocation Failure) 6.757: [DefNew: 959K->64K(960K), 0.0008932 secs] 465735K->465005K(524224K), 0.0009220 secs] [Times: user=0.00 sys=0.00, real=0.00 secs] 
6.759: [GC (Allocation Failure) 6.759: [DefNew: 960K->63K(960K), 0.0008186 secs] 465970K->465237K(524224K), 0.0008501 secs] [Times: user=0.00 sys=0.00, real=0.00 secs] 
6.763: [GC (Allocation Failure) 6.763: [DefNew: 959K->63K(960K), 0.0008835 secs] 466197K->465479K(524224K), 0.0009336 secs] [Times: user=0.00 sys=0.00, real=0.00 secs] 
6.767: [GC (Allocation Failure) 6.767: [DefNew: 959K->63K(960K), 0.0007926 secs] 466441K->465718K(524224K), 0.0008241 secs] [Times: user=0.00 sys=0.00, real=0.00 secs] 
6.770: [GC (Allocation Failure) 6.770: [DefNew: 959K->64K(960K), 0.0008218 secs] 466685K->465943K(524224K), 0.0008626 secs] [Times: user=0.00 sys=0.00, real=0.00 secs] 
6.774: [GC (Allocation Failure) 6.774: [DefNew: 960K->63K(960K), 0.0011232 secs] 466869K->466367K(524224K), 0.0011682 secs] [Times: user=0.00 sys=0.00, real=0.00 secs] 
6.777: [GC (Allocation Failure) 6.777: [DefNew: 959K->63K(960K), 0.0009948 secs] 467332K->466601K(524224K), 0.0010217 secs] [Times: user=0.00 sys=0.00, real=0.00 secs] 
6.779: [GC (Allocation Failure) 6.779: [DefNew: 959K->64K(960K), 0.0009799 secs] 467560K->466847K(524224K), 0.0010365 secs] [Times: user=0.00 sys=0.00, real=0.00 secs] 
6.783: [GC (Allocation Failure) 6.783: [DefNew: 960K->64K(960K), 0.0007819 secs] 467809K->467084K(524224K), 0.0008093 secs] [Times: user=0.00 sys=0.00, real=0.00 secs] 
6.787: [GC (Allocation Failure) 6.787: [DefNew: 960K->63K(960K), 0.0007930 secs] 468046K->467317K(524224K), 0.0008209 secs] [Times: user=0.00 sys=0.00, real=0.00 secs] 
6.790: [GC (Allocation Failure) 6.790: [DefNew: 959K->64K(960K), 0.0008645 secs] 468283K->467578K(524224K), 0.0008937 secs] [Times: user=0.00 sys=0.00, real=0.00 secs] 
6.794: [GC (Allocation Failure) 6.794: [DefNew: 960K->63K(960K), 0.0016742 secs] 468535K->467832K(524224K), 0.0017637 secs] [Times: user=0.00 sys=0.00, real=0.00 secs] 
6.799: [GC (Allocation Failure) 6.799: [DefNew: 959K->63K(960K), 0.0009665 secs] 468791K->468078K(524224K), 0.0010101 secs] [Times: user=0.00 sys=0.00, real=0.00 secs] 
6.804: [GC (Allocation Failure) 6.804: [DefNew: 959K->64K(960K), 0.0009521 secs] 469033K->468325K(524224K), 0.0009980 secs] [Times: user=0.00 sys=0.00, real=0.00 secs] 
6.806: [GC (Allocation Failure) 6.806: [DefNew: 960K->63K(960K), 0.0009739 secs] 469271K->468591K(524224K), 0.0010041 secs] [Times: user=0.00 sys=0.00, real=0.00 secs] 
6.811: [GC (Allocation Failure) 6.811: [DefNew: 959K->63K(960K), 0.0009377 secs] 469551K->468832K(524224K), 0.0009799 secs] [Times: user=0.00 sys=0.00, real=0.00 secs] 
6.815: [GC (Allocation Failure) 6.815: [DefNew: 959K->63K(960K), 0.0009132 secs] 469793K->469105K(524224K), 0.0009424 secs] [Times: user=0.00 sys=0.00, real=0.00 secs] 
6.817: [GC (Allocation Failure) 6.817: [DefNew: 959K->64K(960K), 0.0009892 secs] 470061K->469355K(524224K), 0.0010407 secs] [Times: user=0.00 sys=0.00, real=0.00 secs] 
6.821: [GC (Allocation Failure) 6.821: [DefNew: 960K->63K(960K), 0.0013004 secs] 470291K->469795K(524224K), 0.0013500 secs] [Times: user=0.00 sys=0.00, real=0.00 secs] 
6.824: [GC (Allocation Failure) 6.824: [DefNew: 959K->64K(960K), 0.0011019 secs] 470755K->470037K(524224K), 0.0011464 secs] [Times: user=0.00 sys=0.00, real=0.00 secs] 
6.827: [GC (Allocation Failure) 6.827: [DefNew: 960K->64K(960K), 0.0008668 secs] 471001K->470269K(524224K), 0.0008946 secs] [Times: user=0.00 sys=0.00, real=0.00 secs] 
6.832: [GC (Allocation Failure) 6.832: [DefNew: 960K->64K(960K), 0.0008097 secs] 471228K->470504K(524224K), 0.0008473 secs] [Times: user=0.00 sys=0.00, real=0.00 secs] 
6.835: [GC (Allocation Failure) 6.835: [DefNew: 960K->63K(960K), 0.0008297 secs] 471468K->470772K(524224K), 0.0008557 secs] [Times: user=0.00 sys=0.00, real=0.00 secs] 
6.838: [GC (Allocation Failure) 6.838: [DefNew: 959K->63K(960K), 0.0011599 secs] 471715K->471159K(524224K), 0.0012137 secs] [Times: user=0.00 sys=0.00, real=0.00 secs] 
6.843: [GC (Allocation Failure) 6.843: [DefNew: 959K->63K(960K), 0.0010453 secs] 472114K->471412K(524224K), 0.0010857 secs] [Times: user=0.00 sys=0.00, real=0.00 secs] 
6.848: [GC (Allocation Failure) 6.848: [DefNew: 959K->63K(960K), 0.0008482 secs] 472373K->471650K(524224K), 0.0008761 secs] [Times: user=0.00 sys=0.00, real=0.00 secs] 
6.850: [GC (Allocation Failure) 6.850: [DefNew: 959K->63K(960K), 0.0009855 secs] 472605K->471898K(524224K), 0.0010398 secs] [Times: user=0.00 sys=0.00, real=0.00 secs] 
6.855: [GC (Allocation Failure) 6.855: [DefNew: 959K->64K(960K), 0.0008232 secs] 472862K->472131K(524224K), 0.0008506 secs] [Times: user=0.01 sys=0.00, real=0.00 secs] 
6.860: [GC (Allocation Failure) 6.860: [DefNew: 960K->64K(960K), 0.0012485 secs] 473091K->472404K(524224K), 0.0013023 secs] [Times: user=0.00 sys=0.00, real=0.00 secs] 
6.863: [GC (Allocation Failure) 6.863: [DefNew: 960K->63K(960K), 0.0009966 secs] 473357K->472659K(524224K), 0.0010398 secs] [Times: user=0.00 sys=0.00, real=0.00 secs] 
6.868: [GC (Allocation Failure) 6.868: [DefNew: 959K->64K(960K), 0.0009466 secs] 473620K->472899K(524224K), 0.0009850 secs] [Times: user=0.00 sys=0.00, real=0.00 secs] 
6.872: [GC (Allocation Failure) 6.872: [DefNew: 960K->64K(960K), 0.0009512 secs] 473858K->473141K(524224K), 0.0009925 secs] [Times: user=0.00 sys=0.00, real=0.00 secs] 
6.875: [GC (Allocation Failure) 6.875: [DefNew: 960K->63K(960K), 0.0008839 secs] 474101K->473382K(524224K), 0.0009299 secs] [Times: user=0.00 sys=0.00, real=0.00 secs] 
6.878: [GC (Allocation Failure) 6.878: [DefNew: 959K->63K(960K), 0.0008459 secs] 474343K->473648K(524224K), 0.0008723 secs] [Times: user=0.00 sys=0.00, real=0.00 secs] 
6.882: [GC (Allocation Failure) 6.882: [DefNew: 959K->64K(960K), 0.0010662 secs] 474600K->473909K(524224K), 0.0011316 secs] [Times: user=0.00 sys=0.00, real=0.00 secs] 
6.885: [GC (Allocation Failure) 6.885: [DefNew: 960K->63K(960K), 0.0008761 secs] 474875K->474144K(524224K), 0.0009039 secs] [Times: user=0.00 sys=0.00, real=0.00 secs] 
6.887: [GC (Allocation Failure) 6.887: [DefNew: 959K->64K(960K), 0.0007244 secs] 475108K->474375K(524224K), 0.0007513 secs] [Times: user=0.00 sys=0.00, real=0.00 secs] 
6.892: [GC (Allocation Failure) 6.892: [DefNew: 960K->63K(960K), 0.0007736 secs] 475338K->474609K(524224K), 0.0008051 secs] [Times: user=0.00 sys=0.00, real=0.00 secs] 
6.896: [GC (Allocation Failure) 6.896: [DefNew: 959K->63K(960K), 0.0007244 secs] 475575K->474842K(524224K), 0.0007527 secs] [Times: user=0.00 sys=0.00, real=0.00 secs] 
6.898: [GC (Allocation Failure) 6.898: [DefNew: 959K->64K(960K), 0.0007003 secs] 475806K->475072K(524224K), 0.0007253 secs] [Times: user=0.00 sys=0.00, real=0.00 secs] 
6.902: [GC (Allocation Failure) 6.902: [DefNew: 960K->63K(960K), 0.0009489 secs] 476025K->475322K(524224K), 0.0009971 secs] [Times: user=0.02 sys=0.00, real=0.00 secs] 
6.907: [GC (Allocation Failure) 6.907: [DefNew: 959K->63K(960K), 0.0015128 secs] 476284K->475590K(524224K), 0.0015726 secs] [Times: user=0.00 sys=0.00, real=0.00 secs] 
6.910: [GC (Allocation Failure) 6.910: [DefNew: 959K->63K(960K), 0.0009336 secs] 476548K->475836K(524224K), 0.0009665 secs] [Times: user=0.00 sys=0.00, real=0.00 secs] 
6.915: [GC (Allocation Failure) 6.915: [DefNew: 959K->64K(960K), 0.0007615 secs] 476797K->476078K(524224K), 0.0007879 secs] [Times: user=0.00 sys=0.00, real=0.00 secs] 
6.919: [GC (Allocation Failure) 6.919: [DefNew: 960K->64K(960K), 0.0007666 secs] 477045K->476307K(524224K), 0.0007921 secs] [Times: user=0.00 sys=0.00, real=0.00 secs] 
6.922: [GC (Allocation Failure) 6.922: [DefNew: 960K->63K(960K), 0.0007462 secs] 477268K->476547K(524224K), 0.0007754 secs] [Times: user=0.00 sys=0.00, real=0.00 secs] 
6.926: [GC (Allocation Failure) 6.926: [DefNew: 959K->64K(960K), 0.0064079 secs] 477464K->477294K(524224K), 0.0065716 secs] [Times: user=0.00 sys=0.00, real=0.01 secs] 
6.937: [GC (Allocation Failure) 6.937: [DefNew: 960K->64K(960K), 0.0090115 secs] 478212K->478077K(524224K), 0.0091534 secs] [Times: user=0.00 sys=0.00, real=0.01 secs] 
6.949: [GC (Allocation Failure) 6.949: [DefNew: 960K->63K(960K), 0.0053296 secs] 478988K->478884K(524224K), 0.0054516 secs] [Times: user=0.01 sys=0.00, real=0.01 secs] 
6.959: [GC (Allocation Failure) 6.959: [DefNew: 959K->63K(960K), 0.0014975 secs] 479844K->479131K(524224K), 0.0015411 secs] [Times: user=0.00 sys=0.00, real=0.00 secs] 
6.962: [GC (Allocation Failure) 6.962: [DefNew: 959K->63K(960K), 0.0008510 secs] 480094K->479366K(524224K), 0.0008779 secs] [Times: user=0.00 sys=0.00, real=0.00 secs] 
6.965: [GC (Allocation Failure) 6.965: [DefNew: 959K->63K(960K), 0.0007360 secs] 480329K->479603K(524224K), 0.0007634 secs] [Times: user=0.00 sys=0.00, real=0.00 secs] 
6.968: [GC (Allocation Failure) 6.968: [DefNew: 959K->63K(960K), 0.0010588 secs] 480565K->479842K(524224K), 0.0011103 secs] [Times: user=0.00 sys=0.00, real=0.00 secs] 
6.970: [GC (Allocation Failure) 6.970: [DefNew: 959K->63K(960K), 0.0013899 secs] 480764K->480247K(524224K), 0.0014493 secs] [Times: user=0.00 sys=0.00, real=0.00 secs] 
6.976: [GC (Allocation Failure) 6.976: [DefNew: 959K->63K(960K), 0.0011413 secs] 481207K->480489K(524224K), 0.0011859 secs] [Times: user=0.00 sys=0.00, real=0.00 secs] 
6.981: [GC (Allocation Failure) 6.981: [DefNew: 959K->63K(960K), 0.0009252 secs] 481454K->480726K(524224K), 0.0009758 secs] [Times: user=0.00 sys=0.00, real=0.00 secs] 
6.984: [GC (Allocation Failure) 6.984: [DefNew: 959K->64K(960K), 0.0007930 secs] 481688K->480964K(524224K), 0.0008199 secs] [Times: user=0.00 sys=0.00, real=0.00 secs] 
6.987: [GC (Allocation Failure) 6.987: [DefNew: 960K->63K(960K), 0.0007949 secs] 481930K->481196K(524224K), 0.0008227 secs] [Times: user=0.00 sys=0.00, real=0.00 secs] 
6.990: [GC (Allocation Failure) 6.990: [DefNew: 959K->63K(960K), 0.0008621 secs] 482164K->481423K(524224K), 0.0009085 secs] [Times: user=0.00 sys=0.00, real=0.00 secs] 
6.993: [GC (Allocation Failure) 6.993: [DefNew: 959K->64K(960K), 0.0009581 secs] 482388K->481655K(524224K), 0.0010129 secs] [Times: user=0.00 sys=0.00, real=0.00 secs] 
6.996: [GC (Allocation Failure) 6.996: [DefNew: 960K->64K(960K), 0.0010671 secs] 482599K->481946K(524224K), 0.0011154 secs] [Times: user=0.02 sys=0.00, real=0.00 secs] 
6.999: [GC (Allocation Failure) 6.999: [DefNew: 960K->64K(960K), 0.0010101 secs] 482893K->482213K(524224K), 0.0010523 secs] [Times: user=0.00 sys=0.00, real=0.00 secs] 
7.004: [GC (Allocation Failure) 7.004: [DefNew: 960K->64K(960K), 0.0008362 secs] 483179K->482442K(524224K), 0.0008635 secs] [Times: user=0.00 sys=0.00, real=0.00 secs] 
7.007: [GC (Allocation Failure) 7.007: [DefNew: 960K->63K(960K), 0.0009679 secs] 483390K->482708K(524224K), 0.0010115 secs] [Times: user=0.00 sys=0.00, real=0.00 secs] 
7.013: [GC (Allocation Failure) 7.013: [DefNew: 959K->63K(960K), 0.0009489 secs] 483665K->482958K(524224K), 0.0009925 secs] [Times: user=0.00 sys=0.00, real=0.00 secs] 
7.015: [GC (Allocation Failure) 7.015: [DefNew: 959K->63K(960K), 0.0008672 secs] 483918K->483199K(524224K), 0.0008960 secs] [Times: user=0.00 sys=0.00, real=0.00 secs] 
7.017: [GC (Allocation Failure) 7.017: [DefNew: 959K->63K(960K), 0.0015244 secs] 484144K->483545K(524224K), 0.0015930 secs] [Times: user=0.00 sys=0.00, real=0.00 secs] 
7.022: [GC (Allocation Failure) 7.022: [DefNew: 959K->64K(960K), 0.0009976 secs] 484499K->483794K(524224K), 0.0010263 secs] [Times: user=0.00 sys=0.00, real=0.00 secs] 
7.026: [GC (Allocation Failure) 7.027: [DefNew: 960K->63K(960K), 0.0009526 secs] 484754K->484038K(524224K), 0.0010003 secs] [Times: user=0.02 sys=0.00, real=0.00 secs] 
7.029: [GC (Allocation Failure) 7.029: [DefNew: 959K->64K(960K), 0.0009178 secs] 485001K->484273K(524224K), 0.0009665 secs] [Times: user=0.00 sys=0.00, real=0.00 secs] 
7.032: [GC (Allocation Failure) 7.032: [DefNew: 960K->64K(960K), 0.0009197 secs] 485233K->484515K(524224K), 0.0009674 secs] [Times: user=0.00 sys=0.00, real=0.00 secs] 
7.036: [GC (Allocation Failure) 7.036: [DefNew: 960K->63K(960K), 0.0011353 secs] 485465K->484769K(524224K), 0.0012104 secs] [Times: user=0.00 sys=0.00, real=0.00 secs] 
7.039: [GC (Allocation Failure) 7.039: [DefNew: 959K->63K(960K), 0.0008376 secs] 485727K->485011K(524224K), 0.0008686 secs] [Times: user=0.00 sys=0.00, real=0.00 secs] 
7.044: [GC (Allocation Failure) 7.044: [DefNew: 959K->64K(960K), 0.0008292 secs] 485973K->485243K(524224K), 0.0008594 secs] [Times: user=0.00 sys=0.00, real=0.00 secs] 
7.049: [GC (Allocation Failure) 7.049: [DefNew: 960K->63K(960K), 0.0007991 secs] 486210K->485474K(524224K), 0.0008320 secs] [Times: user=0.00 sys=0.00, real=0.00 secs] 
7.053: [GC (Allocation Failure) 7.053: [DefNew: 959K->63K(960K), 0.0008492 secs] 486431K->485734K(524224K), 0.0008807 secs] [Times: user=0.00 sys=0.00, real=0.00 secs] 
7.056: [GC (Allocation Failure) 7.056: [DefNew: 959K->64K(960K), 0.0009466 secs] 486691K->485980K(524224K), 0.0009952 secs] [Times: user=0.00 sys=0.00, real=0.00 secs] 
7.060: [GC (Allocation Failure) 7.060: [DefNew: 960K->63K(960K), 0.0016482 secs] 486925K->486268K(524224K), 0.0017299 secs] [Times: user=0.00 sys=0.00, real=0.00 secs] 
7.065: [GC (Allocation Failure) 7.065: [DefNew: 959K->63K(960K), 0.0008849 secs] 487229K->486514K(524224K), 0.0009164 secs] [Times: user=0.00 sys=0.00, real=0.00 secs] 
7.067: [GC (Allocation Failure) 7.067: [DefNew: 959K->63K(960K), 0.0007402 secs] 487481K->486750K(524224K), 0.0007661 secs] [Times: user=0.00 sys=0.00, real=0.00 secs] 
7.071: [GC (Allocation Failure) 7.071: [DefNew: 959K->64K(960K), 0.0006817 secs] 487716K->486979K(524224K), 0.0007072 secs] [Times: user=0.00 sys=0.00, real=0.00 secs] 
7.075: [GC (Allocation Failure) 7.075: [DefNew: 960K->63K(960K), 0.0008348 secs] 487936K->487218K(524224K), 0.0008765 secs] [Times: user=0.00 sys=0.00, real=0.00 secs] 
7.078: [GC (Allocation Failure) 7.078: [DefNew: 959K->64K(960K), 0.0010133 secs] 488176K->487458K(524224K), 0.0010815 secs] [Times: user=0.00 sys=0.00, real=0.00 secs] 
7.082: [GC (Allocation Failure) 7.082: [DefNew: 960K->63K(960K), 0.0015198 secs] 488383K->487993K(524224K), 0.0015680 secs] [Times: user=0.00 sys=0.00, real=0.00 secs] 
7.087: [GC (Allocation Failure) 7.087: [DefNew: 959K->63K(960K), 0.0012717 secs] 488945K->488252K(524224K), 0.0013041 secs] [Times: user=0.00 sys=0.00, real=0.00 secs] 
7.090: [GC (Allocation Failure) 7.090: [DefNew: 959K->63K(960K), 0.0009234 secs] 489211K->488497K(524224K), 0.0009512 secs] [Times: user=0.00 sys=0.00, real=0.00 secs] 
7.095: [GC (Allocation Failure) 7.095: [DefNew: 959K->63K(960K), 0.0009206 secs] 489455K->488773K(524224K), 0.0009507 secs] [Times: user=0.00 sys=0.00, real=0.00 secs] 
7.099: [GC (Allocation Failure) 7.099: [DefNew: 959K->64K(960K), 0.0008097 secs] 489741K->489004K(524224K), 0.0008376 secs] [Times: user=0.00 sys=0.00, real=0.00 secs] 
7.101: [GC (Allocation Failure) 7.101: [DefNew: 960K->63K(960K), 0.0007360 secs] 489960K->489252K(524224K), 0.0007638 secs] [Times: user=0.00 sys=0.00, real=0.00 secs] 
7.105: [GC (Allocation Failure) 7.106: [DefNew: 959K->63K(960K), 0.0014432 secs] 490193K->489548K(524224K), 0.0015648 secs] [Times: user=0.00 sys=0.00, real=0.00 secs] 
7.111: [GC (Allocation Failure) 7.111: [DefNew: 959K->63K(960K), 0.0009962 secs] 490507K->489794K(524224K), 0.0010305 secs] [Times: user=0.00 sys=0.00, real=0.00 secs] 
7.113: [GC (Allocation Failure) 7.113: [DefNew: 959K->64K(960K), 0.0008070 secs] 490762K->490022K(524224K), 0.0008334 secs] [Times: user=0.00 sys=0.00, real=0.00 secs] 
7.117: [GC (Allocation Failure) 7.117: [DefNew: 960K->63K(960K), 0.0006646 secs] 490989K->490255K(524224K), 0.0006910 secs] [Times: user=0.00 sys=0.00, real=0.00 secs] 
7.120: [GC (Allocation Failure) 7.120: [DefNew: 959K->63K(960K), 0.0006994 secs] 491222K->490489K(524224K), 0.0007249 secs] [Times: user=0.02 sys=0.00, real=0.00 secs] 
7.122: [GC (Allocation Failure) 7.122: [DefNew: 959K->64K(960K), 0.0006497 secs] 491458K->490720K(524224K), 0.0006790 secs] [Times: user=0.00 sys=0.00, real=0.00 secs] 
7.127: [GC (Allocation Failure) 7.127: [DefNew: 960K->64K(960K), 0.0008561 secs] 491678K->490963K(524224K), 0.0009039 secs] [Times: user=0.00 sys=0.00, real=0.00 secs] 
7.131: [GC (Allocation Failure) 7.131: [DefNew: 960K->64K(960K), 0.0008506 secs] 491922K->491225K(524224K), 0.0008770 secs] [Times: user=0.00 sys=0.00, real=0.00 secs] 
7.136: [GC (Allocation Failure) 7.136: [DefNew: 960K->63K(960K), 0.0008181 secs] 492186K->491469K(524224K), 0.0008459 secs] [Times: user=0.02 sys=0.00, real=0.00 secs] 
7.138: [GC (Allocation Failure) 7.138: [DefNew: 959K->63K(960K), 0.0009410 secs] 492425K->491717K(524224K), 0.0009920 secs] [Times: user=0.00 sys=0.00, real=0.00 secs] 
7.143: [GC (Allocation Failure) 7.143: [DefNew: 959K->63K(960K), 0.0010180 secs] 492677K->491992K(524224K), 0.0010565 secs] [Times: user=0.00 sys=0.00, real=0.00 secs] 
7.148: [GC (Allocation Failure) 7.148: [DefNew: 959K->63K(960K), 0.0011794 secs] 492942K->492256K(524224K), 0.0012717 secs] [Times: user=0.00 sys=0.00, real=0.00 secs] 
7.151: [GC (Allocation Failure) 7.151: [DefNew: 959K->64K(960K), 0.0009192 secs] 493218K->492500K(524224K), 0.0009493 secs] [Times: user=0.00 sys=0.00, real=0.00 secs] 
7.156: [GC (Allocation Failure) 7.156: [DefNew: 960K->64K(960K), 0.0009234 secs] 493454K->492751K(524224K), 0.0009818 secs] [Times: user=0.00 sys=0.00, real=0.00 secs] 
7.160: [GC (Allocation Failure) 7.160: [DefNew: 960K->63K(960K), 0.0009252 secs] 493703K->493009K(524224K), 0.0009572 secs] [Times: user=0.00 sys=0.00, real=0.00 secs] 
7.163: [GC (Allocation Failure) 7.163: [DefNew: 959K->63K(960K), 0.0008028 secs] 493970K->493240K(524224K), 0.0008306 secs] [Times: user=0.00 sys=0.00, real=0.00 secs] 
7.167: [GC (Allocation Failure) 7.167: [DefNew: 959K->63K(960K), 0.0007406 secs] 494206K->493472K(524224K), 0.0007680 secs] [Times: user=0.00 sys=0.00, real=0.00 secs] 
7.171: [GC (Allocation Failure) 7.171: [DefNew: 959K->63K(960K), 0.0010198 secs] 494418K->493748K(524224K), 0.0010681 secs] [Times: user=0.00 sys=0.00, real=0.00 secs] 
7.174: [GC (Allocation Failure) 7.175: [DefNew: 959K->63K(960K), 0.0048167 secs] 494689K->494266K(524224K), 0.0049479 secs] [Times: user=0.00 sys=0.00, real=0.00 secs] 
7.183: [GC (Allocation Failure) 7.183: [DefNew: 959K->63K(960K), 0.0076397 secs] 495178K->495073K(524224K), 0.0077626 secs] [Times: user=0.01 sys=0.00, real=0.01 secs] 
7.193: [GC (Allocation Failure) 7.193: [DefNew: 959K->63K(960K), 0.0018634 secs] 496002K->495372K(524224K), 0.0019209 secs] [Times: user=0.00 sys=0.00, real=0.00 secs] 
7.199: [GC (Allocation Failure) 7.199: [DefNew: 959K->63K(960K), 0.0010588 secs] 496327K->495623K(524224K), 0.0010963 secs] [Times: user=0.02 sys=0.00, real=0.00 secs] 
7.203: [GC (Allocation Failure) 7.203: [DefNew: 959K->64K(960K), 0.0008584 secs] 496583K->495870K(524224K), 0.0008923 secs] [Times: user=0.00 sys=0.00, real=0.00 secs] 
7.208: [GC (Allocation Failure) 7.208: [DefNew: 960K->63K(960K), 0.0008798 secs] 496833K->496151K(524224K), 0.0009122 secs] [Times: user=0.00 sys=0.00, real=0.00 secs] 
7.211: [GC (Allocation Failure) 7.211: [DefNew: 959K->63K(960K), 0.0008798 secs] 497118K->496387K(524224K), 0.0009076 secs] [Times: user=0.00 sys=0.00, real=0.00 secs] 
7.215: [GC (Allocation Failure) 7.215: [DefNew: 959K->64K(960K), 0.0015773 secs] 497347K->496633K(524224K), 0.0016492 secs] [Times: user=0.00 sys=0.00, real=0.00 secs] 
7.221: [GC (Allocation Failure) 7.221: [DefNew: 960K->63K(960K), 0.0010778 secs] 497583K->496893K(524224K), 0.0011260 secs] [Times: user=0.00 sys=0.00, real=0.00 secs] 
7.224: [GC (Allocation Failure) 7.224: [DefNew: 959K->63K(960K), 0.0013050 secs] 497828K->497190K(524224K), 0.0013570 secs] [Times: user=0.00 sys=0.00, real=0.00 secs] 
7.229: [GC (Allocation Failure) 7.229: [DefNew: 959K->63K(960K), 0.0009558 secs] 498153K->497434K(524224K), 0.0009850 secs] [Times: user=0.00 sys=0.00, real=0.00 secs] 
7.233: [GC (Allocation Failure) 7.233: [DefNew: 959K->64K(960K), 0.0008023 secs] 498399K->497673K(524224K), 0.0008311 secs] [Times: user=0.00 sys=0.00, real=0.00 secs] 
7.236: [GC (Allocation Failure) 7.236: [DefNew: 960K->63K(960K), 0.0012304 secs] 498614K->498073K(524224K), 0.0012842 secs] [Times: user=0.00 sys=0.00, real=0.00 secs] 
7.241: [GC (Allocation Failure) 7.241: [DefNew: 959K->63K(960K), 0.0010945 secs] 499030K->498322K(524224K), 0.0011330 secs] [Times: user=0.00 sys=0.00, real=0.00 secs] 
7.266: [GC (Allocation Failure) 7.266: [DefNew: 959K->63K(960K), 0.0157616 secs] 507479K->506750K(524224K), 0.0158228 secs] [Times: user=0.02 sys=0.00, real=0.01 secs] 
7.284: [GC (Allocation Failure) 7.284: [DefNew: 959K->64K(960K), 0.0029718 secs] 507693K->507143K(524224K), 0.0030697 secs] [Times: user=0.00 sys=0.00, real=0.00 secs] 
7.289: [GC (Allocation Failure) 7.289: [DefNew: 960K->63K(960K), 0.0030219 secs] 508054K->507666K(524224K), 0.0030970 secs] [Times: user=0.00 sys=0.00, real=0.00 secs] 
7.294: [GC (Allocation Failure) 7.294: [DefNew: 959K->63K(960K), 0.0025586 secs] 508570K->508026K(524224K), 0.0026393 secs] [Times: user=0.00 sys=0.00, real=0.00 secs] 
7.301: [GC (Allocation Failure) 7.301: [DefNew: 959K->64K(960K), 0.0011279 secs] 508951K->508312K(524224K), 0.0011733 secs] [Times: user=0.00 sys=0.00, real=0.00 secs] 
7.306: [GC (Allocation Failure) 7.306: [DefNew: 960K->63K(960K), 0.0011195 secs] 509240K->508624K(524224K), 0.0011552 secs] [Times: user=0.00 sys=0.00, real=0.00 secs] 
7.309: [GC (Allocation Failure) 7.309: [DefNew: 959K->63K(960K), 0.0008979 secs] 509595K->508846K(524224K), 0.0009280 secs] [Times: user=0.00 sys=0.00, real=0.00 secs] 
7.314: [GC (Allocation Failure) 7.314: [DefNew: 959K->63K(960K), 0.0007569 secs] 509815K->509092K(524224K), 0.0007912 secs] [Times: user=0.00 sys=0.00, real=0.00 secs] 
7.319: [GC (Allocation Failure) 7.319: [DefNew: 959K->63K(960K), 0.0034917 secs] 510053K->509411K(524224K), 0.0036285 secs] [Times: user=0.00 sys=0.00, real=0.00 secs] 
7.325: [GC (Allocation Failure) 7.326: [DefNew: 959K->63K(960K), 0.0045055 secs] 510332K->510201K(524224K), 0.0046219 secs] [Times: user=0.00 sys=0.00, real=0.00 secs] 
7.333: [GC (Allocation Failure) 7.333: [DefNew: 959K->64K(960K), 0.0013843 secs] 511163K->510479K(524224K), 0.0014145 secs] [Times: user=0.00 sys=0.00, real=0.00 secs] 
7.337: [GC (Allocation Failure) 7.337: [DefNew: 960K->63K(960K), 0.0009326 secs] 511447K->510728K(524224K), 0.0009813 secs] [Times: user=0.00 sys=0.00, real=0.00 secs] 
7.340: [GC (Allocation Failure) 7.340: [DefNew: 959K->64K(960K), 0.0007856 secs] 511699K->510952K(524224K), 0.0008134 secs] [Times: user=0.00 sys=0.02, real=0.00 secs] 
7.345: [GC (Allocation Failure) 7.345: [DefNew: 960K->64K(960K), 0.0010880 secs] 511906K->511250K(524224K), 0.0011362 secs] [Times: user=0.00 sys=0.00, real=0.00 secs] 
7.348: [GC (Allocation Failure) 7.348: [DefNew: 960K->63K(960K), 0.0008431 secs] 512212K->511485K(524224K), 0.0008728 secs] [Times: user=0.00 sys=0.00, real=0.00 secs] 
7.353: [GC (Allocation Failure) 7.353: [DefNew: 959K->63K(960K), 0.0008181 secs] 512457K->511710K(524224K), 0.0008515 secs] [Times: user=0.00 sys=0.00, real=0.00 secs] 
7.356: [GC (Allocation Failure) 7.356: [DefNew: 959K->63K(960K), 0.0008237 secs] 512680K->511938K(524224K), 0.0008617 secs] [Times: user=0.00 sys=0.00, real=0.00 secs] 
7.361: [GC (Allocation Failure) 7.361: [DefNew: 959K->64K(960K), 0.0008533 secs] 512897K->512178K(524224K), 0.0008960 secs] [Times: user=0.00 sys=0.00, real=0.00 secs] 
7.365: [GC (Allocation Failure) 7.365: [DefNew: 960K->63K(960K), 0.1038739 secs] 513147K->512406K(524224K), 0.1039235 secs] [Times: user=0.00 sys=0.00, real=0.10 secs] 
7.471: [GC (Allocation Failure) 7.471: [DefNew: 959K->63K(960K), 0.0008895 secs] 513371K->512645K(524224K), 0.0009387 secs] [Times: user=0.00 sys=0.00, real=0.00 secs] 
7.474: [GC (Allocation Failure) 7.474: [DefNew: 959K->63K(960K), 0.0010045 secs] 513610K->512875K(524224K), 0.0010625 secs] [Times: user=0.00 sys=0.00, real=0.00 secs] 
7.477: [GC (Allocation Failure) 7.477: [DefNew: 959K->64K(960K), 0.0012962 secs] 513840K->513106K(524224K), 0.0013533 secs] [Times: user=0.00 sys=0.00, real=0.00 secs] 
7.481: [GC (Allocation Failure) 7.481: [DefNew: 960K->63K(960K), 0.0011872 secs] 514051K->513522K(524224K), 0.0012294 secs] [Times: user=0.00 sys=0.00, real=0.00 secs] 
7.486: [GC (Allocation Failure) 7.486: [DefNew: 959K->63K(960K), 0.0010305 secs] 514487K->513753K(524224K), 0.0010625 secs] [Times: user=0.00 sys=0.00, real=0.00 secs] 
7.490: [GC (Allocation Failure) 7.490: [DefNew: 959K->64K(960K), 0.0008213 secs] 514724K->513978K(524224K), 0.0008524 secs] [Times: user=0.00 sys=0.00, real=0.00 secs] 
7.493: [GC (Allocation Failure) 7.493: [DefNew: 960K->63K(960K), 0.0007675 secs] 514945K->514203K(524224K), 0.0008005 secs] [Times: user=0.00 sys=0.00, real=0.00 secs] 
7.497: [GC (Allocation Failure) 7.497: [DefNew: 959K->64K(960K), 0.0008237 secs] 515170K->514431K(524224K), 0.0008515 secs] [Times: user=0.00 sys=0.00, real=0.00 secs] 
7.501: [GC (Allocation Failure) 7.501: [DefNew: 960K->63K(960K), 0.0011951 secs] 515396K->514665K(524224K), 0.0012429 secs] [Times: user=0.00 sys=0.00, real=0.00 secs] 
7.504: [GC (Allocation Failure) 7.504: [DefNew: 959K->63K(960K), 0.0010263 secs] 515603K->514978K(524224K), 0.0010704 secs] [Times: user=0.00 sys=0.00, real=0.00 secs] 
7.507: [GC (Allocation Failure) 7.507: [DefNew: 959K->63K(960K), 0.0010453 secs] 515937K->515218K(524224K), 0.0010838 secs] [Times: user=0.00 sys=0.00, real=0.00 secs] 
7.510: [GC (Allocation Failure) 7.510: [DefNew: 959K->63K(960K), 0.0008097 secs] 516185K->515452K(524224K), 0.0008408 secs] [Times: user=0.00 sys=0.00, real=0.00 secs] 
7.514: [GC (Allocation Failure) 7.514: [DefNew: 959K->63K(960K), 0.0007174 secs] 516422K->515675K(524224K), 0.0007462 secs] [Times: user=0.00 sys=0.00, real=0.00 secs] 
7.516: [GC (Allocation Failure) 7.516: [DefNew: 959K->63K(960K), 0.0007054 secs] 516644K->515897K(524224K), 0.0007309 secs] [Times: user=0.00 sys=0.00, real=0.00 secs] 
7.520: [GC (Allocation Failure) 7.520: [DefNew: 959K->63K(960K), 0.0006762 secs] 516869K->516116K(524224K), 0.0007017 secs] [Times: user=0.00 sys=0.00, real=0.00 secs] 
7.524: [GC (Allocation Failure) 7.524: [DefNew: 959K->63K(960K), 0.0010226 secs] 517072K->516364K(524224K), 0.0010848 secs] [Times: user=0.00 sys=0.00, real=0.00 secs] 
7.527: [GC (Allocation Failure) 7.527: [DefNew: 959K->64K(960K), 0.0008807 secs] 517330K->516596K(524224K), 0.0009118 secs] [Times: user=0.02 sys=0.00, real=0.00 secs] 
7.532: [GC (Allocation Failure) 7.532: [DefNew: 960K->63K(960K), 0.0010092 secs] 517539K->516889K(524224K), 0.0010518 secs] [Times: user=0.00 sys=0.00, real=0.00 secs] 
7.536: [GC (Allocation Failure) 7.536: [DefNew: 959K->63K(960K), 0.0009753 secs] 517841K->517145K(524224K), 0.0010180 secs] [Times: user=0.00 sys=0.00, real=0.00 secs] 
7.538: [GC (Allocation Failure) 7.538: [DefNew: 959K->63K(960K), 0.0008895 secs] 518112K->517369K(524224K), 0.0009377 secs] [Times: user=0.00 sys=0.00, real=0.00 secs] 
7.542: [GC (Allocation Failure) 7.542: [DefNew: 959K->63K(960K), 0.0008983 secs] 518335K->517607K(524224K), 0.0009498 secs] [Times: user=0.02 sys=0.00, real=0.00 secs] 
7.546: [GC (Allocation Failure) 7.546: [DefNew: 959K->63K(960K), 0.0013867 secs] 518541K->518097K(524224K), 0.0014330 secs] [Times: user=0.00 sys=0.00, real=0.00 secs] 
7.549: [GC (Allocation Failure) 7.549: [DefNew: 959K->63K(960K), 0.0010857 secs] 519069K->518319K(524224K), 0.0011140 secs] [Times: user=0.00 sys=0.00, real=0.00 secs] 
7.553: [GC (Allocation Failure) 7.553: [DefNew: 959K->64K(960K), 0.0007383 secs] 519289K->518547K(524224K), 0.0007685 secs] [Times: user=0.00 sys=0.00, real=0.00 secs] 
7.558: [GC (Allocation Failure) 7.558: [DefNew: 960K->63K(960K), 0.0008821 secs] 519514K->518776K(524224K), 0.0009243 secs] [Times: user=0.02 sys=0.00, real=0.00 secs] 
7.562: [GC (Allocation Failure) 7.562: [DefNew: 959K->63K(960K), 0.0008032 secs] 519740K->519014K(524224K), 0.0008376 secs] [Times: user=0.00 sys=0.00, real=0.00 secs] 
7.564: [GC (Allocation Failure) 7.564: [DefNew: 959K->63K(960K), 0.0008547 secs] 519981K->519242K(524224K), 0.0009020 secs] [Times: user=0.00 sys=0.00, real=0.00 secs] 
7.568: [GC (Allocation Failure) 7.568: [DefNew: 959K->64K(960K), 0.0013728 secs] 520161K->519648K(524224K), 0.0014307 secs] [Times: user=0.00 sys=0.00, real=0.00 secs] 
7.573: [GC (Allocation Failure) 7.573: [DefNew: 960K->63K(960K), 0.0011214 secs] 520607K->519890K(524224K), 0.0011645 secs] [Times: user=0.00 sys=0.00, real=0.00 secs] 
7.575: [GC (Allocation Failure) 7.575: [DefNew: 959K->64K(960K), 0.0009113 secs] 520851K->520129K(524224K), 0.0009637 secs] [Times: user=0.00 sys=0.00, real=0.00 secs] 
7.580: [GC (Allocation Failure) 7.580: [DefNew: 960K->63K(960K), 0.0007726 secs] 521098K->520355K(524224K), 0.0008060 secs] [Times: user=0.00 sys=0.00, real=0.00 secs] 
7.585: [GC (Allocation Failure) 7.585: [DefNew: 959K->63K(960K), 0.0009118 secs] 521318K->520597K(524224K), 0.0009554 secs] [Times: user=0.00 sys=0.00, real=0.00 secs] 
7.588: [GC (Allocation Failure) 7.588: [DefNew: 959K->64K(960K), 0.0011251 secs] 521553K->520856K(524224K), 0.0011863 secs] [Times: user=0.00 sys=0.00, real=0.00 secs] 
7.592: [GC (Allocation Failure) 7.592: [DefNew: 960K->63K(960K), 0.0009966 secs] 521798K->521134K(524224K), 0.0010509 secs] [Times: user=0.00 sys=0.00, real=0.00 secs] 
7.597: [GC (Allocation Failure) 7.597: [DefNew: 959K->63K(960K), 0.0009118 secs] 522094K->521376K(524224K), 0.0009568 secs] [Times: user=0.00 sys=0.00, real=0.00 secs] 
7.600: [GC (Allocation Failure) 7.600: [DefNew: 959K->63K(960K), 0.0010221 secs] 522330K->521629K(524224K), 0.0010713 secs] [Times: user=0.00 sys=0.00, real=0.00 secs] 
7.604: [GC (Allocation Failure) 7.604: [DefNew: 959K->63K(960K), 0.0043603 secs] 522558K->522058K(524224K), 0.0045027 secs] [Times: user=0.01 sys=0.00, real=0.00 secs] 
7.612: [GC (Allocation Failure) 7.612: [DefNew: 959K->63K(960K), 0.0071253 secs] 522993K->522817K(524224K), 0.0072603 secs] [Times: user=0.00 sys=0.00, real=0.01 secs] 
7.621: [GC (Allocation Failure) 7.621: [DefNew: 959K->959K(960K), 0.0000325 secs]7.621: [Tenured: 522761K->498883K(523264K), 0.3766601 secs] 523721K->498883K(524224K), [Metaspace: 3487K->3487K(1056768K)], 0.3768132 secs] [Times: user=0.38 sys=0.02, real=0.38 secs] 
8.001: [GC (Allocation Failure) 8.001: [DefNew: 896K->63K(960K), 0.0007295 secs] 499808K->499189K(524224K), 0.0007731 secs] [Times: user=0.00 sys=0.00, real=0.00 secs] 
8.005: [GC (Allocation Failure) 8.005: [DefNew: 959K->63K(960K), 0.0007907 secs] 500161K->499416K(524224K), 0.0008176 secs] [Times: user=0.00 sys=0.00, real=0.00 secs] 
8.009: [GC (Allocation Failure) 8.009: [DefNew: 959K->63K(960K), 0.0007648 secs] 500383K->499644K(524224K), 0.0008056 secs] [Times: user=0.00 sys=0.00, real=0.00 secs] 
8.012: [GC (Allocation Failure) 8.012: [DefNew: 959K->63K(960K), 0.0008691 secs] 500607K->499886K(524224K), 0.0009146 secs] [Times: user=0.00 sys=0.00, real=0.00 secs] 
8.015: [GC (Allocation Failure) 8.015: [DefNew: 959K->64K(960K), 0.0018797 secs] 500817K->500293K(524224K), 0.0019627 secs] [Times: user=0.00 sys=0.00, real=0.00 secs] 
8.019: [GC (Allocation Failure) 8.019: [DefNew: 960K->64K(960K), 0.0009674 secs] 501256K->500534K(524224K), 0.0009980 secs] [Times: user=0.00 sys=0.00, real=0.00 secs] 
8.023: [GC (Allocation Failure) 8.023: [DefNew: 960K->63K(960K), 0.0006924 secs] 501507K->500758K(524224K), 0.0007207 secs] [Times: user=0.00 sys=0.00, real=0.00 secs] 
8.026: [GC (Allocation Failure) 8.026: [DefNew: 959K->63K(960K), 0.0008696 secs] 501711K->501009K(524224K), 0.0009085 secs] [Times: user=0.00 sys=0.02, real=0.00 secs] 
8.029: [GC (Allocation Failure) 8.029: [DefNew: 959K->64K(960K), 0.0008668 secs] 501976K->501249K(524224K), 0.0009016 secs] [Times: user=0.00 sys=0.00, real=0.00 secs] 
8.033: [GC (Allocation Failure) 8.033: [DefNew: 960K->64K(960K), 0.0008199 secs] 502208K->501496K(524224K), 0.0008631 secs] [Times: user=0.00 sys=0.00, real=0.00 secs] 
8.038: [GC (Allocation Failure) 8.038: [DefNew: 960K->64K(960K), 0.0011005 secs] 502440K->501947K(524224K), 0.0011460 secs] [Times: user=0.00 sys=0.00, real=0.00 secs] 
8.042: [GC (Allocation Failure) 8.042: [DefNew: 960K->64K(960K), 0.0010361 secs] 502920K->502176K(524224K), 0.0010671 secs] [Times: user=0.00 sys=0.00, real=0.00 secs] 
8.045: [GC (Allocation Failure) 8.045: [DefNew: 960K->64K(960K), 0.0007198 secs] 503147K->502407K(524224K), 0.0007546 secs] [Times: user=0.00 sys=0.00, real=0.00 secs] 
8.050: [GC (Allocation Failure) 8.050: [DefNew: 960K->63K(960K), 0.0008070 secs] 503366K->502673K(524224K), 0.0008519 secs] [Times: user=0.00 sys=0.00, real=0.00 secs] 
8.053: [GC (Allocation Failure) 8.053: [DefNew: 959K->63K(960K), 0.0008227 secs] 503644K->502902K(524224K), 0.0008621 secs] [Times: user=0.00 sys=0.00, real=0.00 secs] 
8.058: [GC (Allocation Failure) 8.058: [DefNew: 959K->64K(960K), 0.0010722 secs] 503826K->503263K(524224K), 0.0011205 secs] [Times: user=0.02 sys=0.00, real=0.00 secs] 
8.063: [GC (Allocation Failure) 8.063: [DefNew: 960K->63K(960K), 0.0009558 secs] 504231K->503498K(524224K), 0.0009994 secs] [Times: user=0.00 sys=0.00, real=0.00 secs] 
8.066: [GC (Allocation Failure) 8.066: [DefNew: 959K->64K(960K), 0.0008334 secs] 504459K->503761K(524224K), 0.0008728 secs] [Times: user=0.00 sys=0.00, real=0.00 secs] 
8.069: [GC (Allocation Failure) 8.069: [DefNew: 960K->63K(960K), 0.0008570 secs] 504726K->504017K(524224K), 0.0008932 secs] [Times: user=0.00 sys=0.00, real=0.00 secs] 
8.073: [GC (Allocation Failure) 8.073: [DefNew: 959K->63K(960K), 0.0008830 secs] 504986K->504247K(524224K), 0.0009317 secs] [Times: user=0.01 sys=0.00, real=0.00 secs] 
8.076: [GC (Allocation Failure) 8.076: [DefNew: 959K->63K(960K), 0.0007884 secs] 505217K->504480K(524224K), 0.0008218 secs] [Times: user=0.00 sys=0.00, real=0.00 secs] 
8.080: [GC (Allocation Failure) 8.080: [DefNew: 959K->63K(960K), 0.0015360 secs] 505433K->504732K(524224K), 0.0016339 secs] [Times: user=0.00 sys=0.00, real=0.00 secs] 
8.085: [GC (Allocation Failure) 8.085: [DefNew: 959K->63K(960K), 0.0008774 secs] 505689K->504980K(524224K), 0.0009178 secs] [Times: user=0.00 sys=0.00, real=0.00 secs] 
8.089: [GC (Allocation Failure) 8.089: [DefNew: 959K->63K(960K), 0.0007448 secs] 505941K->505225K(524224K), 0.0007833 secs] [Times: user=0.00 sys=0.00, real=0.00 secs] 
8.092: [GC (Allocation Failure) 8.092: [DefNew: 959K->63K(960K), 0.0008445 secs] 506194K->505455K(524224K), 0.0008812 secs] [Times: user=0.00 sys=0.00, real=0.00 secs] 
8.097: [GC (Allocation Failure) 8.097: [DefNew: 959K->63K(960K), 0.0008747 secs] 506413K->505705K(524224K), 0.0009197 secs] [Times: user=0.00 sys=0.00, real=0.00 secs] 
8.102: [GC (Allocation Failure) 8.102: [DefNew: 959K->63K(960K), 0.0014112 secs] 506669K->505949K(524224K), 0.0014929 secs] [Times: user=0.00 sys=0.00, real=0.00 secs] 
8.106: [GC (Allocation Failure) 8.106: [DefNew: 959K->63K(960K), 0.0008788 secs] 506897K->506238K(524224K), 0.0009220 secs] [Times: user=0.00 sys=0.00, real=0.00 secs] 
8.110: [GC (Allocation Failure) 8.110: [DefNew: 959K->64K(960K), 0.0008283 secs] 507206K->506465K(524224K), 0.0008649 secs] [Times: user=0.00 sys=0.00, real=0.00 secs] 
8.114: [GC (Allocation Failure) 8.114: [DefNew: 960K->63K(960K), 0.0007374 secs] 507433K->506694K(524224K), 0.0007810 secs] [Times: user=0.00 sys=0.00, real=0.00 secs] 
8.117: [GC (Allocation Failure) 8.117: [DefNew: 959K->64K(960K), 0.0007759 secs] 507664K->506923K(524224K), 0.0008097 secs] [Times: user=0.00 sys=0.00, real=0.00 secs] 
8.121: [GC (Allocation Failure) 8.121: [DefNew: 960K->64K(960K), 0.0007541 secs] 507890K->507160K(524224K), 0.0007856 secs] [Times: user=0.00 sys=0.00, real=0.00 secs] 
8.126: [GC (Allocation Failure) 8.126: [DefNew: 960K->63K(960K), 0.0011928 secs] 508118K->507425K(524224K), 0.0012679 secs] [Times: user=0.00 sys=0.00, real=0.00 secs] 
8.129: [GC (Allocation Failure) 8.129: [DefNew: 959K->64K(960K), 0.0009150 secs] 508386K->507674K(524224K), 0.0009586 secs] [Times: user=0.00 sys=0.00, real=0.00 secs] 
8.134: [GC (Allocation Failure) 8.134: [DefNew: 960K->64K(960K), 0.0008237 secs] 508627K->507931K(524224K), 0.0008654 secs] [Times: user=0.00 sys=0.00, real=0.00 secs] 
8.139: [GC (Allocation Failure) 8.139: [DefNew: 960K->64K(960K), 0.0008181 secs] 508897K->508176K(524224K), 0.0008626 secs] [Times: user=0.00 sys=0.00, real=0.00 secs] 
8.144: [GC (Allocation Failure) 8.144: [DefNew: 960K->64K(960K), 0.0008116 secs] 509137K->508420K(524224K), 0.0008533 secs] [Times: user=0.00 sys=0.00, real=0.00 secs] 
8.147: [GC (Allocation Failure) 8.147: [DefNew: 960K->63K(960K), 0.0015082 secs] 509353K->508711K(524224K), 0.0015657 secs] [Times: user=0.00 sys=0.00, real=0.00 secs] 
8.152: [GC (Allocation Failure) 8.152: [DefNew: 959K->63K(960K), 0.0011460 secs] 509644K->509010K(524224K), 0.0011956 secs] [Times: user=0.02 sys=0.00, real=0.00 secs] 
8.154: [GC (Allocation Failure) 8.154: [DefNew: 959K->63K(960K), 0.0009605 secs] 509966K->509260K(524224K), 0.0009915 secs] [Times: user=0.00 sys=0.00, real=0.00 secs] 
8.158: [GC (Allocation Failure) 8.158: [DefNew: 959K->63K(960K), 0.0008946 secs] 510221K->509503K(524224K), 0.0009299 secs] [Times: user=0.00 sys=0.00, real=0.00 secs] 
8.162: [GC (Allocation Failure) 8.162: [DefNew: 959K->63K(960K), 0.0007597 secs] 510469K->509738K(524224K), 0.0007907 secs] [Times: user=0.00 sys=0.00, real=0.00 secs] 
8.167: [GC (Allocation Failure) 8.167: [DefNew: 959K->63K(960K), 0.0008218 secs] 510705K->509968K(524224K), 0.0008631 secs] [Times: user=0.02 sys=0.00, real=0.00 secs] 
8.169: [GC (Allocation Failure) 8.169: [DefNew: 959K->63K(960K), 0.0012795 secs] 510918K->510258K(524224K), 0.0013421 secs] [Times: user=0.00 sys=0.00, real=0.00 secs] 
8.173: [GC (Allocation Failure) 8.173: [DefNew: 959K->63K(960K), 0.0011525 secs] 511183K->510644K(524224K), 0.0011979 secs] [Times: user=0.00 sys=0.00, real=0.00 secs] 
8.177: [GC (Allocation Failure) 8.177: [DefNew: 959K->64K(960K), 0.0009540 secs] 511605K->510889K(524224K), 0.0009855 secs] [Times: user=0.00 sys=0.00, real=0.00 secs] 
8.180: [GC (Allocation Failure) 8.180: [DefNew: 960K->64K(960K), 0.0007949 secs] 511858K->511114K(524224K), 0.0008246 secs] [Times: user=0.00 sys=0.00, real=0.00 secs] 
8.185: [GC (Allocation Failure) 8.185: [DefNew: 960K->64K(960K), 0.0009424 secs] 512052K->511390K(524224K), 0.0009925 secs] [Times: user=0.00 sys=0.00, real=0.00 secs] 
8.189: [GC (Allocation Failure) 8.189: [DefNew: 960K->63K(960K), 0.0008478 secs] 512348K->511641K(524224K), 0.0008816 secs] [Times: user=0.00 sys=0.00, real=0.00 secs] 
8.192: [GC (Allocation Failure) 8.192: [DefNew: 959K->63K(960K), 0.0011140 secs] 512585K->512030K(524224K), 0.0011794 secs] [Times: user=0.00 sys=0.00, real=0.00 secs] 
8.196: [GC (Allocation Failure) 8.196: [DefNew: 959K->64K(960K), 0.0009011 secs] 512997K->512262K(524224K), 0.0009317 secs] [Times: user=0.00 sys=0.00, real=0.00 secs] 
8.200: [GC (Allocation Failure) 8.200: [DefNew: 960K->63K(960K), 0.0007355 secs] 513233K->512493K(524224K), 0.0007787 secs] [Times: user=0.00 sys=0.00, real=0.00 secs] 
8.202: [GC (Allocation Failure) 8.202: [DefNew: 959K->64K(960K), 0.0009252 secs] 513452K->512747K(524224K), 0.0009674 secs] [Times: user=0.00 sys=0.00, real=0.00 secs] 
8.206: [GC (Allocation Failure) 8.206: [DefNew: 960K->63K(960K), 0.0008227 secs] 513699K->513000K(524224K), 0.0008580 secs] [Times: user=0.00 sys=0.00, real=0.00 secs] 
8.210: [GC (Allocation Failure) 8.210: [DefNew: 959K->63K(960K), 0.0008654 secs] 513964K->513247K(524224K), 0.0009030 secs] [Times: user=0.00 sys=0.00, real=0.00 secs] 
8.213: [GC (Allocation Failure) 8.213: [DefNew: 959K->63K(960K), 0.0007944 secs] 514221K->513475K(524224K), 0.0008246 secs] [Times: user=0.00 sys=0.00, real=0.00 secs] 
8.218: [GC (Allocation Failure) 8.218: [DefNew: 959K->64K(960K), 0.0009354 secs] 514418K->513798K(524224K), 0.0009915 secs] [Times: user=0.00 sys=0.00, real=0.00 secs] 
8.223: [GC (Allocation Failure) 8.223: [DefNew: 960K->63K(960K), 0.0009734 secs] 514760K->514045K(524224K), 0.0010152 secs] [Times: user=0.00 sys=0.00, real=0.00 secs] 
8.225: [GC (Allocation Failure) 8.225: [DefNew: 959K->63K(960K), 0.0007917 secs] 515012K->514271K(524224K), 0.0008199 secs] [Times: user=0.00 sys=0.00, real=0.00 secs] 
8.230: [GC (Allocation Failure) 8.230: [DefNew: 959K->63K(960K), 0.0007536 secs] 515240K->514501K(524224K), 0.0007986 secs] [Times: user=0.02 sys=0.00, real=0.00 secs] 
8.235: [GC (Allocation Failure) 8.235: [DefNew: 959K->63K(960K), 0.0011488 secs] 515471K->514732K(524224K), 0.0012077 secs] [Times: user=0.00 sys=0.00, real=0.00 secs] 
8.239: [GC (Allocation Failure) 8.239: [DefNew: 959K->63K(960K), 0.0009122 secs] 515669K->515046K(524224K), 0.0009609 secs] [Times: user=0.00 sys=0.00, real=0.00 secs] 
8.241: [GC (Allocation Failure) 8.241: [DefNew: 959K->63K(960K), 0.0009155 secs] 516011K->515279K(524224K), 0.0009452 secs] [Times: user=0.00 sys=0.00, real=0.00 secs] 
8.246: [GC (Allocation Failure) 8.246: [DefNew: 959K->63K(960K), 0.0007977 secs] 516249K->515519K(524224K), 0.0008376 secs] [Times: user=0.02 sys=0.00, real=0.00 secs] 
8.250: [GC (Allocation Failure) 8.250: [DefNew: 959K->63K(960K), 0.0008209 secs] 516487K->515750K(524224K), 0.0008663 secs] [Times: user=0.00 sys=0.00, real=0.00 secs] 
8.253: [GC (Allocation Failure) 8.254: [DefNew: 959K->64K(960K), 0.0008116 secs] 516715K->515990K(524224K), 0.0008519 secs] [Times: user=0.00 sys=0.00, real=0.00 secs] 
8.258: [GC (Allocation Failure) 8.258: [DefNew: 960K->64K(960K), 0.0009354 secs] 516957K->516231K(524224K), 0.0009841 secs] [Times: user=0.00 sys=0.00, real=0.00 secs] 
8.262: [GC (Allocation Failure) 8.262: [DefNew: 960K->63K(960K), 0.0009428 secs] 517168K->516513K(524224K), 0.0009874 secs] [Times: user=0.00 sys=0.00, real=0.00 secs] 
8.264: [GC (Allocation Failure) 8.265: [DefNew: 959K->64K(960K), 0.0009725 secs] 517475K->516754K(524224K), 0.0010203 secs] [Times: user=0.00 sys=0.00, real=0.00 secs] 
8.269: [GC (Allocation Failure) 8.269: [DefNew: 960K->63K(960K), 0.0008441 secs] 517721K->516989K(524224K), 0.0008784 secs] [Times: user=0.00 sys=0.00, real=0.00 secs] 
8.273: [GC (Allocation Failure) 8.273: [DefNew: 959K->63K(960K), 0.0007513 secs] 517957K->517222K(524224K), 0.0007847 secs] [Times: user=0.00 sys=0.00, real=0.00 secs] 
8.274: [GC (Allocation Failure) 8.275: [DefNew: 959K->63K(960K), 0.0007147 secs] 518189K->517455K(524224K), 0.0007443 secs] [Times: user=0.00 sys=0.00, real=0.00 secs] 
8.278: [GC (Allocation Failure) 8.278: [DefNew: 959K->64K(960K), 0.0007694 secs] 518423K->517686K(524224K), 0.0007995 secs] [Times: user=0.00 sys=0.00, real=0.00 secs] 
8.284: [GC (Allocation Failure) 8.284: [DefNew: 960K->64K(960K), 0.0009257 secs] 518618K->518007K(524224K), 0.0009711 secs] [Times: user=0.00 sys=0.00, real=0.00 secs] 
8.288: [GC (Allocation Failure) 8.288: [DefNew: 960K->64K(960K), 0.0009030 secs] 518978K->518241K(524224K), 0.0009419 secs] [Times: user=0.00 sys=0.00, real=0.00 secs] 
8.291: [GC (Allocation Failure) 8.291: [DefNew: 960K->63K(960K), 0.0007801 secs] 519210K->518475K(524224K), 0.0008121 secs] [Times: user=0.00 sys=0.00, real=0.00 secs] 
8.294: [GC (Allocation Failure) 8.294: [DefNew: 959K->63K(960K), 0.0007801 secs] 519446K->518704K(524224K), 0.0008125 secs] [Times: user=0.00 sys=0.00, real=0.00 secs] 
8.299: [GC (Allocation Failure) 8.299: [DefNew: 959K->63K(960K), 0.0007597 secs] 519670K->518938K(524224K), 0.0008023 secs] [Times: user=0.00 sys=0.00, real=0.00 secs] 
8.303: [GC (Allocation Failure) 8.303: [DefNew: 959K->63K(960K), 0.0009915 secs] 519904K->519179K(524224K), 0.0010449 secs] [Times: user=0.00 sys=0.00, real=0.00 secs] 
8.306: [GC (Allocation Failure) 8.306: [DefNew: 959K->64K(960K), 0.0009581 secs] 520115K->519463K(524224K), 0.0010036 secs] [Times: user=0.00 sys=0.00, real=0.00 secs] 
8.310: [GC (Allocation Failure) 8.310: [DefNew: 960K->64K(960K), 0.0009261 secs] 520418K->519712K(524224K), 0.0009577 secs] [Times: user=0.00 sys=0.00, real=0.00 secs] 
8.312: [GC (Allocation Failure) 8.312: [DefNew: 960K->63K(960K), 0.0007230 secs] 520683K->519940K(524224K), 0.0007508 secs] [Times: user=0.00 sys=0.00, real=0.00 secs] 
8.317: [GC (Allocation Failure) 8.317: [DefNew: 959K->63K(960K), 0.0007230 secs] 520909K->520210K(524224K), 0.0007508 secs] [Times: user=0.00 sys=0.00, real=0.00 secs] 
8.322: [GC (Allocation Failure) 8.322: [DefNew: 959K->64K(960K), 0.0008468 secs] 521179K->520437K(524224K), 0.0008918 secs] [Times: user=0.00 sys=0.00, real=0.00 secs] 
8.325: [GC (Allocation Failure) 8.325: [DefNew: 960K->64K(960K), 0.0007467 secs] 521406K->520665K(524224K), 0.0007838 secs] [Times: user=0.00 sys=0.00, real=0.00 secs] 
8.330: [GC (Allocation Failure) 8.330: [DefNew: 960K->63K(960K), 0.0010472 secs] 521605K->521081K(524224K), 0.0010908 secs] [Times: user=0.00 sys=0.00, real=0.00 secs] 
8.334: [GC (Allocation Failure) 8.334: [DefNew: 959K->64K(960K), 0.0010606 secs] 522043K->521321K(524224K), 0.0010963 secs] [Times: user=0.00 sys=0.00, real=0.00 secs] 
8.336: [GC (Allocation Failure) 8.336: [DefNew: 960K->63K(960K), 0.0007165 secs] 522293K->521546K(524224K), 0.0007425 secs] [Times: user=0.00 sys=0.00, real=0.00 secs] 
8.340: [GC (Allocation Failure) 8.340: [DefNew: 959K->63K(960K), 0.0008111 secs] 522516K->521773K(524224K), 0.0008575 secs] [Times: user=0.01 sys=0.00, real=0.00 secs] 
8.344: [GC (Allocation Failure) 8.344: [DefNew: 959K->63K(960K), 0.0007179 secs] 522739K->522009K(524224K), 0.0007499 secs] [Times: user=0.00 sys=0.00, real=0.00 secs] 
8.349: [GC (Allocation Failure) 8.349: [DefNew: 959K->63K(960K), 0.0009544 secs] 522956K->522310K(524224K), 0.0009999 secs] [Times: user=0.00 sys=0.00, real=0.00 secs] 
8.351: [GC (Allocation Failure) 8.351: [DefNew: 959K->64K(960K), 0.0008014 secs] 523283K->522538K(524224K), 0.0008274 secs] [Times: user=0.00 sys=0.00, real=0.00 secs] 
8.355: [GC (Allocation Failure) 8.355: [DefNew: 960K->64K(960K), 0.0006321 secs] 523509K->522768K(524224K), 0.0006572 secs] [Times: user=0.00 sys=0.00, real=0.00 secs] 
8.359: [GC (Allocation Failure) 8.359: [DefNew: 960K->63K(960K), 0.0007852 secs] 523736K->523005K(524224K), 0.0008209 secs] [Times: user=0.00 sys=0.00, real=0.00 secs] 
8.362: [GC (Allocation Failure) 8.362: [DefNew: 959K->959K(960K), 0.0000102 secs]8.362: [Tenured: 523017K->520346K(523264K), 0.3535352 secs] 523977K->520346K(524224K), [Metaspace: 3488K->3488K(1056768K)], 0.3536016 secs] [Times: user=0.33 sys=0.02, real=0.35 secs] 
8.719: [GC (Allocation Failure) 8.719: [DefNew: 896K->63K(960K), 0.0006038 secs] 521303K->520585K(524224K), 0.0006493 secs] [Times: user=0.00 sys=0.00, real=0.00 secs] 
8.724: [GC (Allocation Failure) 8.724: [DefNew: 959K->64K(960K), 0.0007365 secs] 521554K->520818K(524224K), 0.0007768 secs] [Times: user=0.00 sys=0.00, real=0.00 secs] 
8.726: [GC (Allocation Failure) 8.726: [DefNew: 960K->64K(960K), 0.0012285 secs] 521778K->521063K(524224K), 0.0013074 secs] [Times: user=0.00 sys=0.00, real=0.00 secs] 
8.731: [GC (Allocation Failure) 8.731: [DefNew: 960K->63K(960K), 0.0008209 secs] 522031K->521293K(524224K), 0.0008501 secs] [Times: user=0.00 sys=0.00, real=0.00 secs] 
8.736: [GC (Allocation Failure) 8.736: [DefNew: 959K->63K(960K), 0.0007142 secs] 522265K->521519K(524224K), 0.0007402 secs] [Times: user=0.00 sys=0.00, real=0.00 secs] 
8.740: [GC (Allocation Failure) 8.740: [DefNew: 959K->63K(960K), 0.0007796 secs] 522494K->521743K(524224K), 0.0008209 secs] [Times: user=0.00 sys=0.00, real=0.00 secs] 
8.743: [GC (Allocation Failure) 8.743: [DefNew: 959K->64K(960K), 0.0008431 secs] 522714K->521969K(524224K), 0.0009011 secs] [Times: user=0.00 sys=0.00, real=0.00 secs] 
8.747: [GC (Allocation Failure) 8.747: [DefNew: 960K->64K(960K), 0.0020800 secs] 522933K->522210K(524224K), 0.0021514 secs] [Times: user=0.00 sys=0.00, real=0.00 secs] 
8.752: [GC (Allocation Failure) 8.752: [DefNew: 960K->64K(960K), 0.0009823 secs] 523167K->522455K(524224K), 0.0010259 secs] [Times: user=0.00 sys=0.00, real=0.00 secs] 
8.755: [GC (Allocation Failure) 8.755: [DefNew: 960K->64K(960K), 0.0008158 secs] 523422K->522697K(524224K), 0.0008473 secs] [Times: user=0.00 sys=0.00, real=0.00 secs] 
8.758: [GC (Allocation Failure) 8.758: [DefNew: 960K->63K(960K), 0.0007606 secs] 523660K->522930K(524224K), 0.0007898 secs] [Times: user=0.00 sys=0.00, real=0.00 secs] 
8.761: [GC (Allocation Failure) 8.761: [DefNew: 959K->64K(960K), 0.0007170 secs] 523901K->523156K(524224K), 0.0007425 secs] [Times: user=0.02 sys=0.00, real=0.00 secs] 
8.764: [GC (Allocation Failure) 8.764: [DefNew: 960K->960K(960K), 0.0000102 secs]8.764: [Tenured: 523167K->522910K(523264K), 0.3545569 secs] 524127K->522910K(524224K), [Metaspace: 3488K->3488K(1056768K)], 0.3546237 secs] [Times: user=0.33 sys=0.02, real=0.35 secs] 
9.121: [GC (Allocation Failure) 9.121: [DefNew: 896K->64K(960K), 0.0005857 secs] 523876K->523145K(524224K), 0.0006131 secs] [Times: user=0.00 sys=0.00, real=0.00 secs] 
9.126: [GC (Allocation Failure) 9.126: [DefNew: 960K->960K(960K), 0.0000107 secs]9.126: [Tenured: 523151K->497149K(523264K), 0.4039009 secs] 524111K->497149K(524224K), [Metaspace: 3488K->3488K(1056768K)], 0.4039691 secs] [Times: user=0.41 sys=0.00, real=0.40 secs] 
9.533: [GC (Allocation Failure) 9.533: [DefNew: 896K->63K(960K), 0.0005959 secs] 498110K->497397K(524224K), 0.0006386 secs] [Times: user=0.00 sys=0.00, real=0.00 secs] 
9.535: [GC (Allocation Failure) 9.535: [DefNew: 959K->64K(960K), 0.0007675 secs] 498356K->497649K(524224K), 0.0007926 secs] [Times: user=0.00 sys=0.00, real=0.00 secs] 
9.539: [GC (Allocation Failure) 9.539: [DefNew: 960K->64K(960K), 0.0007861 secs] 498610K->497888K(524224K), 0.0008186 secs] [Times: user=0.00 sys=0.00, real=0.00 secs] 
9.544: [GC (Allocation Failure) 9.544: [DefNew: 960K->63K(960K), 0.0008042 secs] 498856K->498120K(524224K), 0.0008376 secs] [Times: user=0.00 sys=0.00, real=0.00 secs] 
9.547: [GC (Allocation Failure) 9.547: [DefNew: 959K->63K(960K), 0.0008325 secs] 499090K->498350K(524224K), 0.0008765 secs] [Times: user=0.00 sys=0.00, real=0.00 secs] 
9.552: [GC (Allocation Failure) 9.552: [DefNew: 959K->63K(960K), 0.0009094 secs] 499293K->498675K(524224K), 0.0009526 secs] [Times: user=0.00 sys=0.00, real=0.00 secs] 
9.556: [GC (Allocation Failure) 9.556: [DefNew: 959K->64K(960K), 0.0009336 secs] 499645K->498907K(524224K), 0.0009707 secs] [Times: user=0.00 sys=0.00, real=0.00 secs] 
9.559: [GC (Allocation Failure) 9.559: [DefNew: 960K->63K(960K), 0.0008009 secs] 499876K->499141K(524224K), 0.0008329 secs] [Times: user=0.00 sys=0.00, real=0.00 secs] 
9.564: [GC (Allocation Failure) 9.564: [DefNew: 959K->64K(960K), 0.0013324 secs] 500094K->499399K(524224K), 0.0014154 secs] [Times: user=0.00 sys=0.00, real=0.00 secs] 
9.569: [GC (Allocation Failure) 9.569: [DefNew: 960K->63K(960K), 0.0023666 secs] 500345K->499679K(524224K), 0.0024937 secs] [Times: user=0.00 sys=0.00, real=0.00 secs] 
9.573: [GC (Allocation Failure) 9.573: [DefNew: 959K->63K(960K), 0.0009563 secs] 500649K->499915K(524224K), 0.0009906 secs] [Times: user=0.00 sys=0.00, real=0.00 secs] 
9.577: [GC (Allocation Failure) 9.577: [DefNew: 959K->63K(960K), 0.0008761 secs] 500860K->500182K(524224K), 0.0009229 secs] [Times: user=0.00 sys=0.00, real=0.00 secs] 
9.582: [GC (Allocation Failure) 9.582: [DefNew: 959K->63K(960K), 0.0010235 secs] 501137K->500430K(524224K), 0.0010857 secs] [Times: user=0.00 sys=0.00, real=0.00 secs] 
9.584: [GC (Allocation Failure) 9.584: [DefNew: 959K->64K(960K), 0.0008102 secs] 501397K->500658K(524224K), 0.0008394 secs] [Times: user=0.00 sys=0.00, real=0.00 secs] 
9.587: [GC (Allocation Failure) 9.587: [DefNew: 960K->63K(960K), 0.0008672 secs] 501616K->500907K(524224K), 0.0009150 secs] [Times: user=0.00 sys=0.00, real=0.00 secs] 
9.591: [GC (Allocation Failure) 9.591: [DefNew: 959K->63K(960K), 0.0008417 secs] 501869K->501148K(524224K), 0.0008918 secs] [Times: user=0.00 sys=0.00, real=0.00 secs] 
9.594: [GC (Allocation Failure) 9.594: [DefNew: 959K->63K(960K), 0.0011423 secs] 502077K->501511K(524224K), 0.0012128 secs] [Times: user=0.00 sys=0.00, real=0.00 secs] 
9.599: [GC (Allocation Failure) 9.599: [DefNew: 959K->64K(960K), 0.0011501 secs] 502470K->501756K(524224K), 0.0012053 secs] [Times: user=0.00 sys=0.00, real=0.00 secs] 
9.603: [GC (Allocation Failure) 9.603: [DefNew: 960K->64K(960K), 0.0009057 secs] 502711K->502011K(524224K), 0.0009489 secs] [Times: user=0.00 sys=0.00, real=0.00 secs] 
9.607: [GC (Allocation Failure) 9.607: [DefNew: 960K->64K(960K), 0.0007750 secs] 502973K->502247K(524224K), 0.0008056 secs] [Times: user=0.00 sys=0.00, real=0.00 secs] 
9.610: [GC (Allocation Failure) 9.610: [DefNew: 960K->63K(960K), 0.0007184 secs] 503218K->502469K(524224K), 0.0007546 secs] [Times: user=0.00 sys=0.00, real=0.00 secs] 
9.614: [GC (Allocation Failure) 9.614: [DefNew: 959K->63K(960K), 0.0011219 secs] 503427K->502714K(524224K), 0.0012160 secs] [Times: user=0.00 sys=0.00, real=0.00 secs] 
9.618: [GC (Allocation Failure) 9.618: [DefNew: 959K->63K(960K), 0.0013101 secs] 503636K->503294K(524224K), 0.0013533 secs] [Times: user=0.00 sys=0.00, real=0.00 secs] 
9.621: [GC (Allocation Failure) 9.621: [DefNew: 959K->64K(960K), 0.0012304 secs] 504264K->503521K(524224K), 0.0012689 secs] [Times: user=0.00 sys=0.00, real=0.00 secs] 
9.625: [GC (Allocation Failure) 9.625: [DefNew: 960K->63K(960K), 0.0008464 secs] 504485K->503762K(524224K), 0.0008802 secs] [Times: user=0.00 sys=0.00, real=0.00 secs] 
9.630: [GC (Allocation Failure) 9.630: [DefNew: 959K->63K(960K), 0.0008046 secs] 504734K->503986K(524224K), 0.0008394 secs] [Times: user=0.00 sys=0.00, real=0.00 secs] 
9.633: [GC (Allocation Failure) 9.633: [DefNew: 959K->63K(960K), 0.0007392 secs] 504954K->504219K(524224K), 0.0007782 secs] [Times: user=0.00 sys=0.00, real=0.00 secs] 
9.636: [GC (Allocation Failure) 9.636: [DefNew: 959K->64K(960K), 0.0015875 secs] 505162K->504489K(524224K), 0.0016510 secs] [Times: user=0.02 sys=0.00, real=0.00 secs] 
9.642: [GC (Allocation Failure) 9.642: [DefNew: 960K->63K(960K), 0.0008751 secs] 505452K->504729K(524224K), 0.0009136 secs] [Times: user=0.00 sys=0.00, real=0.00 secs] 
9.645: [GC (Allocation Failure) 9.645: [DefNew: 959K->64K(960K), 0.0007290 secs] 505699K->504958K(524224K), 0.0007564 secs] [Times: user=0.00 sys=0.00, real=0.00 secs] 
9.650: [GC (Allocation Failure) 9.650: [DefNew: 960K->63K(960K), 0.0007174 secs] 505919K->505194K(524224K), 0.0007610 secs] [Times: user=0.00 sys=0.00, real=0.00 secs] 
9.653: [GC (Allocation Failure) 9.653: [DefNew: 959K->63K(960K), 0.0007532 secs] 506153K->505463K(524224K), 0.0007898 secs] [Times: user=0.00 sys=0.00, real=0.00 secs] 
9.656: [GC (Allocation Failure) 9.656: [DefNew: 959K->63K(960K), 0.0006966 secs] 506438K->505689K(524224K), 0.0007258 secs] [Times: user=0.00 sys=0.00, real=0.00 secs] 
9.661: [GC (Allocation Failure) 9.661: [DefNew: 959K->64K(960K), 0.0010676 secs] 506626K->506075K(524224K), 0.0011121 secs] [Times: user=0.00 sys=0.00, real=0.00 secs] 
9.666: [GC (Allocation Failure) 9.666: [DefNew: 960K->64K(960K), 0.0009739 secs] 507044K->506308K(524224K), 0.0010180 secs] [Times: user=0.00 sys=0.00, real=0.00 secs] 
9.670: [GC (Allocation Failure) 9.670: [DefNew: 960K->64K(960K), 0.0008417 secs] 507281K->506539K(524224K), 0.0008812 secs] [Times: user=0.00 sys=0.00, real=0.00 secs] 
9.673: [GC (Allocation Failure) 9.673: [DefNew: 960K->64K(960K), 0.0007675 secs] 507509K->506772K(524224K), 0.0007991 secs] [Times: user=0.00 sys=0.00, real=0.00 secs] 
9.678: [GC (Allocation Failure) 9.678: [DefNew: 960K->63K(960K), 0.0008306 secs] 507729K->507032K(524224K), 0.0008677 secs] [Times: user=0.00 sys=0.00, real=0.00 secs] 
9.682: [GC (Allocation Failure) 9.682: [DefNew: 959K->63K(960K), 0.0009173 secs] 507990K->507286K(524224K), 0.0009693 secs] [Times: user=0.00 sys=0.00, real=0.00 secs] 
9.685: [GC (Allocation Failure) 9.685: [DefNew: 959K->63K(960K), 0.0008659 secs] 508251K->507524K(524224K), 0.0009081 secs] [Times: user=0.00 sys=0.00, real=0.00 secs] 
9.690: [GC (Allocation Failure) 9.690: [DefNew: 959K->64K(960K), 0.0008519 secs] 508491K->507758K(524224K), 0.0008960 secs] [Times: user=0.00 sys=0.00, real=0.00 secs] 
9.693: [GC (Allocation Failure) 9.693: [DefNew: 960K->64K(960K), 0.0007174 secs] 508723K->507997K(524224K), 0.0007467 secs] [Times: user=0.00 sys=0.00, real=0.00 secs] 
9.696: [GC (Allocation Failure) 9.696: [DefNew: 960K->63K(960K), 0.0007202 secs] 508968K->508225K(524224K), 0.0007476 secs] [Times: user=0.00 sys=0.00, real=0.00 secs] 
9.701: [GC (Allocation Failure) 9.701: [DefNew: 959K->63K(960K), 0.0007541 secs] 509194K->508460K(524224K), 0.0007972 secs] [Times: user=0.00 sys=0.00, real=0.00 secs] 
9.705: [GC (Allocation Failure) 9.705: [DefNew: 959K->64K(960K), 0.0011984 secs] 509402K->508765K(524224K), 0.0012503 secs] [Times: user=0.00 sys=0.00, real=0.00 secs] 
9.707: [GC (Allocation Failure) 9.707: [DefNew: 960K->63K(960K), 0.0007949 secs] 509736K->508992K(524224K), 0.0008223 secs] [Times: user=0.00 sys=0.00, real=0.00 secs] 
9.711: [GC (Allocation Failure) 9.711: [DefNew: 959K->64K(960K), 0.0007861 secs] 509952K->509233K(524224K), 0.0008172 secs] [Times: user=0.00 sys=0.00, real=0.00 secs] 
9.714: [GC (Allocation Failure) 9.715: [DefNew: 960K->63K(960K), 0.0009113 secs] 510195K->509477K(524224K), 0.0009591 secs] [Times: user=0.02 sys=0.00, real=0.00 secs] 
9.719: [GC (Allocation Failure) 9.719: [DefNew: 959K->63K(960K), 0.0007722 secs] 510448K->509710K(524224K), 0.0008065 secs] [Times: user=0.00 sys=0.00, real=0.00 secs] 
9.722: [GC (Allocation Failure) 9.722: [DefNew: 959K->64K(960K), 0.0007703 secs] 510683K->509938K(524224K), 0.0008070 secs] [Times: user=0.00 sys=0.00, real=0.00 secs] 
9.726: [GC (Allocation Failure) 9.726: [DefNew: 960K->64K(960K), 0.0013881 secs] 510891K->510202K(524224K), 0.0015031 secs] [Times: user=0.00 sys=0.00, real=0.00 secs] 
9.731: [GC (Allocation Failure) 9.731: [DefNew: 960K->63K(960K), 0.0008519 secs] 511160K->510452K(524224K), 0.0008941 secs] [Times: user=0.00 sys=0.00, real=0.00 secs] 
9.735: [GC (Allocation Failure) 9.735: [DefNew: 959K->63K(960K), 0.0009271 secs] 511404K->510709K(524224K), 0.0009781 secs] [Times: user=0.00 sys=0.00, real=0.00 secs] 
9.739: [GC (Allocation Failure) 9.739: [DefNew: 959K->63K(960K), 0.0008288 secs] 511665K->510965K(524224K), 0.0008686 secs] [Times: user=0.00 sys=0.00, real=0.00 secs] 
9.742: [GC (Allocation Failure) 9.742: [DefNew: 959K->63K(960K), 0.0007258 secs] 511933K->511193K(524224K), 0.0007550 secs] [Times: user=0.00 sys=0.00, real=0.00 secs] 
9.744: [GC (Allocation Failure) 9.745: [DefNew: 959K->64K(960K), 0.0007188 secs] 512164K->511417K(524224K), 0.0007457 secs] [Times: user=0.00 sys=0.00, real=0.00 secs] 
9.750: [GC (Allocation Failure) 9.750: [DefNew: 960K->64K(960K), 0.0010175 secs] 512372K->511674K(524224K), 0.0010843 secs] [Times: user=0.00 sys=0.00, real=0.00 secs] 
9.754: [GC (Allocation Failure) 9.754: [DefNew: 960K->64K(960K), 0.0009591 secs] 512619K->511947K(524224K), 0.0010106 secs] [Times: user=0.00 sys=0.00, real=0.00 secs] 
9.756: [GC (Allocation Failure) 9.756: [DefNew: 960K->63K(960K), 0.0008097 secs] 512913K->512180K(524224K), 0.0008371 secs] [Times: user=0.00 sys=0.00, real=0.00 secs] 
9.760: [GC (Allocation Failure) 9.760: [DefNew: 959K->63K(960K), 0.0007833 secs] 513149K->512410K(524224K), 0.0008148 secs] [Times: user=0.00 sys=0.00, real=0.00 secs] 
9.765: [GC (Allocation Failure) 9.765: [DefNew: 959K->63K(960K), 0.0008659 secs] 513378K->512639K(524224K), 0.0009187 secs] [Times: user=0.00 sys=0.00, real=0.00 secs] 
9.769: [GC (Allocation Failure) 9.769: [DefNew: 959K->63K(960K), 0.0013704 secs] 513608K->512912K(524224K), 0.0014340 secs] [Times: user=0.00 sys=0.00, real=0.00 secs] 
9.771: [GC (Allocation Failure) 9.772: [DefNew: 959K->63K(960K), 0.0010157 secs] 513858K->513186K(524224K), 0.0010592 secs] [Times: user=0.00 sys=0.00, real=0.00 secs] 
9.775: [GC (Allocation Failure) 9.775: [DefNew: 959K->63K(960K), 0.0008014 secs] 514147K->513430K(524224K), 0.0008376 secs] [Times: user=0.00 sys=0.00, real=0.00 secs] 
9.780: [GC (Allocation Failure) 9.780: [DefNew: 959K->63K(960K), 0.0008816 secs] 514399K->513662K(524224K), 0.0009299 secs] [Times: user=0.00 sys=0.00, real=0.00 secs] 
9.783: [GC (Allocation Failure) 9.783: [DefNew: 959K->63K(960K), 0.0007448 secs] 514629K->513894K(524224K), 0.0007736 secs] [Times: user=0.00 sys=0.00, real=0.00 secs] 
9.785: [GC (Allocation Failure) 9.785: [DefNew: 959K->63K(960K), 0.0009289 secs] 514840K->514194K(524224K), 0.0009762 secs] [Times: user=0.00 sys=0.00, real=0.00 secs] 
9.789: [GC (Allocation Failure) 9.789: [DefNew: 959K->63K(960K), 0.0008014 secs] 515168K->514419K(524224K), 0.0008292 secs] [Times: user=0.00 sys=0.00, real=0.00 secs] 
9.792: [GC (Allocation Failure) 9.792: [DefNew: 959K->63K(960K), 0.0012206 secs] 515379K->514675K(524224K), 0.0012930 secs] [Times: user=0.00 sys=0.00, real=0.00 secs] 
9.795: [GC (Allocation Failure) 9.795: [DefNew: 959K->63K(960K), 0.0009660 secs] 515604K->514991K(524224K), 0.0010106 secs] [Times: user=0.00 sys=0.00, real=0.00 secs] 
9.800: [GC (Allocation Failure) 9.800: [DefNew: 959K->63K(960K), 0.0009762 secs] 515964K->515224K(524224K), 0.0010170 secs] [Times: user=0.00 sys=0.00, real=0.00 secs] 
9.802: [GC (Allocation Failure) 9.802: [DefNew: 959K->63K(960K), 0.0007643 secs] 516190K->515462K(524224K), 0.0007921 secs] [Times: user=0.00 sys=0.00, real=0.00 secs] 
9.806: [GC (Allocation Failure) 9.806: [DefNew: 959K->63K(960K), 0.0008009 secs] 516420K->515714K(524224K), 0.0008380 secs] [Times: user=0.00 sys=0.00, real=0.00 secs] 
9.810: [GC (Allocation Failure) 9.810: [DefNew: 959K->63K(960K), 0.0007624 secs] 516685K->515945K(524224K), 0.0007940 secs] [Times: user=0.00 sys=0.00, real=0.00 secs] 
9.813: [GC (Allocation Failure) 9.813: [DefNew: 959K->63K(960K), 0.0008459 secs] 516907K->516188K(524224K), 0.0008867 secs] [Times: user=0.00 sys=0.00, real=0.00 secs] 
9.818: [GC (Allocation Failure) 9.818: [DefNew: 959K->63K(960K), 0.0012299 secs] 517112K->516623K(524224K), 0.0012907 secs] [Times: user=0.00 sys=0.00, real=0.00 secs] 
9.823: [GC (Allocation Failure) 9.823: [DefNew: 959K->63K(960K), 0.0011316 secs] 517588K->516861K(524224K), 0.0011752 secs] [Times: user=0.01 sys=0.00, real=0.00 secs] 
9.826: [GC (Allocation Failure) 9.826: [DefNew: 959K->63K(960K), 0.0007481 secs] 517833K->517087K(524224K), 0.0007842 secs] [Times: user=0.00 sys=0.00, real=0.00 secs] 
9.831: [GC (Allocation Failure) 9.831: [DefNew: 959K->63K(960K), 0.0008468 secs] 518053K->517318K(524224K), 0.0008904 secs] [Times: user=0.00 sys=0.00, real=0.00 secs] 
9.835: [GC (Allocation Failure) 9.835: [DefNew: 959K->63K(960K), 0.0007898 secs] 518279K->517576K(524224K), 0.0008311 secs] [Times: user=0.00 sys=0.00, real=0.00 secs] 
9.840: [GC (Allocation Failure) 9.840: [DefNew: 959K->64K(960K), 0.0009642 secs] 518543K->517820K(524224K), 0.0010175 secs] [Times: user=0.00 sys=0.00, real=0.00 secs] 
9.843: [GC (Allocation Failure) 9.843: [DefNew: 960K->64K(960K), 0.0008167 secs] 518780K->518066K(524224K), 0.0008496 secs] [Times: user=0.00 sys=0.00, real=0.00 secs] 
9.846: [GC (Allocation Failure) 9.846: [DefNew: 960K->64K(960K), 0.0008125 secs] 519034K->518292K(524224K), 0.0008431 secs] [Times: user=0.00 sys=0.00, real=0.00 secs] 
9.850: [GC (Allocation Failure) 9.850: [DefNew: 960K->64K(960K), 0.0007722 secs] 519262K->518520K(524224K), 0.0008107 secs] [Times: user=0.00 sys=0.00, real=0.00 secs] 
9.853: [GC (Allocation Failure) 9.853: [DefNew: 960K->63K(960K), 0.0007323 secs] 519493K->518746K(524224K), 0.0007675 secs] [Times: user=0.00 sys=0.00, real=0.00 secs] 
9.859: [GC (Allocation Failure) 9.859: [DefNew: 959K->64K(960K), 0.0013547 secs] 519688K->519132K(524224K), 0.0014493 secs] [Times: user=0.00 sys=0.00, real=0.00 secs] 
9.864: [GC (Allocation Failure) 9.864: [DefNew: 960K->64K(960K), 0.0010611 secs] 520102K->519362K(524224K), 0.0011038 secs] [Times: user=0.00 sys=0.00, real=0.00 secs] 
9.867: [GC (Allocation Failure) 9.867: [DefNew: 960K->64K(960K), 0.0007430 secs] 520332K->519590K(524224K), 0.0007773 secs] [Times: user=0.00 sys=0.00, real=0.00 secs] 
9.871: [GC (Allocation Failure) 9.871: [DefNew: 960K->64K(960K), 0.0008278 secs] 520546K->519842K(524224K), 0.0008714 secs] [Times: user=0.00 sys=0.00, real=0.00 secs] 
9.875: [GC (Allocation Failure) 9.875: [DefNew: 960K->63K(960K), 0.0008788 secs] 520808K->520074K(524224K), 0.0009132 secs] [Times: user=0.00 sys=0.00, real=0.00 secs] 
9.880: [GC (Allocation Failure) 9.880: [DefNew: 959K->63K(960K), 0.0010968 secs] 521042K->520308K(524224K), 0.0011729 secs] [Times: user=0.00 sys=0.00, real=0.00 secs] 
9.883: [GC (Allocation Failure) 9.883: [DefNew: 959K->63K(960K), 0.0008932 secs] 521261K->520567K(524224K), 0.0009354 secs] [Times: user=0.00 sys=0.00, real=0.00 secs] 
9.886: [GC (Allocation Failure) 9.886: [DefNew: 959K->63K(960K), 0.0008807 secs] 521537K->520799K(524224K), 0.0009108 secs] [Times: user=0.02 sys=0.00, real=0.00 secs] 
9.889: [GC (Allocation Failure) 9.889: [DefNew: 959K->63K(960K), 0.0007476 secs] 521770K->521033K(524224K), 0.0007870 secs] [Times: user=0.00 sys=0.00, real=0.00 secs] 
9.892: [GC (Allocation Failure) 9.892: [DefNew: 959K->63K(960K), 0.0008626 secs] 522004K->521263K(524224K), 0.0009016 secs] [Times: user=0.00 sys=0.00, real=0.00 secs] 
9.897: [GC (Allocation Failure) 9.897: [DefNew: 959K->63K(960K), 0.0008756 secs] 522224K->521500K(524224K), 0.0009150 secs] [Times: user=0.00 sys=0.00, real=0.00 secs] 
9.902: [GC (Allocation Failure) 9.902: [DefNew: 959K->63K(960K), 0.0011390 secs] 522453K->521789K(524224K), 0.0012053 secs] [Times: user=0.01 sys=0.00, real=0.00 secs] 
9.905: [GC (Allocation Failure) 9.905: [DefNew: 959K->63K(960K), 0.0010087 secs] 522721K->522075K(524224K), 0.0010532 secs] [Times: user=0.00 sys=0.00, real=0.00 secs] 
9.909: [GC (Allocation Failure) 9.909: [DefNew: 959K->63K(960K), 0.0009206 secs] 523032K->522344K(524224K), 0.0009558 secs] [Times: user=0.00 sys=0.00, real=0.00 secs] 
9.914: [GC (Allocation Failure) 9.914: [DefNew: 959K->64K(960K), 0.0009252 secs] 523314K->522572K(524224K), 0.0009744 secs] [Times: user=0.00 sys=0.00, real=0.00 secs] 
9.917: [GC (Allocation Failure) 9.917: [DefNew: 960K->63K(960K), 0.0008093 secs] 523540K->522804K(524224K), 0.0008403 secs] [Times: user=0.02 sys=0.00, real=0.00 secs] 
9.922: [GC (Allocation Failure) 9.922: [DefNew: 959K->63K(960K), 0.0007550 secs] 523771K->523040K(524224K), 0.0007995 secs] [Times: user=0.00 sys=0.00, real=0.00 secs] 
9.926: [GC (Allocation Failure) 9.926: [DefNew: 959K->959K(960K), 0.0000153 secs]9.926: [Tenured: 523027K->523263K(523264K), 0.3336572 secs] 523987K->523337K(524224K), [Metaspace: 3488K->3488K(1056768K)], 0.3337736 secs] [Times: user=0.33 sys=0.00, real=0.33 secs] 
10.260: [Full GC (Allocation Failure) 10.260: [Tenured: 523263K->523263K(523264K), 0.3182717 secs] 523355K->523341K(524224K), [Metaspace: 3488K->3488K(1056768K)], 0.3183208 secs] [Times: user=0.31 sys=0.01, real=0.32 secs] 
10.578: [Full GC (Allocation Failure) 10.578: [Tenured: 523263K->520170K(523264K), 0.3300310 secs] 523341K->520170K(524224K), [Metaspace: 3488K->3488K(1056768K)], 0.3300778 secs] [Times: user=0.33 sys=0.00, real=0.33 secs] 
10.910: [GC (Allocation Failure) 10.910: [DefNew: 896K->63K(960K), 0.0005830 secs] 521133K->520412K(524224K), 0.0006122 secs] [Times: user=0.00 sys=0.00, real=0.00 secs] 
10.915: [GC (Allocation Failure) 10.915: [DefNew: 959K->64K(960K), 0.0008631 secs] 521353K->520678K(524224K), 0.0009006 secs] [Times: user=0.00 sys=0.00, real=0.00 secs] 
10.918: [GC (Allocation Failure) 10.918: [DefNew: 960K->63K(960K), 0.0007643 secs] 521643K->520911K(524224K), 0.0007972 secs] [Times: user=0.00 sys=0.00, real=0.00 secs] 
10.922: [GC (Allocation Failure) 10.922: [DefNew: 959K->64K(960K), 0.0007263 secs] 521879K->521144K(524224K), 0.0007564 secs] [Times: user=0.00 sys=0.00, real=0.00 secs] 
10.923: [GC (Allocation Failure) 10.923: [DefNew: 960K->64K(960K), 0.0007875 secs] 522117K->521371K(524224K), 0.0008195 secs] [Times: user=0.00 sys=0.00, real=0.00 secs] 
10.927: [GC (Allocation Failure) 10.927: [DefNew: 960K->63K(960K), 0.0009280 secs] 522314K->521648K(524224K), 0.0009716 secs] [Times: user=0.00 sys=0.00, real=0.00 secs] 
10.931: [GC (Allocation Failure) 10.931: [DefNew: 959K->64K(960K), 0.0023281 secs] 522612K->521899K(524224K), 0.0024283 secs] [Times: user=0.00 sys=0.00, real=0.00 secs] 
10.935: [GC (Allocation Failure) 10.935: [DefNew: 960K->63K(960K), 0.0027010 secs] 522812K->522435K(524224K), 0.0027910 secs] [Times: user=0.00 sys=0.00, real=0.00 secs] 
10.942: [GC (Allocation Failure) 10.942: [DefNew: 959K->63K(960K), 0.0043956 secs] 523351K->522977K(524224K), 0.0045180 secs] [Times: user=0.00 sys=0.00, real=0.00 secs] 
10.949: [GC (Allocation Failure) 10.949: [DefNew: 959K->959K(960K), 0.0000297 secs]10.949: [Tenured: 522943K->523263K(523264K), 0.3303199 secs] 523903K->523385K(524224K), [Metaspace: 3488K->3488K(1056768K)], 0.3304581 secs] [Times: user=0.33 sys=0.01, real=0.33 secs] 
11.280: [Full GC (Allocation Failure) 11.280: [Tenured: 523263K->523263K(523264K), 0.3224066 secs] 523440K->523404K(524224K), [Metaspace: 3488K->3488K(1056768K)], 0.3224618 secs] [Times: user=0.30 sys=0.02, real=0.32 secs] 
11.602: [Full GC (Allocation Failure) 11.602: [Tenured: 523263K->523263K(523264K), 0.3193680 secs] 523404K->523404K(524224K), [Metaspace: 3488K->3488K(1056768K)], 0.3194135 secs] [Times: user=0.30 sys=0.03, real=0.32 secs] 
Heap
 def new generation   total 960K, used 167K [0x00000000e0000000, 0x00000000e0100000, 0x00000000e0100000)
  eden space 896K,  18% used [0x00000000e0000000, 0x00000000e0029e30, 0x00000000e00e0000)
  from space 64K,   0% used [0x00000000e00f0000, 0x00000000e00f0000, 0x00000000e0100000)
  to   space 64K,   0% used [0x00000000e00e0000, 0x00000000e00e0000, 0x00000000e00f0000)
 tenured generation   total 523264K, used 523263K [0x00000000e0100000, 0x0000000100000000, 0x0000000100000000)
   the space 523264K,  99% used [0x00000000e0100000, 0x00000000ffffffa8, 0x0000000100000000, 0x0000000100000000)
 Metaspace       used 3520K, capacity 4504K, committed 4864K, reserved 1056768K
  class space    used 390K, capacity 392K, committed 512K, reserved 1048576K
